Component: ARM Compiler 6.16 Tool: armlink [5dfeaa00]

==============================================================================

Section Cross References

    main.o(.text.main) refers to system_stm32f4xx.o(.text.SystemCoreClockUpdate) for SystemCoreClockUpdate
    main.o(.text.main) refers to system_stm32f4xx.o(.data.SystemCoreClock) for SystemCoreClock
    main.o(.text.main) refers to main.o(.text.SysTick_Config) for SysTick_Config
    main.o(.text.main) refers to timer_functions.o(.text.initTimer) for initTimer
    main.o(.text.main) refers to multimeter_functions.o(.text.initPinSelect) for initPinSelect
    main.o(.text.main) refers to led_pb_functions.o(.text.initLEDs) for initLEDs
    main.o(.text.main) refers to led_pb_functions.o(.text.initButton) for initButton
    main.o(.text.main) refers to pb_lcd_drivers.o(.text.PB_LCD_Init) for PB_LCD_Init
    main.o(.text.main) refers to digital_functions.o(.text.initDigitalPins) for initDigitalPins
    main.o(.text.main) refers to multimeter_functions.o(.text.initADC) for initADC
    main.o(.text.main) refers to pb_lcd_drivers.o(.text.PB_LCD_Clear) for PB_LCD_Clear
    main.o(.text.main) refers to multimeter_functions.o(.text.OutputValue) for OutputValue
    main.o(.text.main) refers to timer_functions.o(.text.waitInterval) for waitInterval
    main.o(.ARM.exidx.text.main) refers to main.o(.text.main) for [Anonymous Symbol]
    main.o(.text.SysTick_Config) refers to main.o(.text.__NVIC_SetPriority) for __NVIC_SetPriority
    main.o(.ARM.exidx.text.SysTick_Config) refers to main.o(.text.SysTick_Config) for [Anonymous Symbol]
    main.o(.ARM.exidx.text.__NVIC_SetPriority) refers to main.o(.text.__NVIC_SetPriority) for [Anonymous Symbol]
    pb_lcd_drivers.o(.ARM.exidx.text.PB_LCD_Set_As_Output) refers to pb_lcd_drivers.o(.text.PB_LCD_Set_As_Output) for [Anonymous Symbol]
    pb_lcd_drivers.o(.ARM.exidx.text.PB_LCD_Set_As_Input) refers to pb_lcd_drivers.o(.text.PB_LCD_Set_As_Input) for [Anonymous Symbol]
    pb_lcd_drivers.o(.text.PB_LCD_Microdelay) refers to system_stm32f4xx.o(.data.SystemCoreClock) for SystemCoreClock
    pb_lcd_drivers.o(.ARM.exidx.text.PB_LCD_Microdelay) refers to pb_lcd_drivers.o(.text.PB_LCD_Microdelay) for [Anonymous Symbol]
    pb_lcd_drivers.o(.text.PB_LCD_IsBusy) refers to pb_lcd_drivers.o(.text.PB_LCD_Set_As_Input) for PB_LCD_Set_As_Input
    pb_lcd_drivers.o(.text.PB_LCD_IsBusy) refers to pb_lcd_drivers.o(.text.PB_LCD_Microdelay) for PB_LCD_Microdelay
    pb_lcd_drivers.o(.text.PB_LCD_IsBusy) refers to pb_lcd_drivers.o(.text.PB_LCD_Set_As_Output) for PB_LCD_Set_As_Output
    pb_lcd_drivers.o(.ARM.exidx.text.PB_LCD_IsBusy) refers to pb_lcd_drivers.o(.text.PB_LCD_IsBusy) for [Anonymous Symbol]
    pb_lcd_drivers.o(.text.PB_LCD_Write) refers to pb_lcd_drivers.o(.text.PB_LCD_Microdelay) for PB_LCD_Microdelay
    pb_lcd_drivers.o(.ARM.exidx.text.PB_LCD_Write) refers to pb_lcd_drivers.o(.text.PB_LCD_Write) for [Anonymous Symbol]
    pb_lcd_drivers.o(.text.PB_LCD_Init) refers to pb_lcd_drivers.o(.text.PB_LCD_Set_As_Output) for PB_LCD_Set_As_Output
    pb_lcd_drivers.o(.text.PB_LCD_Init) refers to pb_lcd_drivers.o(.text.PB_LCD_IsBusy) for PB_LCD_IsBusy
    pb_lcd_drivers.o(.text.PB_LCD_Init) refers to pb_lcd_drivers.o(.text.PB_LCD_Microdelay) for PB_LCD_Microdelay
    pb_lcd_drivers.o(.text.PB_LCD_Init) refers to pb_lcd_drivers.o(.text.PB_LCD_Write) for PB_LCD_Write
    pb_lcd_drivers.o(.ARM.exidx.text.PB_LCD_Init) refers to pb_lcd_drivers.o(.text.PB_LCD_Init) for [Anonymous Symbol]
    pb_lcd_drivers.o(.text.PB_LCD_Clear) refers to pb_lcd_drivers.o(.text.PB_LCD_IsBusy) for PB_LCD_IsBusy
    pb_lcd_drivers.o(.text.PB_LCD_Clear) refers to pb_lcd_drivers.o(.text.PB_LCD_Write) for PB_LCD_Write
    pb_lcd_drivers.o(.ARM.exidx.text.PB_LCD_Clear) refers to pb_lcd_drivers.o(.text.PB_LCD_Clear) for [Anonymous Symbol]
    pb_lcd_drivers.o(.text.PB_LCD_GoToXY) refers to pb_lcd_drivers.o(.text.PB_LCD_IsBusy) for PB_LCD_IsBusy
    pb_lcd_drivers.o(.text.PB_LCD_GoToXY) refers to pb_lcd_drivers.o(.text.PB_LCD_Write) for PB_LCD_Write
    pb_lcd_drivers.o(.ARM.exidx.text.PB_LCD_GoToXY) refers to pb_lcd_drivers.o(.text.PB_LCD_GoToXY) for [Anonymous Symbol]
    pb_lcd_drivers.o(.text.PB_LCD_WriteChar) refers to pb_lcd_drivers.o(.text.PB_LCD_IsBusy) for PB_LCD_IsBusy
    pb_lcd_drivers.o(.text.PB_LCD_WriteChar) refers to pb_lcd_drivers.o(.text.PB_LCD_Write) for PB_LCD_Write
    pb_lcd_drivers.o(.ARM.exidx.text.PB_LCD_WriteChar) refers to pb_lcd_drivers.o(.text.PB_LCD_WriteChar) for [Anonymous Symbol]
    pb_lcd_drivers.o(.text.PB_LCD_WriteString) refers to pb_lcd_drivers.o(.text.PB_LCD_Write) for PB_LCD_Write
    pb_lcd_drivers.o(.text.PB_LCD_WriteString) refers to pb_lcd_drivers.o(.text.PB_LCD_IsBusy) for PB_LCD_IsBusy
    pb_lcd_drivers.o(.ARM.exidx.text.PB_LCD_WriteString) refers to pb_lcd_drivers.o(.text.PB_LCD_WriteString) for [Anonymous Symbol]
[...]
    ../clib/printf.c                         0x00000000   Number         0  __printf_flags_wp.o ABSOLUTE
    ../clib/printf.c                         0x00000000   Number         0  __printf_ss_wp.o ABSOLUTE
    ../clib/printf.c                         0x00000000   Number         0  __printf_flags_ss_wp.o ABSOLUTE
    ../clib/printf.c                         0x00000000   Number         0  _printf_fp_dec.o ABSOLUTE
    ../clib/printf.c                         0x00000000   Number         0  _printf_fp_dec_accurate.o ABSOLUTE
    ../clib/printf.c                         0x00000000   Number         0  _printf_fp_hex.o ABSOLUTE
    ../clib/printf.c                         0x00000000   Number         0  _printf_char_common.o ABSOLUTE
    ../clib/printf.c                         0x00000000   Number         0  _sputc.o ABSOLUTE
    ../clib/printf.c                         0x00000000   Number         0  _snputc.o ABSOLUTE
    ../clib/printf.c                         0x00000000   Number         0  _printf_fp_infnan.o ABSOLUTE
    ../clib/printf.c                         0x00000000   Number         0  __printf_nopercent.o ABSOLUTE
    ../clib/printf_percent.s                 0x00000000   Number         0  _printf_f.o ABSOLUTE
    ../clib/printf_percent.s                 0x00000000   Number         0  _printf_e.o ABSOLUTE
    ../clib/printf_percent.s                 0x00000000   Number         0  _printf_g.o ABSOLUTE
    ../clib/printf_percent.s                 0x00000000   Number         0  _printf_a.o ABSOLUTE
    ../clib/printf_percent.s                 0x00000000   Number         0  _printf_percent.o ABSOLUTE
    ../clib/printf_percent.s                 0x00000000   Number         0  _printf_percent_end.o ABSOLUTE
    ../clib/signal.c                         0x00000000   Number         0  defsig_rtmem_outer.o ABSOLUTE
    ../clib/signal.c                         0x00000000   Number         0  defsig_rtmem_formal.o ABSOLUTE
    ../clib/signal.c                         0x00000000   Number         0  defsig_exit.o ABSOLUTE
    ../clib/signal.c                         0x00000000   Number         0  defsig_fpe_outer.o ABSOLUTE
    ../clib/signal.c                         0x00000000   Number         0  defsig_fpe_formal.o ABSOLUTE
    ../clib/signal.c                         0x00000000   Number         0  defsig_rtmem_inner.o ABSOLUTE
    ../clib/signal.c                         0x00000000   Number         0  __raise.o ABSOLUTE
    ../clib/signal.c                         0x00000000   Number         0  defsig_general.o ABSOLUTE
    ../clib/signal.c                         0x00000000   Number         0  defsig_fpe_inner.o ABSOLUTE
    ../clib/signal.c                         0x00000000   Number         0  defsig_abrt_inner.o ABSOLUTE
    ../clib/signal.c                         0x00000000   Number         0  defsig_rtred_inner.o ABSOLUTE
    ../clib/signal.c                         0x00000000   Number         0  defsig_stak_inner.o ABSOLUTE
    ../clib/signal.c                         0x00000000   Number         0  defsig_pvfn_inner.o ABSOLUTE
    ../clib/signal.c                         0x00000000   Number         0  defsig_cppl_inner.o ABSOLUTE
    ../clib/signal.c                         0x00000000   Number         0  defsig_segv_inner.o ABSOLUTE
    ../clib/signal.c                         0x00000000   Number         0  defsig_other.o ABSOLUTE
    ../clib/signal.s                         0x00000000   Number         0  defsig.o ABSOLUTE
    ../clib/stdlib.c                         0x00000000   Number         0  exit.o ABSOLUTE
    ../fplib/d2f.s                           0x00000000   Number         0  d2f.o ABSOLUTE
    ../fplib/daddsub.s                       0x00000000   Number         0  daddsub_clz.o ABSOLUTE
    ../fplib/ddiv.s                          0x00000000   Number         0  ddiv.o ABSOLUTE
    ../fplib/dflt.s                          0x00000000   Number         0  dflt_clz.o ABSOLUTE
    ../fplib/dmul.s                          0x00000000   Number         0  dmul.o ABSOLUTE
    ../fplib/dnaninf.s                       0x00000000   Number         0  dnaninf.o ABSOLUTE
    ../fplib/dretinf.s                       0x00000000   Number         0  dretinf.o ABSOLUTE
    ../fplib/dsqrt.s                         0x00000000   Number         0  dsqrt_umaal.o ABSOLUTE
    ../fplib/f2d.s                           0x00000000   Number         0  f2d.o ABSOLUTE
    ../fplib/fnaninf.s                       0x00000000   Number         0  fnaninf.o ABSOLUTE
    ../fplib/fpinit.s                        0x00000000   Number         0  fpinit.o ABSOLUTE
    ../fplib/fretinf.s                       0x00000000   Number         0  fretinf.o ABSOLUTE
    ../fplib/istatus.s                       0x00000000   Number         0  istatus.o ABSOLUTE
    ../fplib/printf1.s                       0x00000000   Number         0  printf1.o ABSOLUTE
    ../fplib/printf2.s                       0x00000000   Number         0  printf2.o ABSOLUTE
    ../fplib/printf2a.s                      0x00000000   Number         0  printf2a.o ABSOLUTE
    ../fplib/printf2b.s                      0x00000000   Number         0  printf2b.o ABSOLUTE
    ../fplib/usenofp.s                       0x00000000   Number         0  usenofp.o ABSOLUTE
    ../mathlib/fpclassify.c                  0x00000000   Number         0  fpclassify.o ABSOLUTE
    ../mathlib/sqrt.c                        0x00000000   Number         0  sqrt.o ABSOLUTE
    LED_F4Discovery.c                        0x00000000   Number         0  led_f4discovery.o ABSOLUTE
    LED_PB_functions.c                       0x00000000   Number         0  led_pb_functions.o ABSOLUTE
    PB_LCD_Drivers.c                         0x00000000   Number         0  pb_lcd_drivers.o ABSOLUTE
    RTE/Device/STM32F407VGTx/startup_stm32f407xx.s 0x00000000   Number         0  startup_stm32f407xx.o ABSOLUTE
    dc.s                                     0x00000000   Number         0  dc.o ABSOLUTE
    digital_functions.c                      0x00000000   Number         0  digital_functions.o ABSOLUTE
    main.c                                   0x00000000   Number         0  main.o ABSOLUTE
    math_functions.c                         0x00000000   Number         0  math_functions.o ABSOLUTE
    multimeter_functions.c                   0x00000000   Number         0  multimeter_functions.o ABSOLUTE
    random_functions.c                       0x00000000   Number         0  random_functions.o ABSOLUTE
    stm32f4xx_hal.c                          0x00000000   Number         0  stm32f4xx_hal.o ABSOLUTE
    stm32f4xx_hal_cortex.c                   0x00000000   Number         0  stm32f4xx_hal_cortex.o ABSOLUTE
    stm32f4xx_hal_gpio.c                     0x00000000   Number         0  stm32f4xx_hal_gpio.o ABSOLUTE
    stm32f4xx_hal_pwr.c                      0x00000000   Number         0  stm32f4xx_hal_pwr.o ABSOLUTE
    stm32f4xx_hal_pwr_ex.c                   0x00000000   Number         0  stm32f4xx_hal_pwr_ex.o ABSOLUTE
    stm32f4xx_hal_rcc.c                      0x00000000   Number         0  stm32f4xx_hal_rcc.o ABSOLUTE
    stm32f4xx_hal_rcc_ex.c                   0x00000000   Number         0  stm32f4xx_hal_rcc_ex.o ABSOLUTE
    stm32f4xx_hal_rng.c                      0x00000000   Number         0  stm32f4xx_hal_rng.o ABSOLUTE
    system_stm32f4xx.c                       0x00000000   Number         0  system_stm32f4xx.o ABSOLUTE
    timer_functions.c                        0x00000000   Number         0  timer_functions.o ABSOLUTE
    RESET                                    0x08000000   Section      392  startup_stm32f407xx.o(RESET)
    !!!main                                  0x08000188   Section        8  __main.o(!!!main)
    !!!scatter                               0x08000190   Section       52  __scatter.o(!!!scatter)
    !!handler_copy                           0x080001c4   Section       26  __scatter_copy.o(!!handler_copy)
    !!handler_zi                             0x080001e0   Section       28  __scatter_zi.o(!!handler_zi)
    .ARM.Collect$$_printf_percent$$00000000  0x080001fc   Section        0  _printf_percent.o(.ARM.Collect$$_printf_percent$$00000000)
    .ARM.Collect$$_printf_percent$$00000003  0x080001fc   Section        6  _printf_f.o(.ARM.Collect$$_printf_percent$$00000003)
    .ARM.Collect$$_printf_percent$$00000004  0x08000202   Section        6  _printf_e.o(.ARM.Collect$$_printf_percent$$00000004)
    .ARM.Collect$$_printf_percent$$00000005  0x08000208   Section        6  _printf_g.o(.ARM.Collect$$_printf_percent$$00000005)
    .ARM.Collect$$_printf_percent$$00000006  0x0800020e   Section        6  _printf_a.o(.ARM.Collect$$_printf_percent$$00000006)
    .ARM.Collect$$_printf_percent$$00000017  0x08000214   Section        4  _printf_percent_end.o(.ARM.Collect$$_printf_percent$$00000017)
    .ARM.Collect$$libinit$$00000000          0x08000218   Section        2  libinit.o(.ARM.Collect$$libinit$$00000000)
    .ARM.Collect$$libinit$$00000001          0x0800021a   Section        4  libinit2.o(.ARM.Collect$$libinit$$00000001)
    .ARM.Collect$$libinit$$00000004          0x0800021e   Section        0  libinit2.o(.ARM.Collect$$libinit$$00000004)
    .ARM.Collect$$libinit$$00000005          0x0800021e   Section        8  libinit2.o(.ARM.Collect$$libinit$$00000005)
    .ARM.Collect$$libinit$$0000000A          0x08000226   Section        0  libinit2.o(.ARM.Collect$$libinit$$0000000A)
    .ARM.Collect$$libinit$$0000000C          0x08000226   Section        0  libinit2.o(.ARM.Collect$$libinit$$0000000C)
    .ARM.Collect$$libinit$$0000000E          0x08000226   Section        0  libinit2.o(.ARM.Collect$$libinit$$0000000E)
    .ARM.Collect$$libinit$$0000000F          0x08000226   Section        6  libinit2.o(.ARM.Collect$$libinit$$0000000F)
    .ARM.Collect$$libinit$$00000011          0x0800022c   Section        0  libinit2.o(.ARM.Collect$$libinit$$00000011)
    .ARM.Collect$$libinit$$00000013          0x0800022c   Section        0  libinit2.o(.ARM.Collect$$libinit$$00000013)
    .ARM.Collect$$libinit$$00000015          0x0800022c   Section        0  libinit2.o(.ARM.Collect$$libinit$$00000015)
    .ARM.Collect$$libinit$$00000016          0x0800022c   Section       10  libinit2.o(.ARM.Collect$$libinit$$00000016)
    .ARM.Collect$$libinit$$00000017          0x08000236   Section        0  libinit2.o(.ARM.Collect$$libinit$$00000017)
    .ARM.Collect$$libinit$$00000019          0x08000236   Section        0  libinit2.o(.ARM.Collect$$libinit$$00000019)
    .ARM.Collect$$libinit$$0000001B          0x08000236   Section        0  libinit2.o(.ARM.Collect$$libinit$$0000001B)
    .ARM.Collect$$libinit$$0000001D          0x08000236   Section        0  libinit2.o(.ARM.Collect$$libinit$$0000001D)
    .ARM.Collect$$libinit$$0000001F          0x08000236   Section        0  libinit2.o(.ARM.Collect$$libinit$$0000001F)
    .ARM.Collect$$libinit$$00000021          0x08000236   Section        0  libinit2.o(.ARM.Collect$$libinit$$00000021)
    .ARM.Collect$$libinit$$00000023          0x08000236   Section        0  libinit2.o(.ARM.Collect$$libinit$$00000023)
    .ARM.Collect$$libinit$$00000025          0x08000236   Section        0  libinit2.o(.ARM.Collect$$libinit$$00000025)
    .ARM.Collect$$libinit$$0000002C          0x08000236   Section        0  libinit2.o(.ARM.Collect$$libinit$$0000002C)
    .ARM.Collect$$libinit$$0000002E          0x08000236   Section        0  libinit2.o(.ARM.Collect$$libinit$$0000002E)
    .ARM.Collect$$libinit$$00000030          0x08000236   Section        0  libinit2.o(.ARM.Collect$$libinit$$00000030)
    .ARM.Collect$$libinit$$00000032          0x08000236   Section        0  libinit2.o(.ARM.Collect$$libinit$$00000032)
    .ARM.Collect$$libinit$$00000033          0x08000236   Section        2  libinit2.o(.ARM.Collect$$libinit$$00000033)
    .ARM.Collect$$libshutdown$$00000000      0x08000238   Section        2  libshutdown.o(.ARM.Collect$$libshutdown$$00000000)
    .ARM.Collect$$libshutdown$$00000002      0x0800023a   Section        0  libshutdown2.o(.ARM.Collect$$libshutdown$$00000002)
    .ARM.Collect$$libshutdown$$00000004      0x0800023a   Section        0  libshutdown2.o(.ARM.Collect$$libshutdown$$00000004)
    .ARM.Collect$$libshutdown$$00000007      0x0800023a   Section        0  libshutdown2.o(.ARM.Collect$$libshutdown$$00000007)
    .ARM.Collect$$libshutdown$$0000000A      0x0800023a   Section        0  libshutdown2.o(.ARM.Collect$$libshutdown$$0000000A)
    .ARM.Collect$$libshutdown$$0000000C      0x0800023a   Section        0  libshutdown2.o(.ARM.Collect$$libshutdown$$0000000C)
    .ARM.Collect$$libshutdown$$0000000F      0x0800023a   Section        0  libshutdown2.o(.ARM.Collect$$libshutdown$$0000000F)
    .ARM.Collect$$libshutdown$$00000010      0x0800023a   Section        2  libshutdown2.o(.ARM.Collect$$libshutdown$$00000010)
    .ARM.Collect$$rtentry$$00000000          0x0800023c   Section        0  __rtentry.o(.ARM.Collect$$rtentry$$00000000)
    .ARM.Collect$$rtentry$$00000002          0x0800023c   Section        0  __rtentry2.o(.ARM.Collect$$rtentry$$00000002)
    .ARM.Collect$$rtentry$$00000004          0x0800023c   Section        6  __rtentry4.o(.ARM.Collect$$rtentry$$00000004)
    .ARM.Collect$$rtentry$$00000009          0x08000242   Section        0  __rtentry2.o(.ARM.Collect$$rtentry$$00000009)
    .ARM.Collect$$rtentry$$0000000A          0x08000242   Section        4  __rtentry2.o(.ARM.Collect$$rtentry$$0000000A)
    .ARM.Collect$$rtentry$$0000000C          0x08000246   Section        0  __rtentry2.o(.ARM.Collect$$rtentry$$0000000C)
    .ARM.Collect$$rtentry$$0000000D          0x08000246   Section        8  __rtentry2.o(.ARM.Collect$$rtentry$$0000000D)
    .ARM.Collect$$rtexit$$00000000           0x0800024e   Section        2  rtexit.o(.ARM.Collect$$rtexit$$00000000)
    .ARM.Collect$$rtexit$$00000002           0x08000250   Section        0  rtexit2.o(.ARM.Collect$$rtexit$$00000002)
    .ARM.Collect$$rtexit$$00000003           0x08000250   Section        4  rtexit2.o(.ARM.Collect$$rtexit$$00000003)
    .ARM.Collect$$rtexit$$00000004           0x08000254   Section        6  rtexit2.o(.ARM.Collect$$rtexit$$00000004)
    $v0                                      0x0800025c   Number         0  startup_stm32f407xx.o(.text)
    .text                                    0x0800025c   Section       64  startup_stm32f407xx.o(.text)
    .text                                    0x0800029c   Section        0  h1_alloc.o(.text)
    .text                                    0x080002fa   Section        0  h1_free.o(.text)
    .text                                    0x08000348   Section        0  noretval__2snprintf.o(.text)
    .text                                    0x0800037c   Section        0  _printf_pad.o(.text)
    .text                                    0x080003cc   Section        0  __printf_flags_ss_wp.o(.text)
    .text                                    0x08000554   Section        0  heapauxi.o(.text)
    .text                                    0x0800055c   Section        8  rt_heap_descriptor_intlibspace.o(.text)
    .text                                    0x08000564   Section        0  hguard.o(.text)
    .text                                    0x08000568   Section        0  init_alloc.o(.text)
    .text                                    0x080005f2   Section        0  h1_init.o(.text)
    .text                                    0x08000600   Section        0  _rserrno.o(.text)
    _fp_digits                               0x08000617   Thumb Code   432  _printf_fp_dec.o(.text)
    .text                                    0x08000616   Section        0  _printf_fp_dec.o(.text)
    .text                                    0x08000a34   Section        0  _printf_fp_hex.o(.text)
    _printf_input_char                       0x08000d31   Thumb Code    10  _printf_char_common.o(.text)
    .text                                    0x08000d30   Section        0  _printf_char_common.o(.text)
    .text                                    0x08000d60   Section        0  _sputc.o(.text)
    .text                                    0x08000d6a   Section        0  _snputc.o(.text)
    .text                                    0x08000d7c   Section        8  libspace.o(.text)
    .text                                    0x08000d84   Section        8  rt_locale_intlibspace.o(.text)
    .text                                    0x08000d8c   Section        8  rt_errno_addr_intlibspace.o(.text)
    .text                                    0x08000d94   Section        0  maybetermalloc1.o(.text)
    .text                                    0x08000d94   Section        0  h1_extend.o(.text)
    .text                                    0x08000dc8   Section      138  lludiv10.o(.text)
    .text                                    0x08000e54   Section        0  _printf_fp_infnan.o(.text)
    .text                                    0x08000ed4   Section        0  bigflt0.o(.text)
    .text                                    0x08000fb8   Section        0  defsig_rtmem_outer.o(.text)
    .text                                    0x08000fc6   Section        2  use_no_semi.o(.text)
    .text                                    0x08000fc8   Section        0  indicate_semi.o(.text)
    .text                                    0x08000fc8   Section       74  sys_stackheap_outer.o(.text)
    .text                                    0x08001012   Section        0  exit.o(.text)
    .text                                    0x08001024   Section        0  defsig_exit.o(.text)
    .text                                    0x08001030   Section        0  defsig_rtmem_inner.o(.text)
    .text                                    0x08001080   Section      124  strcmpv7em.o(.text)
    .text                                    0x080010fc   Section        0  sys_exit.o(.text)
    .text                                    0x08001108   Section        0  defsig_general.o(.text)
    .text                                    0x0800113a   Section        0  sys_wrch.o(.text)
    [Anonymous Symbol]                       0x08001148   Section        0  multimeter_functions.o(.text.ACVoltage)
    [Anonymous Symbol]                       0x080011b8   Section        0  multimeter_functions.o(.text.DCVoltage)
    [Anonymous Symbol]                       0x08001220   Section        0  led_pb_functions.o(.text.EXTI0_IRQHandler)
    [Anonymous Symbol]                       0x08001254   Section        0  math_functions.o(.text.MeanAverage)
    [Anonymous Symbol]                       0x08001280   Section        0  multimeter_functions.o(.text.OutputValue)
    [Anonymous Symbol]                       0x08001448   Section        0  pb_lcd_drivers.o(.text.PB_LCD_Clear)
    [Anonymous Symbol]                       0x08001460   Section        0  pb_lcd_drivers.o(.text.PB_LCD_GoToXY)
    [Anonymous Symbol]                       0x08001498   Section        0  pb_lcd_drivers.o(.text.PB_LCD_Init)
    [Anonymous Symbol]                       0x0800159c   Section        0  pb_lcd_drivers.o(.text.PB_LCD_IsBusy)
    [Anonymous Symbol]                       0x08001624   Section        0  pb_lcd_drivers.o(.text.PB_LCD_Microdelay)
    [Anonymous Symbol]                       0x08001670   Section        0  pb_lcd_drivers.o(.text.PB_LCD_Set_As_Input)
    [Anonymous Symbol]                       0x08001694   Section        0  pb_lcd_drivers.o(.text.PB_LCD_Set_As_Output)
    [Anonymous Symbol]                       0x080016d8   Section        0  pb_lcd_drivers.o(.text.PB_LCD_Write)
    [Anonymous Symbol]                       0x08001744   Section        0  pb_lcd_drivers.o(.text.PB_LCD_WriteString)
    [Anonymous Symbol]                       0x08001778   Section        0  math_functions.o(.text.RMSAverage)
    SysTick_Config                           0x080017b1   Thumb Code    36  main.o(.text.SysTick_Config)
    [Anonymous Symbol]                       0x080017b0   Section        0  main.o(.text.SysTick_Config)
    [Anonymous Symbol]                       0x080017d4   Section        0  timer_functions.o(.text.SysTick_Handler)
    [Anonymous Symbol]                       0x080017e4   Section        0  system_stm32f4xx.o(.text.SystemCoreClockUpdate)
    [Anonymous Symbol]                       0x08001864   Section        0  system_stm32f4xx.o(.text.SystemInit)
    __NVIC_EnableIRQ                         0x08001879   Thumb Code    14  led_pb_functions.o(.text.__NVIC_EnableIRQ)
    [Anonymous Symbol]                       0x08001878   Section        0  led_pb_functions.o(.text.__NVIC_EnableIRQ)
    __NVIC_SetPriority                       0x08001889   Thumb Code    14  main.o(.text.__NVIC_SetPriority)
    [Anonymous Symbol]                       0x08001888   Section        0  main.o(.text.__NVIC_SetPriority)
    __NVIC_SetPriority                       0x08001899   Thumb Code    14  led_pb_functions.o(.text.__NVIC_SetPriority)
    [Anonymous Symbol]                       0x08001898   Section        0  led_pb_functions.o(.text.__NVIC_SetPriority)
    [Anonymous Symbol]                       0x080018a8   Section        0  multimeter_functions.o(.text.changeVoltageRange)
    [Anonymous Symbol]                       0x08001a7c   Section        0  multimeter_functions.o(.text.checkIfInRange)
    [Anonymous Symbol]                       0x08001b1c   Section        0  multimeter_functions.o(.text.initADC)
    [Anonymous Symbol]                       0x08001b94   Section        0  led_pb_functions.o(.text.initButton)
    [Anonymous Symbol]                       0x08001be8   Section        0  digital_functions.o(.text.initDigitalPins)
    [Anonymous Symbol]                       0x08001c44   Section        0  led_pb_functions.o(.text.initLEDs)
    [Anonymous Symbol]                       0x08001c68   Section        0  multimeter_functions.o(.text.initPinSelect)
    [Anonymous Symbol]                       0x08001c8c   Section        0  timer_functions.o(.text.initTimer)
    [Anonymous Symbol]                       0x08001ce4   Section        0  main.o(.text.main)
    [Anonymous Symbol]                       0x08001d30   Section        0  math_functions.o(.text.map)
    [Anonymous Symbol]                       0x08001d4c   Section        0  digital_functions.o(.text.setHigh)
    [Anonymous Symbol]                       0x08001d5c   Section        0  digital_functions.o(.text.setLow)
    [Anonymous Symbol]                       0x08001d6c   Section        0  multimeter_functions.o(.text.switchMode)
    [Anonymous Symbol]                       0x08001db4   Section        0  multimeter_functions.o(.text.waitForADCAndRead)
    [Anonymous Symbol]                       0x08001ddc   Section        0  timer_functions.o(.text.waitInterval)
    CL$$btod_d2e                             0x08001df2   Section       62  btod.o(CL$$btod_d2e)
    CL$$btod_d2e_denorm_low                  0x08001e30   Section       70  btod.o(CL$$btod_d2e_denorm_low)
    CL$$btod_d2e_norm_op1                    0x08001e76   Section       96  btod.o(CL$$btod_d2e_norm_op1)
    CL$$btod_div_common                      0x08001ed8   Section      824  btod.o(CL$$btod_div_common)
    CL$$btod_e2e                             0x08002210   Section      220  btod.o(CL$$btod_e2e)
    CL$$btod_ediv                            0x080022ec   Section       42  btod.o(CL$$btod_ediv)
    CL$$btod_emul                            0x08002316   Section       42  btod.o(CL$$btod_emul)
    CL$$btod_mult_common                     0x08002340   Section      580  btod.o(CL$$btod_mult_common)
    i.__ARM_fpclassify                       0x08002584   Section        0  fpclassify.o(i.__ARM_fpclassify)
    i.__hardfp_sqrt                          0x080025b4   Section        0  sqrt.o(i.__hardfp_sqrt)
    i._is_digit                              0x0800262e   Section        0  __printf_wp.o(i._is_digit)
    locale$$code                             0x0800263c   Section       44  lc_numeric_c.o(locale$$code)
    $v0                                      0x08002668   Number         0  d2f.o(x$fpl$d2f)
    x$fpl$d2f                                0x08002668   Section       98  d2f.o(x$fpl$d2f)
    $v0                                      0x080026cc   Number         0  daddsub_clz.o(x$fpl$dadd)
    x$fpl$dadd                               0x080026cc   Section      336  daddsub_clz.o(x$fpl$dadd)
    _dadd1                                   0x080026dd   Thumb Code     0  daddsub_clz.o(x$fpl$dadd)
    $v0                                      0x0800281c   Number         0  ddiv.o(x$fpl$ddiv)
    x$fpl$ddiv                               0x0800281c   Section      692  ddiv.o(x$fpl$ddiv)
    ddiv_entry                               0x08002823   Thumb Code     0  ddiv.o(x$fpl$ddiv)
    $v0                                      0x08002ad0   Number         0  dflt_clz.o(x$fpl$dflt)
    x$fpl$dflt                               0x08002ad0   Section       46  dflt_clz.o(x$fpl$dflt)
    $v0                                      0x08002afe   Number         0  dflt_clz.o(x$fpl$dfltu)
    x$fpl$dfltu                              0x08002afe   Section       38  dflt_clz.o(x$fpl$dfltu)
    $v0                                      0x08002b24   Number         0  dmul.o(x$fpl$dmul)
    x$fpl$dmul                               0x08002b24   Section      340  dmul.o(x$fpl$dmul)
    $v0                                      0x08002c78   Number         0  dnaninf.o(x$fpl$dnaninf)
    x$fpl$dnaninf                            0x08002c78   Section      156  dnaninf.o(x$fpl$dnaninf)
    $v0                                      0x08002d14   Number         0  dretinf.o(x$fpl$dretinf)
    x$fpl$dretinf                            0x08002d14   Section       12  dretinf.o(x$fpl$dretinf)
    $v0                                      0x08002d20   Number         0  dsqrt_umaal.o(x$fpl$dsqrt)
    x$fpl$dsqrt                              0x08002d20   Section      408  dsqrt_umaal.o(x$fpl$dsqrt)
    $v0                                      0x08002eb8   Number         0  daddsub_clz.o(x$fpl$dsub)
    x$fpl$dsub                               0x08002eb8   Section      476  daddsub_clz.o(x$fpl$dsub)
    _dsub1                                   0x08002ec9   Thumb Code     0  daddsub_clz.o(x$fpl$dsub)
    $v0                                      0x08003094   Number         0  f2d.o(x$fpl$f2d)
    x$fpl$f2d                                0x08003094   Section       86  f2d.o(x$fpl$f2d)
    $v0                                      0x080030ea   Number         0  fnaninf.o(x$fpl$fnaninf)
    x$fpl$fnaninf                            0x080030ea   Section      140  fnaninf.o(x$fpl$fnaninf)
    $v0                                      0x08003176   Number         0  fpinit.o(x$fpl$fpinit)
    x$fpl$fpinit                             0x08003176   Section       26  fpinit.o(x$fpl$fpinit)
    $v0                                      0x08003190   Number         0  fretinf.o(x$fpl$fretinf)
    x$fpl$fretinf                            0x08003190   Section       10  fretinf.o(x$fpl$fretinf)
    $v0                                      0x0800319a   Number         0  printf1.o(x$fpl$printf1)
    x$fpl$printf1                            0x0800319a   Section        4  printf1.o(x$fpl$printf1)
    $v0                                      0x0800319e   Number         0  printf2.o(x$fpl$printf2)
    x$fpl$printf2                            0x0800319e   Section        4  printf2.o(x$fpl$printf2)
    maptable                                 0x080031a2   Data          17  __printf_flags_ss_wp.o(.constdata)
    .constdata                               0x080031a2   Section       17  __printf_flags_ss_wp.o(.constdata)
    x$fpl$usenofp                            0x080031a2   Section        0  usenofp.o(x$fpl$usenofp)
    lc_hextab                                0x080031b3   Data          19  _printf_fp_hex.o(.constdata)
    .constdata                               0x080031b3   Section       38  _printf_fp_hex.o(.constdata)
    uc_hextab                                0x080031c6   Data          19  _printf_fp_hex.o(.constdata)
    tenpwrs_x                                0x080031dc   Data          60  bigflt0.o(.constdata)
    .constdata                               0x080031dc   Section      148  bigflt0.o(.constdata)
    tenpwrs_i                                0x08003218   Data          64  bigflt0.o(.constdata)
    .L.str.6                                 0x08003280   Data           7  multimeter_functions.o(.rodata.str1.1)
    [Anonymous Symbol]                       0x08003280   Section        0  multimeter_functions.o(.rodata.str1.1)
    locale$$data                             0x080032a8   Section       28  lc_numeric_c.o(locale$$data)
    __lcnum_c_name                           0x080032ac   Data           2  lc_numeric_c.o(locale$$data)
    __lcnum_c_start                          0x080032b4   Data           0  lc_numeric_c.o(locale$$data)
    __lcnum_c_point                          0x080032c0   Data           0  lc_numeric_c.o(locale$$data)
    __lcnum_c_thousands                      0x080032c2   Data           0  lc_numeric_c.o(locale$$data)
    __lcnum_c_grouping                       0x080032c3   Data           0  lc_numeric_c.o(locale$$data)
    __lcnum_c_end                            0x080032c4   Data           0  lc_numeric_c.o(locale$$data)
    .bss                                     0x20000008   Section       96  libspace.o(.bss)
    debounce_counter                         0x20000074   Data           4  led_pb_functions.o(.bss.debounce_counter)
    [Anonymous Symbol]                       0x20000074   Section        0  led_pb_functions.o(.bss.debounce_counter)
    Heap_Mem                                 0x20000090   Data         512  startup_stm32f407xx.o(HEAP)
    HEAP                                     0x20000090   Section      512  startup_stm32f407xx.o(HEAP)
    Stack_Mem                                0x20000290   Data        1024  startup_stm32f407xx.o(STACK)
    STACK                                    0x20000290   Section     1024  startup_stm32f407xx.o(STACK)
    __initial_sp                             0x20000690   Data           0  startup_stm32f407xx.o(STACK)

    Global Symbols

    Symbol Name                              Value     Ov Type        Size  Object(Section)

    BuildAttributes$$THM_ISAv4$E$P$D$K$B$S$7EM$VFPi3$EXTD16$VFPS$VFMA$PE$A:L22UL41UL21$X:L11$S22US41US21$IEEE1$IW$~IW$USESV6$~STKCKD$USESV7$~SHL$OTIME$ROPI$IEEEJ$EBA8$UX$STANDARDLIB$REQ8$PRES8$EABIv2 0x00000000   Number         0  anon$$obj.o ABSOLUTE
    _printf_flags                            0x00000000   Number         0  printf_stubs.o ABSOLUTE
    _printf_return_value                     0x00000000   Number         0  printf_stubs.o ABSOLUTE
    _printf_sizespec                         0x00000000   Number         0  printf_stubs.o ABSOLUTE
    _printf_widthprec                        0x00000000   Number         0  printf_stubs.o ABSOLUTE
    __ARM_exceptions_init                     - Undefined Weak Reference
    __alloca_initialize                       - Undefined Weak Reference
    __arm_preinit_                            - Undefined Weak Reference
    __cpp_initialize__aeabi_                  - Undefined Weak Reference
    __cxa_finalize                            - Undefined Weak Reference
    __sigvec_lookup                           - Undefined Weak Reference
    __user_heap_extent                        - Undefined Weak Reference
    _atexit_init                              - Undefined Weak Reference
    _call_atexit_fns                          - Undefined Weak Reference
    _clock_init                               - Undefined Weak Reference
    _fp_trap_init                             - Undefined Weak Reference
    _fp_trap_shutdown                         - Undefined Weak Reference
    _get_lc_collate                           - Undefined Weak Reference
    _get_lc_ctype                             - Undefined Weak Reference
    _get_lc_monetary                          - Undefined Weak Reference
    _get_lc_time                              - Undefined Weak Reference
    _getenv_init                              - Undefined Weak Reference
    _handle_redirection                       - Undefined Weak Reference
    _initio                                   - Undefined Weak Reference
    _mutex_acquire                            - Undefined Weak Reference
    _mutex_free                               - Undefined Weak Reference
    _mutex_release                            - Undefined Weak Reference
    _rand_init                                - Undefined Weak Reference
    _signal_finish                            - Undefined Weak Reference
    _signal_init                              - Undefined Weak Reference
    _terminateio                              - Undefined Weak Reference
    __Vectors_Size                           0x00000188   Number         0  startup_stm32f407xx.o ABSOLUTE
    __Vectors                                0x08000000   Data           4  startup_stm32f407xx.o(RESET)
    __Vectors_End                            0x08000188   Data           0  startup_stm32f407xx.o(RESET)
    __main                                   0x08000189   Thumb Code     8  __main.o(!!!main)
    __scatterload                            0x08000191   Thumb Code     0  __scatter.o(!!!scatter)
    __scatterload_rt2                        0x08000191   Thumb Code    44  __scatter.o(!!!scatter)
    __scatterload_rt2_thumb_only             0x08000191   Thumb Code     0  __scatter.o(!!!scatter)
    __scatterload_null                       0x0800019f   Thumb Code     0  __scatter.o(!!!scatter)
    __scatterload_copy                       0x080001c5   Thumb Code    26  __scatter_copy.o(!!handler_copy)
    __scatterload_zeroinit                   0x080001e1   Thumb Code    28  __scatter_zi.o(!!handler_zi)
    _printf_f                                0x080001fd   Thumb Code     0  _printf_f.o(.ARM.Collect$$_printf_percent$$00000003)
    _printf_percent                          0x080001fd   Thumb Code     0  _printf_percent.o(.ARM.Collect$$_printf_percent$$00000000)
    _printf_e                                0x08000203   Thumb Code     0  _printf_e.o(.ARM.Collect$$_printf_percent$$00000004)
    _printf_g                                0x08000209   Thumb Code     0  _printf_g.o(.ARM.Collect$$_printf_percent$$00000005)
    _printf_a                                0x0800020f   Thumb Code     0  _printf_a.o(.ARM.Collect$$_printf_percent$$00000006)
    _printf_percent_end                      0x08000215   Thumb Code     0  _printf_percent_end.o(.ARM.Collect$$_printf_percent$$00000017)
    __rt_lib_init                            0x08000219   Thumb Code     0  libinit.o(.ARM.Collect$$libinit$$00000000)
    __rt_lib_init_fp_1                       0x0800021b   Thumb Code     0  libinit2.o(.ARM.Collect$$libinit$$00000001)
    __rt_lib_init_heap_2                     0x0800021f   Thumb Code     0  libinit2.o(.ARM.Collect$$libinit$$00000005)
    __rt_lib_init_preinit_1                  0x0800021f   Thumb Code     0  libinit2.o(.ARM.Collect$$libinit$$00000004)
    __rt_lib_init_heap_1                     0x08000227   Thumb Code     0  libinit2.o(.ARM.Collect$$libinit$$0000000A)
    __rt_lib_init_lc_common                  0x08000227   Thumb Code     0  libinit2.o(.ARM.Collect$$libinit$$0000000F)
    __rt_lib_init_rand_1                     0x08000227   Thumb Code     0  libinit2.o(.ARM.Collect$$libinit$$0000000E)
    __rt_lib_init_user_alloc_1               0x08000227   Thumb Code     0  libinit2.o(.ARM.Collect$$libinit$$0000000C)
    __rt_lib_init_lc_collate_1               0x0800022d   Thumb Code     0  libinit2.o(.ARM.Collect$$libinit$$00000011)
    __rt_lib_init_lc_ctype_1                 0x0800022d   Thumb Code     0  libinit2.o(.ARM.Collect$$libinit$$00000013)
    __rt_lib_init_lc_monetary_1              0x0800022d   Thumb Code     0  libinit2.o(.ARM.Collect$$libinit$$00000015)
    __rt_lib_init_lc_numeric_2               0x0800022d   Thumb Code     0  libinit2.o(.ARM.Collect$$libinit$$00000016)
    __rt_lib_init_alloca_1                   0x08000237   Thumb Code     0  libinit2.o(.ARM.Collect$$libinit$$0000002E)
    __rt_lib_init_argv_1                     0x08000237   Thumb Code     0  libinit2.o(.ARM.Collect$$libinit$$0000002C)
    __rt_lib_init_atexit_1                   0x08000237   Thumb Code     0  libinit2.o(.ARM.Collect$$libinit$$0000001B)
    __rt_lib_init_clock_1                    0x08000237   Thumb Code     0  libinit2.o(.ARM.Collect$$libinit$$00000021)
    __rt_lib_init_cpp_1                      0x08000237   Thumb Code     0  libinit2.o(.ARM.Collect$$libinit$$00000032)
    __rt_lib_init_exceptions_1               0x08000237   Thumb Code     0  libinit2.o(.ARM.Collect$$libinit$$00000030)
    __rt_lib_init_fp_trap_1                  0x08000237   Thumb Code     0  libinit2.o(.ARM.Collect$$libinit$$0000001F)
    __rt_lib_init_getenv_1                   0x08000237   Thumb Code     0  libinit2.o(.ARM.Collect$$libinit$$00000023)
    __rt_lib_init_lc_numeric_1               0x08000237   Thumb Code     0  libinit2.o(.ARM.Collect$$libinit$$00000017)
    __rt_lib_init_lc_time_1                  0x08000237   Thumb Code     0  libinit2.o(.ARM.Collect$$libinit$$00000019)
    __rt_lib_init_return                     0x08000237   Thumb Code     0  libinit2.o(.ARM.Collect$$libinit$$00000033)
    __rt_lib_init_signal_1                   0x08000237   Thumb Code     0  libinit2.o(.ARM.Collect$$libinit$$0000001D)
    __rt_lib_init_stdio_1                    0x08000237   Thumb Code     0  libinit2.o(.ARM.Collect$$libinit$$00000025)
    __rt_lib_shutdown                        0x08000239   Thumb Code     0  libshutdown.o(.ARM.Collect$$libshutdown$$00000000)
    __rt_lib_shutdown_cpp_1                  0x0800023b   Thumb Code     0  libshutdown2.o(.ARM.Collect$$libshutdown$$00000002)
    __rt_lib_shutdown_fp_trap_1              0x0800023b   Thumb Code     0  libshutdown2.o(.ARM.Collect$$libshutdown$$00000007)
    __rt_lib_shutdown_heap_1                 0x0800023b   Thumb Code     0  libshutdown2.o(.ARM.Collect$$libshutdown$$0000000F)
    __rt_lib_shutdown_return                 0x0800023b   Thumb Code     0  libshutdown2.o(.ARM.Collect$$libshutdown$$00000010)
    __rt_lib_shutdown_signal_1               0x0800023b   Thumb Code     0  libshutdown2.o(.ARM.Collect$$libshutdown$$0000000A)
    __rt_lib_shutdown_stdio_1                0x0800023b   Thumb Code     0  libshutdown2.o(.ARM.Collect$$libshutdown$$00000004)
    __rt_lib_shutdown_user_alloc_1           0x0800023b   Thumb Code     0  libshutdown2.o(.ARM.Collect$$libshutdown$$0000000C)
    __rt_entry                               0x0800023d   Thumb Code     0  __rtentry.o(.ARM.Collect$$rtentry$$00000000)
    __rt_entry_presh_1                       0x0800023d   Thumb Code     0  __rtentry2.o(.ARM.Collect$$rtentry$$00000002)
    __rt_entry_sh                            0x0800023d   Thumb Code     0  __rtentry4.o(.ARM.Collect$$rtentry$$00000004)
    __rt_entry_li                            0x08000243   Thumb Code     0  __rtentry2.o(.ARM.Collect$$rtentry$$0000000A)
    __rt_entry_postsh_1                      0x08000243   Thumb Code     0  __rtentry2.o(.ARM.Collect$$rtentry$$00000009)
    __rt_entry_main                          0x08000247   Thumb Code     0  __rtentry2.o(.ARM.Collect$$rtentry$$0000000D)
    __rt_entry_postli_1                      0x08000247   Thumb Code     0  __rtentry2.o(.ARM.Collect$$rtentry$$0000000C)
    __rt_exit                                0x0800024f   Thumb Code     0  rtexit.o(.ARM.Collect$$rtexit$$00000000)
    __rt_exit_ls                             0x08000251   Thumb Code     0  rtexit2.o(.ARM.Collect$$rtexit$$00000003)
    __rt_exit_prels_1                        0x08000251   Thumb Code     0  rtexit2.o(.ARM.Collect$$rtexit$$00000002)
    __rt_exit_exit                           0x08000255   Thumb Code     0  rtexit2.o(.ARM.Collect$$rtexit$$00000004)
    Reset_Handler                            0x0800025d   Thumb Code     8  startup_stm32f407xx.o(.text)
    NMI_Handler                              0x08000265   Thumb Code     2  startup_stm32f407xx.o(.text)
    HardFault_Handler                        0x08000267   Thumb Code     2  startup_stm32f407xx.o(.text)
    MemManage_Handler                        0x08000269   Thumb Code     2  startup_stm32f407xx.o(.text)
    BusFault_Handler                         0x0800026b   Thumb Code     2  startup_stm32f407xx.o(.text)
    UsageFault_Handler                       0x0800026d   Thumb Code     2  startup_stm32f407xx.o(.text)
    SVC_Handler                              0x0800026f   Thumb Code     2  startup_stm32f407xx.o(.text)
    DebugMon_Handler                         0x08000271   Thumb Code     2  startup_stm32f407xx.o(.text)
    PendSV_Handler                           0x08000273   Thumb Code     2  startup_stm32f407xx.o(.text)
    ADC_IRQHandler                           0x08000277   Thumb Code     0  startup_stm32f407xx.o(.text)
    CAN1_RX0_IRQHandler                      0x08000277   Thumb Code     0  startup_stm32f407xx.o(.text)
    CAN1_RX1_IRQHandler                      0x08000277   Thumb Code     0  startup_stm32f407xx.o(.text)
    CAN1_SCE_IRQHandler                      0x08000277   Thumb Code     0  startup_stm32f407xx.o(.text)
    CAN1_TX_IRQHandler                       0x08000277   Thumb Code     0  startup_stm32f407xx.o(.text)
    CAN2_RX0_IRQHandler                      0x08000277   Thumb Code     0  startup_stm32f407xx.o(.text)
    CAN2_RX1_IRQHandler                      0x08000277   Thumb Code     0  startup_stm32f407xx.o(.text)
    CAN2_SCE_IRQHandler                      0x08000277   Thumb Code     0  startup_stm32f407xx.o(.text)
    CAN2_TX_IRQHandler                       0x08000277   Thumb Code     0  startup_stm32f407xx.o(.text)
    DCMI_IRQHandler                          0x08000277   Thumb Code     0  startup_stm32f407xx.o(.text)
    DMA1_Stream0_IRQHandler                  0x08000277   Thumb Code     0  startup_stm32f407xx.o(.text)
    DMA1_Stream1_IRQHandler                  0x08000277   Thumb Code     0  startup_stm32f407xx.o(.text)
    DMA1_Stream2_IRQHandler                  0x08000277   Thumb Code     0  startup_stm32f407xx.o(.text)
    DMA1_Stream3_IRQHandler                  0x08000277   Thumb Code     0  startup_stm32f407xx.o(.text)
    DMA1_Stream4_IRQHandler                  0x08000277   Thumb Code     0  startup_stm32f407xx.o(.text)
    DMA1_Stream5_IRQHandler                  0x08000277   Thumb Code     0  startup_stm32f407xx.o(.text)
    DMA1_Stream6_IRQHandler                  0x08000277   Thumb Code     0  startup_stm32f407xx.o(.text)
    DMA1_Stream7_IRQHandler                  0x08000277   Thumb Code     0  startup_stm32f407xx.o(.text)
    DMA2_Stream0_IRQHandler                  0x08000277   Thumb Code     0  startup_stm32f407xx.o(.text)
    DMA2_Stream1_IRQHandler                  0x08000277   Thumb Code     0  startup_stm32f407xx.o(.text)
    DMA2_Stream2_IRQHandler                  0x08000277   Thumb Code     0  startup_stm32f407xx.o(.text)
    DMA2_Stream3_IRQHandler                  0x08000277   Thumb Code     0  startup_stm32f407xx.o(.text)
    DMA2_Stream4_IRQHandler                  0x08000277   Thumb Code     0  startup_stm32f407xx.o(.text)
    DMA2_Stream5_IRQHandler                  0x08000277   Thumb Code     0  startup_stm32f407xx.o(.text)
    DMA2_Stream6_IRQHandler                  0x08000277   Thumb Code     0  startup_stm32f407xx.o(.text)
    DMA2_Stream7_IRQHandler                  0x08000277   Thumb Code     0  startup_stm32f407xx.o(.text)
    ETH_IRQHandler                           0x08000277   Thumb Code     0  startup_stm32f407xx.o(.text)
    ETH_WKUP_IRQHandler                      0x08000277   Thumb Code     0  startup_stm32f407xx.o(.text)
    EXTI15_10_IRQHandler                     0x08000277   Thumb Code     0  startup_stm32f407xx.o(.text)
    EXTI1_IRQHandler                         0x08000277   Thumb Code     0  startup_stm32f407xx.o(.text)
    EXTI2_IRQHandler                         0x08000277   Thumb Code     0  startup_stm32f407xx.o(.text)
    EXTI3_IRQHandler                         0x08000277   Thumb Code     0  startup_stm32f407xx.o(.text)
    EXTI4_IRQHandler                         0x08000277   Thumb Code     0  startup_stm32f407xx.o(.text)
    EXTI9_5_IRQHandler                       0x08000277   Thumb Code     0  startup_stm32f407xx.o(.text)
    FLASH_IRQHandler                         0x08000277   Thumb Code     0  startup_stm32f407xx.o(.text)
    FMC_IRQHandler                           0x08000277   Thumb Code     0  startup_stm32f407xx.o(.text)
    FPU_IRQHandler                           0x08000277   Thumb Code     0  startup_stm32f407xx.o(.text)
    HASH_RNG_IRQHandler                      0x08000277   Thumb Code     0  startup_stm32f407xx.o(.text)
    I2C1_ER_IRQHandler                       0x08000277   Thumb Code     0  startup_stm32f407xx.o(.text)
    I2C1_EV_IRQHandler                       0x08000277   Thumb Code     0  startup_stm32f407xx.o(.text)
    I2C2_ER_IRQHandler                       0x08000277   Thumb Code     0  startup_stm32f407xx.o(.text)
    I2C2_EV_IRQHandler                       0x08000277   Thumb Code     0  startup_stm32f407xx.o(.text)
    I2C3_ER_IRQHandler                       0x08000277   Thumb Code     0  startup_stm32f407xx.o(.text)
    I2C3_EV_IRQHandler                       0x08000277   Thumb Code     0  startup_stm32f407xx.o(.text)
    OTG_FS_IRQHandler                        0x08000277   Thumb Code     0  startup_stm32f407xx.o(.text)
    OTG_FS_WKUP_IRQHandler                   0x08000277   Thumb Code     0  startup_stm32f407xx.o(.text)
    OTG_HS_EP1_IN_IRQHandler                 0x08000277   Thumb Code     0  startup_stm32f407xx.o(.text)
    OTG_HS_EP1_OUT_IRQHandler                0x08000277   Thumb Code     0  startup_stm32f407xx.o(.text)
    OTG_HS_IRQHandler                        0x08000277   Thumb Code     0  startup_stm32f407xx.o(.text)
    OTG_HS_WKUP_IRQHandler                   0x08000277   Thumb Code     0  startup_stm32f407xx.o(.text)
    PVD_IRQHandler                           0x08000277   Thumb Code     0  startup_stm32f407xx.o(.text)
    RCC_IRQHandler                           0x08000277   Thumb Code     0  startup_stm32f407xx.o(.text)
    RTC_Alarm_IRQHandler                     0x08000277   Thumb Code     0  startup_stm32f407xx.o(.text)
    RTC_WKUP_IRQHandler                      0x08000277   Thumb Code     0  startup_stm32f407xx.o(.text)
    SDIO_IRQHandler                          0x08000277   Thumb Code     0  startup_stm32f407xx.o(.text)
    SPI1_IRQHandler                          0x08000277   Thumb Code     0  startup_stm32f407xx.o(.text)
    SPI2_IRQHandler                          0x08000277   Thumb Code     0  startup_stm32f407xx.o(.text)
    SPI3_IRQHandler                          0x08000277   Thumb Code     0  startup_stm32f407xx.o(.text)
    TAMP_STAMP_IRQHandler                    0x08000277   Thumb Code     0  startup_stm32f407xx.o(.text)
    TIM1_BRK_TIM9_IRQHandler                 0x08000277   Thumb Code     0  startup_stm32f407xx.o(.text)
    TIM1_CC_IRQHandler                       0x08000277   Thumb Code     0  startup_stm32f407xx.o(.text)
    TIM1_TRG_COM_TIM11_IRQHandler            0x08000277   Thumb Code     0  startup_stm32f407xx.o(.text)
    TIM1_UP_TIM10_IRQHandler                 0x08000277   Thumb Code     0  startup_stm32f407xx.o(.text)
    TIM2_IRQHandler                          0x08000277   Thumb Code     0  startup_stm32f407xx.o(.text)
    TIM3_IRQHandler                          0x08000277   Thumb Code     0  startup_stm32f407xx.o(.text)
    TIM4_IRQHandler                          0x08000277   Thumb Code     0  startup_stm32f407xx.o(.text)
    TIM5_IRQHandler                          0x08000277   Thumb Code     0  startup_stm32f407xx.o(.text)
    TIM6_DAC_IRQHandler                      0x08000277   Thumb Code     0  startup_stm32f407xx.o(.text)
    TIM7_IRQHandler                          0x08000277   Thumb Code     0  startup_stm32f407xx.o(.text)
    TIM8_BRK_TIM12_IRQHandler                0x08000277   Thumb Code     0  startup_stm32f407xx.o(.text)
    TIM8_CC_IRQHandler                       0x08000277   Thumb Code     0  startup_stm32f407xx.o(.text)
    TIM8_TRG_COM_TIM14_IRQHandler            0x08000277   Thumb Code     0  startup_stm32f407xx.o(.text)
    TIM8_UP_TIM13_IRQHandler                 0x08000277   Thumb Code     0  startup_stm32f407xx.o(.text)
    UART4_IRQHandler                         0x08000277   Thumb Code     0  startup_stm32f407xx.o(.text)
    UART5_IRQHandler                         0x08000277   Thumb Code     0  startup_stm32f407xx.o(.text)
    USART1_IRQHandler                        0x08000277   Thumb Code     0  startup_stm32f407xx.o(.text)
    USART2_IRQHandler                        0x08000277   Thumb Code     0  startup_stm32f407xx.o(.text)
    USART3_IRQHandler                        0x08000277   Thumb Code     0  startup_stm32f407xx.o(.text)
    USART6_IRQHandler                        0x08000277   Thumb Code     0  startup_stm32f407xx.o(.text)
    WWDG_IRQHandler                          0x08000277   Thumb Code     0  startup_stm32f407xx.o(.text)
    __user_initial_stackheap                 0x08000279   Thumb Code     0  startup_stm32f407xx.o(.text)
    malloc                                   0x0800029d   Thumb Code    94  h1_alloc.o(.text)
    free                                     0x080002fb   Thumb Code    78  h1_free.o(.text)
    __2snprintf                              0x08000349   Thumb Code    48  noretval__2snprintf.o(.text)
    _printf_pre_padding                      0x0800037d   Thumb Code    44  _printf_pad.o(.text)
    _printf_post_padding                     0x080003a9   Thumb Code    34  _printf_pad.o(.text)
    __printf                                 0x080003cd   Thumb Code   388  __printf_flags_ss_wp.o(.text)
    __use_two_region_memory                  0x08000555   Thumb Code     2  heapauxi.o(.text)
    __rt_heap_escrow                         0x08000557   Thumb Code     2  heapauxi.o(.text)
    __rt_heap_expand                         0x08000559   Thumb Code     2  heapauxi.o(.text)
    __rt_heap_descriptor                     0x0800055d   Thumb Code     8  rt_heap_descriptor_intlibspace.o(.text)
    __use_no_heap                            0x08000565   Thumb Code     2  hguard.o(.text)
    __heap$guard                             0x08000567   Thumb Code     2  hguard.o(.text)
    _terminate_user_alloc                    0x08000569   Thumb Code     2  init_alloc.o(.text)
    _init_user_alloc                         0x0800056b   Thumb Code     2  init_alloc.o(.text)
    __Heap_Full                              0x0800056d   Thumb Code    34  init_alloc.o(.text)
    __Heap_Broken                            0x0800058f   Thumb Code     6  init_alloc.o(.text)
    _init_alloc                              0x08000595   Thumb Code    94  init_alloc.o(.text)
    __Heap_Initialize                        0x080005f3   Thumb Code    10  h1_init.o(.text)
    __Heap_DescSize                          0x080005fd   Thumb Code     4  h1_init.o(.text)
    __read_errno                             0x08000601   Thumb Code    10  _rserrno.o(.text)
    __set_errno                              0x0800060b   Thumb Code    12  _rserrno.o(.text)
    _printf_fp_dec_real                      0x080007c7   Thumb Code   620  _printf_fp_dec.o(.text)
    _printf_fp_hex_real                      0x08000a35   Thumb Code   756  _printf_fp_hex.o(.text)
    _printf_char_common                      0x08000d3b   Thumb Code    32  _printf_char_common.o(.text)
    _sputc                                   0x08000d61   Thumb Code    10  _sputc.o(.text)
    _snputc                                  0x08000d6b   Thumb Code    16  _snputc.o(.text)
    __user_libspace                          0x08000d7d   Thumb Code     8  libspace.o(.text)
    __user_perproc_libspace                  0x08000d7d   Thumb Code     0  libspace.o(.text)
    __user_perthread_libspace                0x08000d7d   Thumb Code     0  libspace.o(.text)
    __rt_locale                              0x08000d85   Thumb Code     8  rt_locale_intlibspace.o(.text)
    __aeabi_errno_addr                       0x08000d8d   Thumb Code     8  rt_errno_addr_intlibspace.o(.text)
    __errno$intlibspace                      0x08000d8d   Thumb Code     0  rt_errno_addr_intlibspace.o(.text)
    __rt_errno_addr$intlibspace              0x08000d8d   Thumb Code     0  rt_errno_addr_intlibspace.o(.text)
    __Heap_ProvideMemory                     0x08000d95   Thumb Code    52  h1_extend.o(.text)
    _maybe_terminate_alloc                   0x08000d95   Thumb Code     0  maybetermalloc1.o(.text)
    _ll_udiv10                               0x08000dc9   Thumb Code   138  lludiv10.o(.text)
    _printf_fp_infnan                        0x08000e55   Thumb Code   112  _printf_fp_infnan.o(.text)
    _btod_etento                             0x08000ed5   Thumb Code   224  bigflt0.o(.text)
    __rt_SIGRTMEM                            0x08000fb9   Thumb Code    14  defsig_rtmem_outer.o(.text)
    __I$use$semihosting                      0x08000fc7   Thumb Code     0  use_no_semi.o(.text)
    __use_no_semihosting_swi                 0x08000fc7   Thumb Code     2  use_no_semi.o(.text)
    __semihosting_library_function           0x08000fc9   Thumb Code     0  indicate_semi.o(.text)
    __user_setup_stackheap                   0x08000fc9   Thumb Code    74  sys_stackheap_outer.o(.text)
    exit                                     0x08001013   Thumb Code    18  exit.o(.text)
    __sig_exit                               0x08001025   Thumb Code    10  defsig_exit.o(.text)
    __rt_SIGRTMEM_inner                      0x08001031   Thumb Code    22  defsig_rtmem_inner.o(.text)
    strcmp                                   0x08001081   Thumb Code   124  strcmpv7em.o(.text)
    _sys_exit                                0x080010fd   Thumb Code     8  sys_exit.o(.text)
    __default_signal_display                 0x08001109   Thumb Code    50  defsig_general.o(.text)
    _ttywrch                                 0x0800113b   Thumb Code    14  sys_wrch.o(.text)
    ACVoltage                                0x08001149   Thumb Code   112  multimeter_functions.o(.text.ACVoltage)
    DCVoltage                                0x080011b9   Thumb Code   104  multimeter_functions.o(.text.DCVoltage)
    EXTI0_IRQHandler                         0x08001221   Thumb Code    50  led_pb_functions.o(.text.EXTI0_IRQHandler)
    MeanAverage                              0x08001255   Thumb Code    44  math_functions.o(.text.MeanAverage)
    OutputValue                              0x08001281   Thumb Code   376  multimeter_functions.o(.text.OutputValue)
    PB_LCD_Clear                             0x08001449   Thumb Code    22  pb_lcd_drivers.o(.text.PB_LCD_Clear)
    PB_LCD_GoToXY                            0x08001461   Thumb Code    54  pb_lcd_drivers.o(.text.PB_LCD_GoToXY)
    PB_LCD_Init                              0x08001499   Thumb Code   260  pb_lcd_drivers.o(.text.PB_LCD_Init)
    PB_LCD_IsBusy                            0x0800159d   Thumb Code   134  pb_lcd_drivers.o(.text.PB_LCD_IsBusy)
    PB_LCD_Microdelay                        0x08001625   Thumb Code    76  pb_lcd_drivers.o(.text.PB_LCD_Microdelay)
    PB_LCD_Set_As_Input                      0x08001671   Thumb Code    34  pb_lcd_drivers.o(.text.PB_LCD_Set_As_Input)
    PB_LCD_Set_As_Output                     0x08001695   Thumb Code    68  pb_lcd_drivers.o(.text.PB_LCD_Set_As_Output)
    PB_LCD_Write                             0x080016d9   Thumb Code   108  pb_lcd_drivers.o(.text.PB_LCD_Write)
    PB_LCD_WriteString                       0x08001745   Thumb Code    52  pb_lcd_drivers.o(.text.PB_LCD_WriteString)
    RMSAverage                               0x08001779   Thumb Code    56  math_functions.o(.text.RMSAverage)
    SysTick_Handler                          0x080017d5   Thumb Code    16  timer_functions.o(.text.SysTick_Handler)
    SystemCoreClockUpdate                    0x080017e5   Thumb Code   126  system_stm32f4xx.o(.text.SystemCoreClockUpdate)
    SystemInit                               0x08001865   Thumb Code    18  system_stm32f4xx.o(.text.SystemInit)
    changeVoltageRange                       0x080018a9   Thumb Code   466  multimeter_functions.o(.text.changeVoltageRange)
    checkIfInRange                           0x08001a7d   Thumb Code   160  multimeter_functions.o(.text.checkIfInRange)
    initADC                                  0x08001b1d   Thumb Code   118  multimeter_functions.o(.text.initADC)
    initButton                               0x08001b95   Thumb Code    82  led_pb_functions.o(.text.initButton)
    initDigitalPins                          0x08001be9   Thumb Code    90  digital_functions.o(.text.initDigitalPins)
    initLEDs                                 0x08001c45   Thumb Code    36  led_pb_functions.o(.text.initLEDs)
    initPinSelect                            0x08001c69   Thumb Code    36  multimeter_functions.o(.text.initPinSelect)
    initTimer                                0x08001c8d   Thumb Code    88  timer_functions.o(.text.initTimer)
    main                                     0x08001ce5   Thumb Code    76  main.o(.text.main)
    map                                      0x08001d31   Thumb Code    26  math_functions.o(.text.map)
    setHigh                                  0x08001d4d   Thumb Code    14  digital_functions.o(.text.setHigh)
    setLow                                   0x08001d5d   Thumb Code    16  digital_functions.o(.text.setLow)
    switchMode                               0x08001d6d   Thumb Code    72  multimeter_functions.o(.text.switchMode)
    waitForADCAndRead                        0x08001db5   Thumb Code    38  multimeter_functions.o(.text.waitForADCAndRead)
    waitInterval                             0x08001ddd   Thumb Code    22  timer_functions.o(.text.waitInterval)
    _btod_d2e                                0x08001df3   Thumb Code    62  btod.o(CL$$btod_d2e)
    _d2e_denorm_low                          0x08001e31   Thumb Code    70  btod.o(CL$$btod_d2e_denorm_low)
    _d2e_norm_op1                            0x08001e77   Thumb Code    96  btod.o(CL$$btod_d2e_norm_op1)
    __btod_div_common                        0x08001ed9   Thumb Code   696  btod.o(CL$$btod_div_common)
    _e2e                                     0x08002211   Thumb Code   220  btod.o(CL$$btod_e2e)
    _btod_ediv                               0x080022ed   Thumb Code    42  btod.o(CL$$btod_ediv)
    _btod_emul                               0x08002317   Thumb Code    42  btod.o(CL$$btod_emul)
    __btod_mult_common                       0x08002341   Thumb Code   580  btod.o(CL$$btod_mult_common)
    __ARM_fpclassify                         0x08002585   Thumb Code    48  fpclassify.o(i.__ARM_fpclassify)
    __hardfp_sqrt                            0x080025b5   Thumb Code   122  sqrt.o(i.__hardfp_sqrt)
    _is_digit                                0x0800262f   Thumb Code    14  __printf_wp.o(i._is_digit)
    _get_lc_numeric                          0x0800263d   Thumb Code    44  lc_numeric_c.o(locale$$code)
    __aeabi_d2f                              0x08002669   Thumb Code     0  d2f.o(x$fpl$d2f)
    _d2f                                     0x08002669   Thumb Code    98  d2f.o(x$fpl$d2f)
    __aeabi_dadd                             0x080026cd   Thumb Code     0  daddsub_clz.o(x$fpl$dadd)
    _dadd                                    0x080026cd   Thumb Code   332  daddsub_clz.o(x$fpl$dadd)
    __aeabi_ddiv                             0x0800281d   Thumb Code     0  ddiv.o(x$fpl$ddiv)
    _ddiv                                    0x0800281d   Thumb Code   556  ddiv.o(x$fpl$ddiv)
    __aeabi_i2d                              0x08002ad1   Thumb Code     0  dflt_clz.o(x$fpl$dflt)
    _dflt                                    0x08002ad1   Thumb Code    46  dflt_clz.o(x$fpl$dflt)
    __aeabi_ui2d                             0x08002aff   Thumb Code     0  dflt_clz.o(x$fpl$dfltu)
    _dfltu                                   0x08002aff   Thumb Code    38  dflt_clz.o(x$fpl$dfltu)
    __aeabi_dmul                             0x08002b25   Thumb Code     0  dmul.o(x$fpl$dmul)
    _dmul                                    0x08002b25   Thumb Code   332  dmul.o(x$fpl$dmul)
    __fpl_dnaninf                            0x08002c79   Thumb Code   156  dnaninf.o(x$fpl$dnaninf)
    __fpl_dretinf                            0x08002d15   Thumb Code    12  dretinf.o(x$fpl$dretinf)
    _dsqrt                                   0x08002d21   Thumb Code   404  dsqrt_umaal.o(x$fpl$dsqrt)
    __aeabi_dsub                             0x08002eb9   Thumb Code     0  daddsub_clz.o(x$fpl$dsub)
    _dsub                                    0x08002eb9   Thumb Code   472  daddsub_clz.o(x$fpl$dsub)
    __aeabi_f2d                              0x08003095   Thumb Code     0  f2d.o(x$fpl$f2d)
    _f2d                                     0x08003095   Thumb Code    86  f2d.o(x$fpl$f2d)
    __fpl_fnaninf                            0x080030eb   Thumb Code   140  fnaninf.o(x$fpl$fnaninf)
    _fp_init                                 0x08003177   Thumb Code    26  fpinit.o(x$fpl$fpinit)
    __fplib_config_fpu_vfp                   0x0800318f   Thumb Code     0  fpinit.o(x$fpl$fpinit)
    __fplib_config_pureend_doubles           0x0800318f   Thumb Code     0  fpinit.o(x$fpl$fpinit)
    __fpl_fretinf                            0x08003191   Thumb Code    10  fretinf.o(x$fpl$fretinf)
    _printf_fp_dec                           0x0800319b   Thumb Code     4  printf1.o(x$fpl$printf1)
    _printf_fp_hex                           0x0800319f   Thumb Code     4  printf2.o(x$fpl$printf2)
    __I$use$fp                               0x080031a2   Number         0  usenofp.o(x$fpl$usenofp)
    AHBPrescTable                            0x08003270   Data          16  system_stm32f4xx.o(.rodata.AHBPrescTable)
    Region$$Table$$Base                      0x08003288   Number         0  anon$$obj.o(Region$$Table)
    Region$$Table$$Limit                     0x080032a8   Number         0  anon$$obj.o(Region$$Table)
    SystemCoreClock                          0x20000000   Data           4  system_stm32f4xx.o(.data.SystemCoreClock)
    __libspace_start                         0x20000008   Data          96  libspace.o(.bss)
    ADCconv                                  0x20000068   Data           4  multimeter_functions.o(.bss.ADCconv)
    __temporary_stack_top$libspace           0x20000068   Data           0  libspace.o(.bss)
    conversion_lower_bound                   0x2000006c   Data           4  multimeter_functions.o(.bss.conversion_lower_bound)
    conversion_upper_bound                   0x20000070   Data           4  multimeter_functions.o(.bss.conversion_upper_bound)
    ourTick                                  0x20000078   Data           4  timer_functions.o(.bss.ourTick)
    range_max                                0x2000007c   Data           4  multimeter_functions.o(.bss.range_max)
    range_min                                0x20000080   Data           4  multimeter_functions.o(.bss.range_min)
    read_mode                                0x20000084   Data           4  multimeter_functions.o(.bss.read_mode)
    voltage_range                            0x20000088   Data           4  multimeter_functions.o(.bss.voltage_range)



==============================================================================

Memory Map of the image

  Image Entry point : 0x08000189

  Load Region LR_IROM1 (Base: 0x08000000, Size: 0x000032d0, Max: 0x00100000, ABSOLUTE)

    Execution Region ER_IROM1 (Exec base: 0x08000000, Load base: 0x08000000, Size: 0x000032c4, Max: 0x00100000, ABSOLUTE)

    Exec Addr    Load Addr    Size         Type   Attr      Idx    E Section Name        Object

    0x08000000   0x08000000   0x00000188   Data   RO          492    RESET               startup_stm32f407xx.o
    0x08000188   0x08000188   0x00000008   Code   RO          615  * !!!main             c_w.l(__main.o)
    0x08000190   0x08000190   0x00000034   Code   RO          951    !!!scatter          c_w.l(__scatter.o)
    0x080001c4   0x080001c4   0x0000001a   Code   RO          953    !!handler_copy      c_w.l(__scatter_copy.o)
    0x080001de   0x080001de   0x00000002   PAD
    0x080001e0   0x080001e0   0x0000001c   Code   RO          955    !!handler_zi        c_w.l(__scatter_zi.o)
    0x080001fc   0x080001fc   0x00000000   Code   RO          612    .ARM.Collect$$_printf_percent$$00000000  c_w.l(_printf_percent.o)
    0x080001fc   0x080001fc   0x00000006   Code   RO          608    .ARM.Collect$$_printf_percent$$00000003  c_w.l(_printf_f.o)
    0x08000202   0x08000202   0x00000006   Code   RO          609    .ARM.Collect$$_printf_percent$$00000004  c_w.l(_printf_e.o)
    0x08000208   0x08000208   0x00000006   Code   RO          610    .ARM.Collect$$_printf_percent$$00000005  c_w.l(_printf_g.o)
    0x0800020e   0x0800020e   0x00000006   Code   RO          611    .ARM.Collect$$_printf_percent$$00000006  c_w.l(_printf_a.o)
    0x08000214   0x08000214   0x00000004   Code   RO          698    .ARM.Collect$$_printf_percent$$00000017  c_w.l(_printf_percent_end.o)
    0x08000218   0x08000218   0x00000002   Code   RO          884    .ARM.Collect$$libinit$$00000000  c_w.l(libinit.o)
    0x0800021a   0x0800021a   0x00000004   Code   RO          703    .ARM.Collect$$libinit$$00000001  c_w.l(libinit2.o)
    0x0800021e   0x0800021e   0x00000000   Code   RO          706    .ARM.Collect$$libinit$$00000004  c_w.l(libinit2.o)
    0x0800021e   0x0800021e   0x00000008   Code   RO          707    .ARM.Collect$$libinit$$00000005  c_w.l(libinit2.o)
    0x08000226   0x08000226   0x00000000   Code   RO          709    .ARM.Collect$$libinit$$0000000A  c_w.l(libinit2.o)
    0x08000226   0x08000226   0x00000000   Code   RO          711    .ARM.Collect$$libinit$$0000000C  c_w.l(libinit2.o)
    0x08000226   0x08000226   0x00000000   Code   RO          713    .ARM.Collect$$libinit$$0000000E  c_w.l(libinit2.o)
    0x08000226   0x08000226   0x00000006   Code   RO          714    .ARM.Collect$$libinit$$0000000F  c_w.l(libinit2.o)
    0x0800022c   0x0800022c   0x00000000   Code   RO          716    .ARM.Collect$$libinit$$00000011  c_w.l(libinit2.o)
    0x0800022c   0x0800022c   0x00000000   Code   RO          718    .ARM.Collect$$libinit$$00000013  c_w.l(libinit2.o)
    0x0800022c   0x0800022c   0x00000000   Code   RO          720    .ARM.Collect$$libinit$$00000015  c_w.l(libinit2.o)
    0x0800022c   0x0800022c   0x0000000a   Code   RO          721    .ARM.Collect$$libinit$$00000016  c_w.l(libinit2.o)
    0x08000236   0x08000236   0x00000000   Code   RO          722    .ARM.Collect$$libinit$$00000017  c_w.l(libinit2.o)
    0x08000236   0x08000236   0x00000000   Code   RO          724    .ARM.Collect$$libinit$$00000019  c_w.l(libinit2.o)
    0x08000236   0x08000236   0x00000000   Code   RO          726    .ARM.Collect$$libinit$$0000001B  c_w.l(libinit2.o)
    0x08000236   0x08000236   0x00000000   Code   RO          728    .ARM.Collect$$libinit$$0000001D  c_w.l(libinit2.o)
    0x08000236   0x08000236   0x00000000   Code   RO          730    .ARM.Collect$$libinit$$0000001F  c_w.l(libinit2.o)
    0x08000236   0x08000236   0x00000000   Code   RO          732    .ARM.Collect$$libinit$$00000021  c_w.l(libinit2.o)
    0x08000236   0x08000236   0x00000000   Code   RO          734    .ARM.Collect$$libinit$$00000023  c_w.l(libinit2.o)
    0x08000236   0x08000236   0x00000000   Code   RO          736    .ARM.Collect$$libinit$$00000025  c_w.l(libinit2.o)
    0x08000236   0x08000236   0x00000000   Code   RO          740    .ARM.Collect$$libinit$$0000002C  c_w.l(libinit2.o)
    0x08000236   0x08000236   0x00000000   Code   RO          742    .ARM.Collect$$libinit$$0000002E  c_w.l(libinit2.o)
    0x08000236   0x08000236   0x00000000   Code   RO          744    .ARM.Collect$$libinit$$00000030  c_w.l(libinit2.o)
    0x08000236   0x08000236   0x00000000   Code   RO          746    .ARM.Collect$$libinit$$00000032  c_w.l(libinit2.o)
    0x08000236   0x08000236   0x00000002   Code   RO          747    .ARM.Collect$$libinit$$00000033  c_w.l(libinit2.o)
    0x08000238   0x08000238   0x00000002   Code   RO          948    .ARM.Collect$$libshutdown$$00000000  c_w.l(libshutdown.o)
    0x0800023a   0x0800023a   0x00000000   Code   RO          904    .ARM.Collect$$libshutdown$$00000002  c_w.l(libshutdown2.o)
    0x0800023a   0x0800023a   0x00000000   Code   RO          906    .ARM.Collect$$libshutdown$$00000004  c_w.l(libshutdown2.o)
    0x0800023a   0x0800023a   0x00000000   Code   RO          909    .ARM.Collect$$libshutdown$$00000007  c_w.l(libshutdown2.o)
    0x0800023a   0x0800023a   0x00000000   Code   RO          912    .ARM.Collect$$libshutdown$$0000000A  c_w.l(libshutdown2.o)
    0x0800023a   0x0800023a   0x00000000   Code   RO          914    .ARM.Collect$$libshutdown$$0000000C  c_w.l(libshutdown2.o)
    0x0800023a   0x0800023a   0x00000000   Code   RO          917    .ARM.Collect$$libshutdown$$0000000F  c_w.l(libshutdown2.o)
    0x0800023a   0x0800023a   0x00000002   Code   RO          918    .ARM.Collect$$libshutdown$$00000010  c_w.l(libshutdown2.o)
    0x0800023c   0x0800023c   0x00000000   Code   RO          655    .ARM.Collect$$rtentry$$00000000  c_w.l(__rtentry.o)
    0x0800023c   0x0800023c   0x00000000   Code   RO          767    .ARM.Collect$$rtentry$$00000002  c_w.l(__rtentry2.o)
    0x0800023c   0x0800023c   0x00000006   Code   RO          779    .ARM.Collect$$rtentry$$00000004  c_w.l(__rtentry4.o)
    0x08000242   0x08000242   0x00000000   Code   RO          769    .ARM.Collect$$rtentry$$00000009  c_w.l(__rtentry2.o)
    0x08000242   0x08000242   0x00000004   Code   RO          770    .ARM.Collect$$rtentry$$0000000A  c_w.l(__rtentry2.o)
    0x08000246   0x08000246   0x00000000   Code   RO          772    .ARM.Collect$$rtentry$$0000000C  c_w.l(__rtentry2.o)
    0x08000246   0x08000246   0x00000008   Code   RO          773    .ARM.Collect$$rtentry$$0000000D  c_w.l(__rtentry2.o)
    0x0800024e   0x0800024e   0x00000002   Code   RO          889    .ARM.Collect$$rtexit$$00000000  c_w.l(rtexit.o)
    0x08000250   0x08000250   0x00000000   Code   RO          924    .ARM.Collect$$rtexit$$00000002  c_w.l(rtexit2.o)
    0x08000250   0x08000250   0x00000004   Code   RO          925    .ARM.Collect$$rtexit$$00000003  c_w.l(rtexit2.o)
    0x08000254   0x08000254   0x00000006   Code   RO          926    .ARM.Collect$$rtexit$$00000004  c_w.l(rtexit2.o)
    0x0800025a   0x0800025a   0x00000002   PAD
    0x0800025c   0x0800025c   0x00000040   Code   RO          493    .text               startup_stm32f407xx.o
    0x0800029c   0x0800029c   0x0000005e   Code   RO          520    .text               c_w.l(h1_alloc.o)
    0x080002fa   0x080002fa   0x0000004e   Code   RO          522    .text               c_w.l(h1_free.o)
    0x08000348   0x08000348   0x00000034   Code   RO          582    .text               c_w.l(noretval__2snprintf.o)
    0x0800037c   0x0800037c   0x0000004e   Code   RO          586    .text               c_w.l(_printf_pad.o)
    0x080003ca   0x080003ca   0x00000002   PAD
    0x080003cc   0x080003cc   0x00000188   Code   RO          605    .text               c_w.l(__printf_flags_ss_wp.o)
    0x08000554   0x08000554   0x00000006   Code   RO          613    .text               c_w.l(heapauxi.o)
    0x0800055a   0x0800055a   0x00000002   PAD
    0x0800055c   0x0800055c   0x00000008   Code   RO          663    .text               c_w.l(rt_heap_descriptor_intlibspace.o)
    0x08000564   0x08000564   0x00000004   Code   RO          665    .text               c_w.l(hguard.o)
    0x08000568   0x08000568   0x0000008a   Code   RO          667    .text               c_w.l(init_alloc.o)
    0x080005f2   0x080005f2   0x0000000e   Code   RO          671    .text               c_w.l(h1_init.o)
    0x08000600   0x08000600   0x00000016   Code   RO          683    .text               c_w.l(_rserrno.o)
    0x08000616   0x08000616   0x0000041c   Code   RO          685    .text               c_w.l(_printf_fp_dec.o)
    0x08000a32   0x08000a32   0x00000002   PAD
    0x08000a34   0x08000a34   0x000002fc   Code   RO          689    .text               c_w.l(_printf_fp_hex.o)
    0x08000d30   0x08000d30   0x00000030   Code   RO          692    .text               c_w.l(_printf_char_common.o)
    0x08000d60   0x08000d60   0x0000000a   Code   RO          694    .text               c_w.l(_sputc.o)
    0x08000d6a   0x08000d6a   0x00000010   Code   RO          696    .text               c_w.l(_snputc.o)
    0x08000d7a   0x08000d7a   0x00000002   PAD
    0x08000d7c   0x08000d7c   0x00000008   Code   RO          763    .text               c_w.l(libspace.o)
    0x08000d84   0x08000d84   0x00000008   Code   RO          786    .text               c_w.l(rt_locale_intlibspace.o)
    0x08000d8c   0x08000d8c   0x00000008   Code   RO          791    .text               c_w.l(rt_errno_addr_intlibspace.o)
    0x08000d94   0x08000d94   0x00000000   Code   RO          795    .text               c_w.l(maybetermalloc1.o)
    0x08000d94   0x08000d94   0x00000034   Code   RO          797    .text               c_w.l(h1_extend.o)
    0x08000dc8   0x08000dc8   0x0000008a   Code   RO          801    .text               c_w.l(lludiv10.o)
    0x08000e52   0x08000e52   0x00000002   PAD
    0x08000e54   0x08000e54   0x00000080   Code   RO          803    .text               c_w.l(_printf_fp_infnan.o)
    0x08000ed4   0x08000ed4   0x000000e4   Code   RO          807    .text               c_w.l(bigflt0.o)
    0x08000fb8   0x08000fb8   0x0000000e   Code   RO          837    .text               c_w.l(defsig_rtmem_outer.o)
    0x08000fc6   0x08000fc6   0x00000002   Code   RO          852    .text               c_w.l(use_no_semi.o)
    0x08000fc8   0x08000fc8   0x00000000   Code   RO          854    .text               c_w.l(indicate_semi.o)
    0x08000fc8   0x08000fc8   0x0000004a   Code   RO          855    .text               c_w.l(sys_stackheap_outer.o)
    0x08001012   0x08001012   0x00000012   Code   RO          863    .text               c_w.l(exit.o)
    0x08001024   0x08001024   0x0000000a   Code   RO          865    .text               c_w.l(defsig_exit.o)
    0x0800102e   0x0800102e   0x00000002   PAD
    0x08001030   0x08001030   0x00000050   Code   RO          871    .text               c_w.l(defsig_rtmem_inner.o)
    0x08001080   0x08001080   0x0000007c   Code   RO          873    .text               c_w.l(strcmpv7em.o)
    0x080010fc   0x080010fc   0x0000000c   Code   RO          885    .text               c_w.l(sys_exit.o)
    0x08001108   0x08001108   0x00000032   Code   RO          899    .text               c_w.l(defsig_general.o)
    0x0800113a   0x0800113a   0x0000000e   Code   RO          919    .text               c_w.l(sys_wrch.o)
    0x08001148   0x08001148   0x00000070   Code   RO           80    .text.ACVoltage     multimeter_functions.o
    0x080011b8   0x080011b8   0x00000068   Code   RO           78    .text.DCVoltage     multimeter_functions.o
    0x08001220   0x08001220   0x00000032   Code   RO           53    .text.EXTI0_IRQHandler  led_pb_functions.o
    0x08001252   0x08001252   0x00000002   PAD
    0x08001254   0x08001254   0x0000002c   Code   RO          137    .text.MeanAverage   math_functions.o
    0x08001280   0x08001280   0x000001c8   Code   RO           76    .text.OutputValue   multimeter_functions.o
    0x08001448   0x08001448   0x00000016   Code   RO           29    .text.PB_LCD_Clear  pb_lcd_drivers.o
    0x0800145e   0x0800145e   0x00000002   PAD
    0x08001460   0x08001460   0x00000036   Code   RO           31    .text.PB_LCD_GoToXY  pb_lcd_drivers.o
    0x08001496   0x08001496   0x00000002   PAD
    0x08001498   0x08001498   0x00000104   Code   RO           27    .text.PB_LCD_Init   pb_lcd_drivers.o
    0x0800159c   0x0800159c   0x00000086   Code   RO           23    .text.PB_LCD_IsBusy  pb_lcd_drivers.o
    0x08001622   0x08001622   0x00000002   PAD
    0x08001624   0x08001624   0x0000004c   Code   RO           21    .text.PB_LCD_Microdelay  pb_lcd_drivers.o
    0x08001670   0x08001670   0x00000022   Code   RO           19    .text.PB_LCD_Set_As_Input  pb_lcd_drivers.o
    0x08001692   0x08001692   0x00000002   PAD
    0x08001694   0x08001694   0x00000044   Code   RO           17    .text.PB_LCD_Set_As_Output  pb_lcd_drivers.o
    0x080016d8   0x080016d8   0x0000006c   Code   RO           25    .text.PB_LCD_Write  pb_lcd_drivers.o
    0x08001744   0x08001744   0x00000034   Code   RO           35    .text.PB_LCD_WriteString  pb_lcd_drivers.o
    0x08001778   0x08001778   0x00000038   Code   RO          135    .text.RMSAverage    math_functions.o
    0x080017b0   0x080017b0   0x00000024   Code   RO            4    .text.SysTick_Config  main.o
    0x080017d4   0x080017d4   0x00000010   Code   RO          104    .text.SysTick_Handler  timer_functions.o
    0x080017e4   0x080017e4   0x0000007e   Code   RO          502    .text.SystemCoreClockUpdate  system_stm32f4xx.o
    0x08001862   0x08001862   0x00000002   PAD
    0x08001864   0x08001864   0x00000012   Code   RO          500    .text.SystemInit    system_stm32f4xx.o
    0x08001876   0x08001876   0x00000002   PAD
    0x08001878   0x08001878   0x0000000e   Code   RO           49    .text.__NVIC_EnableIRQ  led_pb_functions.o
    0x08001886   0x08001886   0x00000002   PAD
    0x08001888   0x08001888   0x0000000e   Code   RO            6    .text.__NVIC_SetPriority  main.o
    0x08001896   0x08001896   0x00000002   PAD
    0x08001898   0x08001898   0x0000000e   Code   RO           51    .text.__NVIC_SetPriority  led_pb_functions.o
    0x080018a6   0x080018a6   0x00000002   PAD
    0x080018a8   0x080018a8   0x000001d2   Code   RO           70    .text.changeVoltageRange  multimeter_functions.o
    0x08001a7a   0x08001a7a   0x00000002   PAD
    0x08001a7c   0x08001a7c   0x000000a0   Code   RO           82    .text.checkIfInRange  multimeter_functions.o
    0x08001b1c   0x08001b1c   0x00000076   Code   RO           68    .text.initADC       multimeter_functions.o
    0x08001b92   0x08001b92   0x00000002   PAD
    0x08001b94   0x08001b94   0x00000052   Code   RO           47    .text.initButton    led_pb_functions.o
    0x08001be6   0x08001be6   0x00000002   PAD
    0x08001be8   0x08001be8   0x0000005a   Code   RO          119    .text.initDigitalPins  digital_functions.o
    0x08001c42   0x08001c42   0x00000002   PAD
    0x08001c44   0x08001c44   0x00000024   Code   RO           45    .text.initLEDs      led_pb_functions.o
    0x08001c68   0x08001c68   0x00000024   Code   RO           72    .text.initPinSelect  multimeter_functions.o
    0x08001c8c   0x08001c8c   0x00000058   Code   RO          102    .text.initTimer     timer_functions.o
    0x08001ce4   0x08001ce4   0x0000004c   Code   RO            2    .text.main          main.o
    0x08001d30   0x08001d30   0x0000001a   Code   RO          133    .text.map           math_functions.o
    0x08001d4a   0x08001d4a   0x00000002   PAD
    0x08001d4c   0x08001d4c   0x0000000e   Code   RO          121    .text.setHigh       digital_functions.o
    0x08001d5a   0x08001d5a   0x00000002   PAD
    0x08001d5c   0x08001d5c   0x00000010   Code   RO          123    .text.setLow        digital_functions.o
    0x08001d6c   0x08001d6c   0x00000048   Code   RO           84    .text.switchMode    multimeter_functions.o
    0x08001db4   0x08001db4   0x00000026   Code   RO           74    .text.waitForADCAndRead  multimeter_functions.o
    0x08001dda   0x08001dda   0x00000002   PAD
    0x08001ddc   0x08001ddc   0x00000016   Code   RO          106    .text.waitInterval  timer_functions.o
    0x08001df2   0x08001df2   0x0000003e   Code   RO          810    CL$$btod_d2e        c_w.l(btod.o)
    0x08001e30   0x08001e30   0x00000046   Code   RO          812    CL$$btod_d2e_denorm_low  c_w.l(btod.o)
    0x08001e76   0x08001e76   0x00000060   Code   RO          811    CL$$btod_d2e_norm_op1  c_w.l(btod.o)
    0x08001ed6   0x08001ed6   0x00000002   PAD
    0x08001ed8   0x08001ed8   0x00000338   Code   RO          820    CL$$btod_div_common  c_w.l(btod.o)
    0x08002210   0x08002210   0x000000dc   Code   RO          817    CL$$btod_e2e        c_w.l(btod.o)
    0x080022ec   0x080022ec   0x0000002a   Code   RO          814    CL$$btod_ediv       c_w.l(btod.o)
    0x08002316   0x08002316   0x0000002a   Code   RO          813    CL$$btod_emul       c_w.l(btod.o)
    0x08002340   0x08002340   0x00000244   Code   RO          819    CL$$btod_mult_common  c_w.l(btod.o)
    0x08002584   0x08002584   0x00000030   Code   RO          850    i.__ARM_fpclassify  m_wm.l(fpclassify.o)
    0x080025b4   0x080025b4   0x0000007a   Code   RO          647    i.__hardfp_sqrt     m_wm.l(sqrt.o)
    0x0800262e   0x0800262e   0x0000000e   Code   RO          598    i._is_digit         c_w.l(__printf_wp.o)
    0x0800263c   0x0800263c   0x0000002c   Code   RO          835    locale$$code        c_w.l(lc_numeric_c.o)
    0x08002668   0x08002668   0x00000062   Code   RO          617    x$fpl$d2f           fz_wm.l(d2f.o)
    0x080026ca   0x080026ca   0x00000002   PAD
    0x080026cc   0x080026cc   0x00000150   Code   RO          619    x$fpl$dadd          fz_wm.l(daddsub_clz.o)
    0x0800281c   0x0800281c   0x000002b4   Code   RO          626    x$fpl$ddiv          fz_wm.l(ddiv.o)
    0x08002ad0   0x08002ad0   0x0000002e   Code   RO          630    x$fpl$dflt          fz_wm.l(dflt_clz.o)
    0x08002afe   0x08002afe   0x00000026   Code   RO          629    x$fpl$dfltu         fz_wm.l(dflt_clz.o)
    0x08002b24   0x08002b24   0x00000154   Code   RO          635    x$fpl$dmul          fz_wm.l(dmul.o)
    0x08002c78   0x08002c78   0x0000009c   Code   RO          748    x$fpl$dnaninf       fz_wm.l(dnaninf.o)
    0x08002d14   0x08002d14   0x0000000c   Code   RO          750    x$fpl$dretinf       fz_wm.l(dretinf.o)
    0x08002d20   0x08002d20   0x00000198   Code   RO          752    x$fpl$dsqrt         fz_wm.l(dsqrt_umaal.o)
    0x08002eb8   0x08002eb8   0x000001dc   Code   RO          621    x$fpl$dsub          fz_wm.l(daddsub_clz.o)
    0x08003094   0x08003094   0x00000056   Code   RO          637    x$fpl$f2d           fz_wm.l(f2d.o)
    0x080030ea   0x080030ea   0x0000008c   Code   RO          754    x$fpl$fnaninf       fz_wm.l(fnaninf.o)
    0x08003176   0x08003176   0x0000001a   Code   RO          846    x$fpl$fpinit        fz_wm.l(fpinit.o)
    0x08003190   0x08003190   0x0000000a   Code   RO          756    x$fpl$fretinf       fz_wm.l(fretinf.o)
    0x0800319a   0x0800319a   0x00000004   Code   RO          639    x$fpl$printf1       fz_wm.l(printf1.o)
    0x0800319e   0x0800319e   0x00000004   Code   RO          641    x$fpl$printf2       fz_wm.l(printf2.o)
    0x080031a2   0x080031a2   0x00000000   Code   RO          758    x$fpl$usenofp       fz_wm.l(usenofp.o)
    0x080031a2   0x080031a2   0x00000011   Data   RO          606    .constdata          c_w.l(__printf_flags_ss_wp.o)
    0x080031b3   0x080031b3   0x00000026   Data   RO          690    .constdata          c_w.l(_printf_fp_hex.o)
    0x080031d9   0x080031d9   0x00000003   PAD
    0x080031dc   0x080031dc   0x00000094   Data   RO          808    .constdata          c_w.l(bigflt0.o)
    0x08003270   0x08003270   0x00000010   Data   RO          505    .rodata.AHBPrescTable  system_stm32f4xx.o
    0x08003280   0x08003280   0x00000007   Data   RO           91    .rodata.str1.1      multimeter_functions.o
    0x08003287   0x08003287   0x00000001   PAD
    0x08003288   0x08003288   0x00000020   Data   RO          950    Region$$Table       anon$$obj.o
    0x080032a8   0x080032a8   0x0000001c   Data   RO          834    locale$$data        c_w.l(lc_numeric_c.o)


    Execution Region RW_IRAM1 (Exec base: 0x20000000, Load base: 0x080032c8, Size: 0x00000690, Max: 0x00020000, ABSOLUTE)

    Exec Addr    Load Addr    Size         Type   Attr      Idx    E Section Name        Object

    0x20000000   0x080032c8   0x00000004   Data   RW          504    .data.SystemCoreClock  system_stm32f4xx.o
    0x20000004   0x080032cc   0x00000004   PAD
    0x20000008        -       0x00000060   Zero   RW          764    .bss                c_w.l(libspace.o)
    0x20000068        -       0x00000004   Zero   RW           86    .bss.ADCconv        multimeter_functions.o
    0x2000006c        -       0x00000004   Zero   RW           92    .bss.conversion_lower_bound  multimeter_functions.o
    0x20000070        -       0x00000004   Zero   RW           93    .bss.conversion_upper_bound  multimeter_functions.o
    0x20000074        -       0x00000004   Zero   RW           59    .bss.debounce_counter  led_pb_functions.o
    0x20000078        -       0x00000004   Zero   RW          110    .bss.ourTick        timer_functions.o
    0x2000007c        -       0x00000004   Zero   RW           90    .bss.range_max      multimeter_functions.o
    0x20000080        -       0x00000004   Zero   RW           89    .bss.range_min      multimeter_functions.o
    0x20000084        -       0x00000004   Zero   RW           87    .bss.read_mode      multimeter_functions.o
    0x20000088        -       0x00000004   Zero   RW           88    .bss.voltage_range  multimeter_functions.o
    0x2000008c   0x080032cc   0x00000004   PAD
    0x20000090        -       0x00000200   Zero   RW          491    HEAP                startup_stm32f407xx.o
    0x20000290        -       0x00000400   Zero   RW          490    STACK               startup_stm32f407xx.o


==============================================================================

Image component sizes


      Code (inc. data)   RO Data    RW Data    ZI Data      Debug   Object Name

       120          0          0          0          0       2043   digital_functions.o
       196          0          0          0          4       5540   led_pb_functions.o
       126          0          0          0          0       4122   main.o
       126          0          0          0          0       1149   math_functions.o
      1562        104          7          0         28       5147   multimeter_functions.o
       808          4          0          0          0       4533   pb_lcd_drivers.o
        64         26        392          0       1536        872   startup_stm32f407xx.o
       144          0         16          4          0       2712   system_stm32f4xx.o
       126          0          0          0          4       2502   timer_functions.o

    ----------------------------------------------------------------------
      3306        134        448          4       1580      28620   Object Totals
         0          0         32          0          0          0   (incl. Generated)
        34          0          1          0          8          0   (incl. Padding)

    ----------------------------------------------------------------------

      Code (inc. data)   RO Data    RW Data    ZI Data      Debug   Library Member Name

         8          0          0          0          0         68   __main.o
       392          4         17          0          0         92   __printf_flags_ss_wp.o
        14          0          0          0          0         68   __printf_wp.o
         0          0          0          0          0          0   __rtentry.o
        12          0          0          0          0          0   __rtentry2.o
         6          0          0          0          0          0   __rtentry4.o
        52          8          0          0          0          0   __scatter.o
        26          0          0          0          0          0   __scatter_copy.o
        28          0          0          0          0          0   __scatter_zi.o
         6          0          0          0          0          0   _printf_a.o
        48          6          0          0          0         96   _printf_char_common.o
         6          0          0          0          0          0   _printf_e.o
         6          0          0          0          0          0   _printf_f.o
      1052          0          0          0          0        148   _printf_fp_dec.o
       764          8         38          0          0        100   _printf_fp_hex.o
       128         16          0          0          0         84   _printf_fp_infnan.o
         6          0          0          0          0          0   _printf_g.o
        78          0          0          0          0        108   _printf_pad.o
         0          0          0          0          0          0   _printf_percent.o
         4          0          0          0          0          0   _printf_percent_end.o
        22          0          0          0          0        100   _rserrno.o
        16          0          0          0          0         68   _snputc.o
        10          0          0          0          0         68   _sputc.o
       228          4        148          0          0         96   bigflt0.o
      1936        128          0          0          0        668   btod.o
        10          0          0          0          0         68   defsig_exit.o
        50          0          0          0          0         88   defsig_general.o
        80         58          0          0          0         76   defsig_rtmem_inner.o
        14          0          0          0          0         80   defsig_rtmem_outer.o
        18          0          0          0          0         80   exit.o
        94          0          0          0          0         80   h1_alloc.o
        52          0          0          0          0         68   h1_extend.o
        78          0          0          0          0         80   h1_free.o
        14          0          0          0          0         84   h1_init.o
         6          0          0          0          0        152   heapauxi.o
         4          0          0          0          0        136   hguard.o
         0          0          0          0          0          0   indicate_semi.o
       138          0          0          0          0        168   init_alloc.o
        44         10         28          0          0         76   lc_numeric_c.o
         2          0          0          0          0          0   libinit.o
        30          0          0          0          0          0   libinit2.o
         2          0          0          0          0          0   libshutdown.o
         2          0          0          0          0          0   libshutdown2.o
         8          4          0          0         96         68   libspace.o
       138          0          0          0          0         80   lludiv10.o
         0          0          0          0          0          0   maybetermalloc1.o
        52          4          0          0          0         84   noretval__2snprintf.o
         8          4          0          0          0         68   rt_errno_addr_intlibspace.o
         8          4          0          0          0         68   rt_heap_descriptor_intlibspace.o
         8          4          0          0          0         68   rt_locale_intlibspace.o
         2          0          0          0          0          0   rtexit.o
        10          0          0          0          0          0   rtexit2.o
       124          0          0          0          0         88   strcmpv7em.o
        12          4          0          0          0         68   sys_exit.o
        74          0          0          0          0         80   sys_stackheap_outer.o
        14          0          0          0          0         76   sys_wrch.o
         2          0          0          0          0         68   use_no_semi.o
        98          4          0          0          0        140   d2f.o
       812         16          0          0          0        392   daddsub_clz.o
       692        140          0          0          0        264   ddiv.o
        84          0          0          0          0        232   dflt_clz.o
       340         12          0          0          0        152   dmul.o
       156          4          0          0          0        140   dnaninf.o
        12          0          0          0          0        116   dretinf.o
       408         56          0          0          0        168   dsqrt_umaal.o
        86          4          0          0          0        132   f2d.o
       140          4          0          0          0        132   fnaninf.o
        26          0          0          0          0        116   fpinit.o
        10          0          0          0          0        116   fretinf.o
         4          0          0          0          0        116   printf1.o
         4          0          0          0          0        116   printf2.o
         0          0          0          0          0          0   usenofp.o
        48          0          0          0          0        124   fpclassify.o
       122          0          0          0          0        148   sqrt.o

    ----------------------------------------------------------------------
      9008        506        234          0         96       6420   Library Totals
        20          0          3          0          0          0   (incl. Padding)

    ----------------------------------------------------------------------

      Code (inc. data)   RO Data    RW Data    ZI Data      Debug   Library Name

      5946        266        231          0         96       3816   c_w.l
      2872        240          0          0          0       2332   fz_wm.l
       170          0          0          0          0        272   m_wm.l

    ----------------------------------------------------------------------
      9008        506        234          0         96       6420   Library Totals

    ----------------------------------------------------------------------

==============================================================================


      Code (inc. data)   RO Data    RW Data    ZI Data      Debug   

     12314        640        682          4       1676      31168   Grand Totals
     12314        640        682          4       1676      31168   ELF Image Totals
     12314        640        682          4          0          0   ROM Totals

==============================================================================

    Total RO  Size (Code + RO Data)                12996 (  12.69kB)
    Total RW  Size (RW Data + ZI Data)              1680 (   1.64kB)
    Total ROM Size (Code + RO Data + RW Data)      13000 (  12.70kB)

==============================================================================

