Component: ARM Compiler 6.16 Tool: armlink [5dfeaa00]

==============================================================================

Section Cross References

    main.o(.text.main) refers to system_stm32f4xx.o(.text.SystemCoreClockUpdate) for SystemCoreClockUpdate
    main.o(.text.main) refers to system_stm32f4xx.o(.data.SystemCoreClock) for SystemCoreClock
    main.o(.text.main) refers to main.o(.text.SysTick_Config) for SysTick_Config
    main.o(.text.main) refers to timer_functions.o(.text.initTimer) for initTimer
    main.o(.text.main) refers to multimeter_functions.o(.text.initDAC) for initDAC
    main.o(.text.main) refers to multimeter_functions.o(.text.initADC) for initADC
    main.o(.text.main) refers to multimeter_functions.o(.text.initPinSelect) for initPinSelect
    main.o(.text.main) refers to led_pb_functions.o(.text.initLEDs) for initLEDs
    main.o(.text.main) refers to led_pb_functions.o(.text.initButton) for initButton
    main.o(.text.main) refers to pb_lcd_drivers.o(.text.PB_LCD_Init) for PB_LCD_Init
    main.o(.text.main) refers to digital_functions.o(.text.initDigitalPins) for initDigitalPins
    main.o(.text.main) refers to pb_lcd_drivers.o(.text.PB_LCD_Clear) for PB_LCD_Clear
    main.o(.text.main) refers to multimeter_functions.o(.text.waitForADCAndRead) for waitForADCAndRead
    main.o(.text.main) refers to multimeter_functions.o(.text.OutputValue) for OutputValue
    main.o(.text.main) refers to timer_functions.o(.text.waitInterval) for waitInterval
    main.o(.ARM.exidx.text.main) refers to main.o(.text.main) for [Anonymous Symbol]
    main.o(.text.SysTick_Config) refers to main.o(.text.__NVIC_SetPriority) for __NVIC_SetPriority
    main.o(.ARM.exidx.text.SysTick_Config) refers to main.o(.text.SysTick_Config) for [Anonymous Symbol]
    main.o(.ARM.exidx.text.__NVIC_SetPriority) refers to main.o(.text.__NVIC_SetPriority) for [Anonymous Symbol]
    pb_lcd_drivers.o(.ARM.exidx.text.PB_LCD_Set_As_Output) refers to pb_lcd_drivers.o(.text.PB_LCD_Set_As_Output) for [Anonymous Symbol]
    pb_lcd_drivers.o(.ARM.exidx.text.PB_LCD_Set_As_Input) refers to pb_lcd_drivers.o(.text.PB_LCD_Set_As_Input) for [Anonymous Symbol]
    pb_lcd_drivers.o(.text.PB_LCD_Microdelay) refers to system_stm32f4xx.o(.data.SystemCoreClock) for SystemCoreClock
    pb_lcd_drivers.o(.ARM.exidx.text.PB_LCD_Microdelay) refers to pb_lcd_drivers.o(.text.PB_LCD_Microdelay) for [Anonymous Symbol]
    pb_lcd_drivers.o(.text.PB_LCD_IsBusy) refers to pb_lcd_drivers.o(.text.PB_LCD_Set_As_Input) for PB_LCD_Set_As_Input
    pb_lcd_drivers.o(.text.PB_LCD_IsBusy) refers to pb_lcd_drivers.o(.text.PB_LCD_Microdelay) for PB_LCD_Microdelay
    pb_lcd_drivers.o(.text.PB_LCD_IsBusy) refers to pb_lcd_drivers.o(.text.PB_LCD_Set_As_Output) for PB_LCD_Set_As_Output
    pb_lcd_drivers.o(.ARM.exidx.text.PB_LCD_IsBusy) refers to pb_lcd_drivers.o(.text.PB_LCD_IsBusy) for [Anonymous Symbol]
    pb_lcd_drivers.o(.text.PB_LCD_Write) refers to pb_lcd_drivers.o(.text.PB_LCD_Microdelay) for PB_LCD_Microdelay
    pb_lcd_drivers.o(.ARM.exidx.text.PB_LCD_Write) refers to pb_lcd_drivers.o(.text.PB_LCD_Write) for [Anonymous Symbol]
    pb_lcd_drivers.o(.text.PB_LCD_Init) refers to pb_lcd_drivers.o(.text.PB_LCD_Set_As_Output) for PB_LCD_Set_As_Output
    pb_lcd_drivers.o(.text.PB_LCD_Init) refers to pb_lcd_drivers.o(.text.PB_LCD_IsBusy) for PB_LCD_IsBusy
    pb_lcd_drivers.o(.text.PB_LCD_Init) refers to pb_lcd_drivers.o(.text.PB_LCD_Microdelay) for PB_LCD_Microdelay
    pb_lcd_drivers.o(.text.PB_LCD_Init) refers to pb_lcd_drivers.o(.text.PB_LCD_Write) for PB_LCD_Write
    pb_lcd_drivers.o(.ARM.exidx.text.PB_LCD_Init) refers to pb_lcd_drivers.o(.text.PB_LCD_Init) for [Anonymous Symbol]
    pb_lcd_drivers.o(.text.PB_LCD_Clear) refers to pb_lcd_drivers.o(.text.PB_LCD_IsBusy) for PB_LCD_IsBusy
    pb_lcd_drivers.o(.text.PB_LCD_Clear) refers to pb_lcd_drivers.o(.text.PB_LCD_Write) for PB_LCD_Write
    pb_lcd_drivers.o(.ARM.exidx.text.PB_LCD_Clear) refers to pb_lcd_drivers.o(.text.PB_LCD_Clear) for [Anonymous Symbol]
    pb_lcd_drivers.o(.text.PB_LCD_GoToXY) refers to pb_lcd_drivers.o(.text.PB_LCD_IsBusy) for PB_LCD_IsBusy
    pb_lcd_drivers.o(.text.PB_LCD_GoToXY) refers to pb_lcd_drivers.o(.text.PB_LCD_Write) for PB_LCD_Write
    pb_lcd_drivers.o(.ARM.exidx.text.PB_LCD_GoToXY) refers to pb_lcd_drivers.o(.text.PB_LCD_GoToXY) for [Anonymous Symbol]
    pb_lcd_drivers.o(.text.PB_LCD_WriteChar) refers to pb_lcd_drivers.o(.text.PB_LCD_IsBusy) for PB_LCD_IsBusy
    pb_lcd_drivers.o(.text.PB_LCD_WriteChar) refers to pb_lcd_drivers.o(.text.PB_LCD_Write) for PB_LCD_Write
    pb_lcd_drivers.o(.ARM.exidx.text.PB_LCD_WriteChar) refers to pb_lcd_drivers.o(.text.PB_LCD_WriteChar) for [Anonymous Symbol]
    pb_lcd_drivers.o(.text.PB_LCD_WriteString) refers to pb_lcd_drivers.o(.text.PB_LCD_Write) for PB_LCD_Write
    pb_lcd_drivers.o(.text.PB_LCD_WriteString) refers to pb_lcd_drivers.o(.text.PB_LCD_IsBusy) for PB_LCD_IsBusy
[...]
    ../clib/heapalloc.c                      0x00000000   Number         0  malloc.o ABSOLUTE
    ../clib/heapalloc.c                      0x00000000   Number         0  free.o ABSOLUTE
    ../clib/heapalloc.c                      0x00000000   Number         0  hguard.o ABSOLUTE
    ../clib/heapalloc.c                      0x00000000   Number         0  init_alloc.o ABSOLUTE
    ../clib/heapalloc.c                      0x00000000   Number         0  heapstubs.o ABSOLUTE
    ../clib/heapalloc.c                      0x00000000   Number         0  hrguard.o ABSOLUTE
    ../clib/heapalloc.c                      0x00000000   Number         0  term_alloc.o ABSOLUTE
    ../clib/heapaux.c                        0x00000000   Number         0  heapauxi.o ABSOLUTE
    ../clib/heapaux.c                        0x00000000   Number         0  heapauxa.o ABSOLUTE
    ../clib/libinit.s                        0x00000000   Number         0  libinit2.o ABSOLUTE
    ../clib/libinit.s                        0x00000000   Number         0  libinit.o ABSOLUTE
    ../clib/libinit.s                        0x00000000   Number         0  libshutdown2.o ABSOLUTE
    ../clib/libinit.s                        0x00000000   Number         0  libshutdown.o ABSOLUTE
    ../clib/locale.s                         0x00000000   Number         0  lc_numeric_c.o ABSOLUTE
    ../clib/longlong.s                       0x00000000   Number         0  lludivv7m.o ABSOLUTE
    ../clib/longlong.s                       0x00000000   Number         0  lludiv10.o ABSOLUTE
    ../clib/longlong.s                       0x00000000   Number         0  llushr.o ABSOLUTE
    ../clib/maybe.s                          0x00000000   Number         0  maybetermalloc1.o ABSOLUTE
    ../clib/maybe.s                          0x00000000   Number         0  maybetermalloc2.o ABSOLUTE
    ../clib/memcpset.s                       0x00000000   Number         0  rt_memcpy_w.o ABSOLUTE
    ../clib/memcpset.s                       0x00000000   Number         0  rt_memclr_w.o ABSOLUTE
    ../clib/memcpset.s                       0x00000000   Number         0  strcmpv7em.o ABSOLUTE
    ../clib/memcpset.s                       0x00000000   Number         0  rt_memcpy_v6.o ABSOLUTE
    ../clib/misc.s                           0x00000000   Number         0  printf_stubs.o ABSOLUTE
    ../clib/printf.c                         0x00000000   Number         0  __2printf.o ABSOLUTE
    ../clib/printf.c                         0x00000000   Number         0  __2snprintf.o ABSOLUTE
    ../clib/printf.c                         0x00000000   Number         0  noretval__2printf.o ABSOLUTE
    ../clib/printf.c                         0x00000000   Number         0  noretval__2snprintf.o ABSOLUTE
    ../clib/printf.c                         0x00000000   Number         0  __printf.o ABSOLUTE
    ../clib/printf.c                         0x00000000   Number         0  _printf_dec.o ABSOLUTE
    ../clib/printf.c                         0x00000000   Number         0  __printf_flags.o ABSOLUTE
    ../clib/printf.c                         0x00000000   Number         0  __printf_ss.o ABSOLUTE
    ../clib/printf.c                         0x00000000   Number         0  __printf_flags_ss.o ABSOLUTE
    ../clib/printf.c                         0x00000000   Number         0  __printf_wp.o ABSOLUTE
    ../clib/printf.c                         0x00000000   Number         0  __printf_flags_wp.o ABSOLUTE
    ../clib/printf.c                         0x00000000   Number         0  __printf_ss_wp.o ABSOLUTE
    ../clib/printf.c                         0x00000000   Number         0  __printf_flags_ss_wp.o ABSOLUTE
    ../clib/printf.c                         0x00000000   Number         0  _printf_intcommon.o ABSOLUTE
    ../clib/printf.c                         0x00000000   Number         0  _printf_fp_dec.o ABSOLUTE
    ../clib/printf.c                         0x00000000   Number         0  _printf_fp_dec_accurate.o ABSOLUTE
    ../clib/printf.c                         0x00000000   Number         0  _printf_char_common.o ABSOLUTE
    ../clib/printf.c                         0x00000000   Number         0  _sputc.o ABSOLUTE
    ../clib/printf.c                         0x00000000   Number         0  _snputc.o ABSOLUTE
    ../clib/printf.c                         0x00000000   Number         0  _printf_char_file.o ABSOLUTE
    ../clib/printf.c                         0x00000000   Number         0  _printf_fp_infnan.o ABSOLUTE
    ../clib/printf.c                         0x00000000   Number         0  __printf_nopercent.o ABSOLUTE
    ../clib/printf.c                         0x00000000   Number         0  _printf_char_file_locked.o ABSOLUTE
    ../clib/printf_percent.s                 0x00000000   Number         0  _printf_d.o ABSOLUTE
    ../clib/printf_percent.s                 0x00000000   Number         0  _printf_f.o ABSOLUTE
    ../clib/printf_percent.s                 0x00000000   Number         0  _printf_percent.o ABSOLUTE
    ../clib/printf_percent.s                 0x00000000   Number         0  _printf_percent_end.o ABSOLUTE
    ../clib/signal.c                         0x00000000   Number         0  defsig_rtmem_outer.o ABSOLUTE
    ../clib/signal.c                         0x00000000   Number         0  defsig_rtmem_formal.o ABSOLUTE
    ../clib/signal.c                         0x00000000   Number         0  defsig_exit.o ABSOLUTE
    ../clib/signal.c                         0x00000000   Number         0  defsig_fpe_outer.o ABSOLUTE
    ../clib/signal.c                         0x00000000   Number         0  defsig_fpe_formal.o ABSOLUTE
    ../clib/signal.c                         0x00000000   Number         0  defsig_rtred_outer.o ABSOLUTE
    ../clib/signal.c                         0x00000000   Number         0  defsig_rtred_formal.o ABSOLUTE
    ../clib/signal.c                         0x00000000   Number         0  defsig_rtmem_inner.o ABSOLUTE
    ../clib/signal.c                         0x00000000   Number         0  __raise.o ABSOLUTE
    ../clib/signal.c                         0x00000000   Number         0  defsig_general.o ABSOLUTE
    ../clib/signal.c                         0x00000000   Number         0  defsig_fpe_inner.o ABSOLUTE
    ../clib/signal.c                         0x00000000   Number         0  defsig_rtred_inner.o ABSOLUTE
    ../clib/signal.c                         0x00000000   Number         0  defsig_abrt_inner.o ABSOLUTE
    ../clib/signal.c                         0x00000000   Number         0  defsig_stak_inner.o ABSOLUTE
    ../clib/signal.c                         0x00000000   Number         0  defsig_pvfn_inner.o ABSOLUTE
    ../clib/signal.c                         0x00000000   Number         0  defsig_cppl_inner.o ABSOLUTE
    ../clib/signal.c                         0x00000000   Number         0  defsig_segv_inner.o ABSOLUTE
    ../clib/signal.c                         0x00000000   Number         0  defsig_other.o ABSOLUTE
    ../clib/signal.s                         0x00000000   Number         0  defsig.o ABSOLUTE
    ../clib/stdio.c                          0x00000000   Number         0  stdio_streams.o ABSOLUTE
    ../clib/stdio.c                          0x00000000   Number         0  ferror.o ABSOLUTE
    ../clib/stdio.c                          0x00000000   Number         0  fputc.o ABSOLUTE
    ../clib/stdio.c                          0x00000000   Number         0  initio.o ABSOLUTE
    ../clib/stdio.c                          0x00000000   Number         0  fputc_locked.o ABSOLUTE
    ../clib/stdio.c                          0x00000000   Number         0  ferror_locked.o ABSOLUTE
    ../clib/stdio.c                          0x00000000   Number         0  initio_locked.o ABSOLUTE
    ../clib/stdio.c                          0x00000000   Number         0  flsbuf.o ABSOLUTE
    ../clib/stdio.c                          0x00000000   Number         0  setvbuf.o ABSOLUTE
    ../clib/stdio.c                          0x00000000   Number         0  streamlock.o ABSOLUTE
    ../clib/stdio.c                          0x00000000   Number         0  fopen.o ABSOLUTE
    ../clib/stdio.c                          0x00000000   Number         0  fclose.o ABSOLUTE
    ../clib/stdio.c                          0x00000000   Number         0  setvbuf_locked.o ABSOLUTE
    ../clib/stdio.c                          0x00000000   Number         0  fopen_locked.o ABSOLUTE
    ../clib/stdio.c                          0x00000000   Number         0  fseek.o ABSOLUTE
    ../clib/stdio.c                          0x00000000   Number         0  stdio.o ABSOLUTE
    ../clib/stdio.c                          0x00000000   Number         0  fwritefast.o ABSOLUTE
    ../clib/stdio.c                          0x00000000   Number         0  fwritefast_locked.o ABSOLUTE
    ../clib/stdio.c                          0x00000000   Number         0  fflush.o ABSOLUTE
    ../clib/stdio.c                          0x00000000   Number         0  fputs.o ABSOLUTE
    ../clib/stdio.c                          0x00000000   Number         0  ftell.o ABSOLUTE
    ../clib/stdio.c                          0x00000000   Number         0  fputs_locked.o ABSOLUTE
    ../clib/stdio.c                          0x00000000   Number         0  fflush_locked.o ABSOLUTE
    ../clib/stdlib.c                         0x00000000   Number         0  exit.o ABSOLUTE
    ../clib/string.c                         0x00000000   Number         0  strlen.o ABSOLUTE
    ../clib/wchar.c                          0x00000000   Number         0  flsbuf_fwide.o ABSOLUTE
    ../fplib/d2f.s                           0x00000000   Number         0  d2f.o ABSOLUTE
    ../fplib/daddsub.s                       0x00000000   Number         0  daddsub_clz.o ABSOLUTE
    ../fplib/ddiv.s                          0x00000000   Number         0  ddiv.o ABSOLUTE
    ../fplib/dflt.s                          0x00000000   Number         0  dflt_clz.o ABSOLUTE
    ../fplib/dmul.s                          0x00000000   Number         0  dmul.o ABSOLUTE
    ../fplib/dnaninf.s                       0x00000000   Number         0  dnaninf.o ABSOLUTE
    ../fplib/dretinf.s                       0x00000000   Number         0  dretinf.o ABSOLUTE
    ../fplib/dsqrt.s                         0x00000000   Number         0  dsqrt_umaal.o ABSOLUTE
    ../fplib/f2d.s                           0x00000000   Number         0  f2d.o ABSOLUTE
    ../fplib/fnaninf.s                       0x00000000   Number         0  fnaninf.o ABSOLUTE
    ../fplib/fpinit.s                        0x00000000   Number         0  fpinit.o ABSOLUTE
    ../fplib/fretinf.s                       0x00000000   Number         0  fretinf.o ABSOLUTE
    ../fplib/istatus.s                       0x00000000   Number         0  istatus.o ABSOLUTE
    ../fplib/printf1.s                       0x00000000   Number         0  printf1.o ABSOLUTE
    ../fplib/usenofp.s                       0x00000000   Number         0  usenofp.o ABSOLUTE
    ../mathlib/fpclassify.c                  0x00000000   Number         0  fpclassify.o ABSOLUTE
    ../mathlib/sqrt.c                        0x00000000   Number         0  sqrt.o ABSOLUTE
    LED_F4Discovery.c                        0x00000000   Number         0  led_f4discovery.o ABSOLUTE
    LED_PB_functions.c                       0x00000000   Number         0  led_pb_functions.o ABSOLUTE
    PB_LCD_Drivers.c                         0x00000000   Number         0  pb_lcd_drivers.o ABSOLUTE
    RTE/Device/STM32F407VGTx/startup_stm32f407xx.s 0x00000000   Number         0  startup_stm32f407xx.o ABSOLUTE
    array-queue.c                            0x00000000   Number         0  array-queue.o ABSOLUTE
    dc.s                                     0x00000000   Number         0  dc.o ABSOLUTE
    digital_functions.c                      0x00000000   Number         0  digital_functions.o ABSOLUTE
    main.c                                   0x00000000   Number         0  main.o ABSOLUTE
    math_functions.c                         0x00000000   Number         0  math_functions.o ABSOLUTE
    multimeter_functions.c                   0x00000000   Number         0  multimeter_functions.o ABSOLUTE
    stm32f4xx_hal.c                          0x00000000   Number         0  stm32f4xx_hal.o ABSOLUTE
    stm32f4xx_hal_cortex.c                   0x00000000   Number         0  stm32f4xx_hal_cortex.o ABSOLUTE
    stm32f4xx_hal_gpio.c                     0x00000000   Number         0  stm32f4xx_hal_gpio.o ABSOLUTE
    stm32f4xx_hal_pwr.c                      0x00000000   Number         0  stm32f4xx_hal_pwr.o ABSOLUTE
    stm32f4xx_hal_pwr_ex.c                   0x00000000   Number         0  stm32f4xx_hal_pwr_ex.o ABSOLUTE
    stm32f4xx_hal_rcc.c                      0x00000000   Number         0  stm32f4xx_hal_rcc.o ABSOLUTE
    stm32f4xx_hal_rcc_ex.c                   0x00000000   Number         0  stm32f4xx_hal_rcc_ex.o ABSOLUTE
    system_stm32f4xx.c                       0x00000000   Number         0  system_stm32f4xx.o ABSOLUTE
    timer_functions.c                        0x00000000   Number         0  timer_functions.o ABSOLUTE
    RESET                                    0x08000000   Section      392  startup_stm32f407xx.o(RESET)
    !!!main                                  0x08000188   Section        8  __main.o(!!!main)
    !!!scatter                               0x08000190   Section       52  __scatter.o(!!!scatter)
    !!handler_copy                           0x080001c4   Section       26  __scatter_copy.o(!!handler_copy)
    !!handler_zi                             0x080001e0   Section       28  __scatter_zi.o(!!handler_zi)
    .ARM.Collect$$_printf_percent$$00000000  0x080001fc   Section        0  _printf_percent.o(.ARM.Collect$$_printf_percent$$00000000)
    .ARM.Collect$$_printf_percent$$00000003  0x080001fc   Section        6  _printf_f.o(.ARM.Collect$$_printf_percent$$00000003)
    .ARM.Collect$$_printf_percent$$00000017  0x08000202   Section        4  _printf_percent_end.o(.ARM.Collect$$_printf_percent$$00000017)
    .ARM.Collect$$libinit$$00000000          0x08000206   Section        2  libinit.o(.ARM.Collect$$libinit$$00000000)
    .ARM.Collect$$libinit$$00000001          0x08000208   Section        4  libinit2.o(.ARM.Collect$$libinit$$00000001)
    .ARM.Collect$$libinit$$00000004          0x0800020c   Section        0  libinit2.o(.ARM.Collect$$libinit$$00000004)
    .ARM.Collect$$libinit$$00000005          0x0800020c   Section        8  libinit2.o(.ARM.Collect$$libinit$$00000005)
    .ARM.Collect$$libinit$$0000000A          0x08000214   Section        0  libinit2.o(.ARM.Collect$$libinit$$0000000A)
    .ARM.Collect$$libinit$$0000000C          0x08000214   Section        0  libinit2.o(.ARM.Collect$$libinit$$0000000C)
    .ARM.Collect$$libinit$$0000000E          0x08000214   Section        0  libinit2.o(.ARM.Collect$$libinit$$0000000E)
    .ARM.Collect$$libinit$$0000000F          0x08000214   Section        6  libinit2.o(.ARM.Collect$$libinit$$0000000F)
    .ARM.Collect$$libinit$$00000011          0x0800021a   Section        0  libinit2.o(.ARM.Collect$$libinit$$00000011)
    .ARM.Collect$$libinit$$00000013          0x0800021a   Section        0  libinit2.o(.ARM.Collect$$libinit$$00000013)
    .ARM.Collect$$libinit$$00000015          0x0800021a   Section        0  libinit2.o(.ARM.Collect$$libinit$$00000015)
    .ARM.Collect$$libinit$$00000016          0x0800021a   Section       10  libinit2.o(.ARM.Collect$$libinit$$00000016)
    .ARM.Collect$$libinit$$00000017          0x08000224   Section        0  libinit2.o(.ARM.Collect$$libinit$$00000017)
    .ARM.Collect$$libinit$$00000019          0x08000224   Section        0  libinit2.o(.ARM.Collect$$libinit$$00000019)
    .ARM.Collect$$libinit$$0000001B          0x08000224   Section        0  libinit2.o(.ARM.Collect$$libinit$$0000001B)
    .ARM.Collect$$libinit$$0000001D          0x08000224   Section        0  libinit2.o(.ARM.Collect$$libinit$$0000001D)
    .ARM.Collect$$libinit$$0000001F          0x08000224   Section        0  libinit2.o(.ARM.Collect$$libinit$$0000001F)
    .ARM.Collect$$libinit$$00000021          0x08000224   Section        0  libinit2.o(.ARM.Collect$$libinit$$00000021)
    .ARM.Collect$$libinit$$00000023          0x08000224   Section        0  libinit2.o(.ARM.Collect$$libinit$$00000023)
    .ARM.Collect$$libinit$$00000025          0x08000224   Section        0  libinit2.o(.ARM.Collect$$libinit$$00000025)
    .ARM.Collect$$libinit$$0000002C          0x08000224   Section        0  libinit2.o(.ARM.Collect$$libinit$$0000002C)
    .ARM.Collect$$libinit$$0000002E          0x08000224   Section        0  libinit2.o(.ARM.Collect$$libinit$$0000002E)
    .ARM.Collect$$libinit$$00000030          0x08000224   Section        0  libinit2.o(.ARM.Collect$$libinit$$00000030)
    .ARM.Collect$$libinit$$00000032          0x08000224   Section        0  libinit2.o(.ARM.Collect$$libinit$$00000032)
    .ARM.Collect$$libinit$$00000033          0x08000224   Section        2  libinit2.o(.ARM.Collect$$libinit$$00000033)
    .ARM.Collect$$libshutdown$$00000000      0x08000226   Section        2  libshutdown.o(.ARM.Collect$$libshutdown$$00000000)
    .ARM.Collect$$libshutdown$$00000002      0x08000228   Section        0  libshutdown2.o(.ARM.Collect$$libshutdown$$00000002)
    .ARM.Collect$$libshutdown$$00000004      0x08000228   Section        0  libshutdown2.o(.ARM.Collect$$libshutdown$$00000004)
    .ARM.Collect$$libshutdown$$00000007      0x08000228   Section        0  libshutdown2.o(.ARM.Collect$$libshutdown$$00000007)
    .ARM.Collect$$libshutdown$$0000000A      0x08000228   Section        0  libshutdown2.o(.ARM.Collect$$libshutdown$$0000000A)
    .ARM.Collect$$libshutdown$$0000000C      0x08000228   Section        0  libshutdown2.o(.ARM.Collect$$libshutdown$$0000000C)
    .ARM.Collect$$libshutdown$$0000000F      0x08000228   Section        0  libshutdown2.o(.ARM.Collect$$libshutdown$$0000000F)
    .ARM.Collect$$libshutdown$$00000010      0x08000228   Section        2  libshutdown2.o(.ARM.Collect$$libshutdown$$00000010)
    .ARM.Collect$$rtentry$$00000000          0x0800022a   Section        0  __rtentry.o(.ARM.Collect$$rtentry$$00000000)
    .ARM.Collect$$rtentry$$00000002          0x0800022a   Section        0  __rtentry2.o(.ARM.Collect$$rtentry$$00000002)
    .ARM.Collect$$rtentry$$00000004          0x0800022a   Section        6  __rtentry4.o(.ARM.Collect$$rtentry$$00000004)
    .ARM.Collect$$rtentry$$00000009          0x08000230   Section        0  __rtentry2.o(.ARM.Collect$$rtentry$$00000009)
    .ARM.Collect$$rtentry$$0000000A          0x08000230   Section        4  __rtentry2.o(.ARM.Collect$$rtentry$$0000000A)
    .ARM.Collect$$rtentry$$0000000C          0x08000234   Section        0  __rtentry2.o(.ARM.Collect$$rtentry$$0000000C)
    .ARM.Collect$$rtentry$$0000000D          0x08000234   Section        8  __rtentry2.o(.ARM.Collect$$rtentry$$0000000D)
    .ARM.Collect$$rtexit$$00000000           0x0800023c   Section        2  rtexit.o(.ARM.Collect$$rtexit$$00000000)
    .ARM.Collect$$rtexit$$00000002           0x0800023e   Section        0  rtexit2.o(.ARM.Collect$$rtexit$$00000002)
    .ARM.Collect$$rtexit$$00000003           0x0800023e   Section        4  rtexit2.o(.ARM.Collect$$rtexit$$00000003)
    .ARM.Collect$$rtexit$$00000004           0x08000242   Section        6  rtexit2.o(.ARM.Collect$$rtexit$$00000004)
    $v0                                      0x08000248   Number         0  startup_stm32f407xx.o(.text)
    .text                                    0x08000248   Section       64  startup_stm32f407xx.o(.text)
    .text                                    0x08000288   Section        0  h1_alloc.o(.text)
    .text                                    0x080002e6   Section        0  h1_free.o(.text)
    .text                                    0x08000334   Section        0  noretval__2snprintf.o(.text)
    .text                                    0x08000368   Section        0  __printf_wp.o(.text)
    .text                                    0x08000476   Section        0  heapauxi.o(.text)
    .text                                    0x0800047c   Section        8  rt_heap_descriptor_intlibspace.o(.text)
    .text                                    0x08000484   Section        0  hguard.o(.text)
    .text                                    0x08000488   Section        0  init_alloc.o(.text)
    .text                                    0x08000512   Section        0  h1_init.o(.text)
    .text                                    0x08000520   Section        0  _rserrno.o(.text)
    _fp_digits                               0x08000537   Thumb Code   432  _printf_fp_dec.o(.text)
    .text                                    0x08000536   Section        0  _printf_fp_dec.o(.text)
    _printf_input_char                       0x08000955   Thumb Code    10  _printf_char_common.o(.text)
    .text                                    0x08000954   Section        0  _printf_char_common.o(.text)
    .text                                    0x08000984   Section        0  _sputc.o(.text)
    .text                                    0x0800098e   Section        0  _snputc.o(.text)
    .text                                    0x080009a0   Section        8  libspace.o(.text)
    .text                                    0x080009a8   Section        8  rt_locale_intlibspace.o(.text)
    .text                                    0x080009b0   Section        8  rt_errno_addr_intlibspace.o(.text)
    .text                                    0x080009b8   Section        0  maybetermalloc1.o(.text)
    .text                                    0x080009b8   Section        0  h1_extend.o(.text)
    .text                                    0x080009ec   Section      138  lludiv10.o(.text)
    .text                                    0x08000a78   Section        0  _printf_fp_infnan.o(.text)
    .text                                    0x08000af8   Section        0  bigflt0.o(.text)
    .text                                    0x08000bdc   Section        0  defsig_rtmem_outer.o(.text)
    .text                                    0x08000bea   Section        2  use_no_semi.o(.text)
    .text                                    0x08000bec   Section        0  indicate_semi.o(.text)
    .text                                    0x08000bec   Section       74  sys_stackheap_outer.o(.text)
    .text                                    0x08000c36   Section        0  exit.o(.text)
    .text                                    0x08000c48   Section        0  defsig_exit.o(.text)
    .text                                    0x08000c54   Section        0  defsig_rtmem_inner.o(.text)
    .text                                    0x08000ca8   Section      124  strcmpv7em.o(.text)
    .text                                    0x08000d24   Section        0  sys_exit.o(.text)
    .text                                    0x08000d30   Section        0  defsig_general.o(.text)
    .text                                    0x08000d62   Section        0  sys_wrch.o(.text)
    [Anonymous Symbol]                       0x08000d70   Section        0  multimeter_functions.o(.text.ACVoltage)
    [Anonymous Symbol]                       0x08000dd0   Section        0  multimeter_functions.o(.text.DCVoltage)
    [Anonymous Symbol]                       0x08000e28   Section        0  led_pb_functions.o(.text.EXTI0_IRQHandler)
    [Anonymous Symbol]                       0x08000e5c   Section        0  math_functions.o(.text.MeanAverage)
    [Anonymous Symbol]                       0x08000e88   Section        0  multimeter_functions.o(.text.OutputValue)
    [Anonymous Symbol]                       0x08000f94   Section        0  pb_lcd_drivers.o(.text.PB_LCD_Clear)
    [Anonymous Symbol]                       0x08000fac   Section        0  pb_lcd_drivers.o(.text.PB_LCD_GoToXY)
    [Anonymous Symbol]                       0x08000fe4   Section        0  pb_lcd_drivers.o(.text.PB_LCD_Init)
    [Anonymous Symbol]                       0x080010e8   Section        0  pb_lcd_drivers.o(.text.PB_LCD_IsBusy)
    [Anonymous Symbol]                       0x08001170   Section        0  pb_lcd_drivers.o(.text.PB_LCD_Microdelay)
    [Anonymous Symbol]                       0x080011bc   Section        0  pb_lcd_drivers.o(.text.PB_LCD_Set_As_Input)
    [Anonymous Symbol]                       0x080011e0   Section        0  pb_lcd_drivers.o(.text.PB_LCD_Set_As_Output)
    [Anonymous Symbol]                       0x08001224   Section        0  pb_lcd_drivers.o(.text.PB_LCD_Write)
    [Anonymous Symbol]                       0x08001290   Section        0  pb_lcd_drivers.o(.text.PB_LCD_WriteString)
    [Anonymous Symbol]                       0x080012c4   Section        0  math_functions.o(.text.RMSAverage)
    SysTick_Config                           0x080012fd   Thumb Code    36  main.o(.text.SysTick_Config)
    [Anonymous Symbol]                       0x080012fc   Section        0  main.o(.text.SysTick_Config)
    [Anonymous Symbol]                       0x08001320   Section        0  timer_functions.o(.text.SysTick_Handler)
    [Anonymous Symbol]                       0x08001330   Section        0  system_stm32f4xx.o(.text.SystemCoreClockUpdate)
    [Anonymous Symbol]                       0x080013b0   Section        0  system_stm32f4xx.o(.text.SystemInit)
    __NVIC_EnableIRQ                         0x080013c5   Thumb Code    14  led_pb_functions.o(.text.__NVIC_EnableIRQ)
    [Anonymous Symbol]                       0x080013c4   Section        0  led_pb_functions.o(.text.__NVIC_EnableIRQ)
    __NVIC_SetPriority                       0x080013d5   Thumb Code    14  main.o(.text.__NVIC_SetPriority)
    [Anonymous Symbol]                       0x080013d4   Section        0  main.o(.text.__NVIC_SetPriority)
    __NVIC_SetPriority                       0x080013e5   Thumb Code    14  led_pb_functions.o(.text.__NVIC_SetPriority)
    [Anonymous Symbol]                       0x080013e4   Section        0  led_pb_functions.o(.text.__NVIC_SetPriority)
    [Anonymous Symbol]                       0x080013f4   Section        0  multimeter_functions.o(.text.initADC)
    [Anonymous Symbol]                       0x08001464   Section        0  led_pb_functions.o(.text.initButton)
    [Anonymous Symbol]                       0x080014b8   Section        0  multimeter_functions.o(.text.initDAC)
    [Anonymous Symbol]                       0x080014d8   Section        0  digital_functions.o(.text.initDigitalPins)
    [Anonymous Symbol]                       0x08001534   Section        0  led_pb_functions.o(.text.initLEDs)
    [Anonymous Symbol]                       0x08001558   Section        0  multimeter_functions.o(.text.initPinSelect)
    [Anonymous Symbol]                       0x0800157c   Section        0  timer_functions.o(.text.initTimer)
    [Anonymous Symbol]                       0x080015d4   Section        0  main.o(.text.main)
    [Anonymous Symbol]                       0x08001628   Section        0  math_functions.o(.text.map)
    [Anonymous Symbol]                       0x08001644   Section        0  digital_functions.o(.text.setHigh)
    [Anonymous Symbol]                       0x08001654   Section        0  digital_functions.o(.text.setLow)
    [Anonymous Symbol]                       0x08001664   Section        0  multimeter_functions.o(.text.switchMode)
    [Anonymous Symbol]                       0x080016ac   Section        0  multimeter_functions.o(.text.waitForADCAndRead)
    [Anonymous Symbol]                       0x080016d4   Section        0  timer_functions.o(.text.waitInterval)
    CL$$btod_d2e                             0x080016ea   Section       62  btod.o(CL$$btod_d2e)
    CL$$btod_d2e_denorm_low                  0x08001728   Section       70  btod.o(CL$$btod_d2e_denorm_low)
    CL$$btod_d2e_norm_op1                    0x0800176e   Section       96  btod.o(CL$$btod_d2e_norm_op1)
    CL$$btod_div_common                      0x080017d0   Section      824  btod.o(CL$$btod_div_common)
    CL$$btod_e2e                             0x08001b08   Section      220  btod.o(CL$$btod_e2e)
    CL$$btod_ediv                            0x08001be4   Section       42  btod.o(CL$$btod_ediv)
    CL$$btod_emul                            0x08001c0e   Section       42  btod.o(CL$$btod_emul)
    CL$$btod_mult_common                     0x08001c38   Section      580  btod.o(CL$$btod_mult_common)
    i.__ARM_fpclassify                       0x08001e7c   Section        0  fpclassify.o(i.__ARM_fpclassify)
    i.__hardfp_sqrt                          0x08001eac   Section        0  sqrt.o(i.__hardfp_sqrt)
    i._is_digit                              0x08001f26   Section        0  __printf_wp.o(i._is_digit)
    locale$$code                             0x08001f34   Section       44  lc_numeric_c.o(locale$$code)
    $v0                                      0x08001f60   Number         0  d2f.o(x$fpl$d2f)
    x$fpl$d2f                                0x08001f60   Section       98  d2f.o(x$fpl$d2f)
    $v0                                      0x08001fc4   Number         0  daddsub_clz.o(x$fpl$dadd)
    x$fpl$dadd                               0x08001fc4   Section      336  daddsub_clz.o(x$fpl$dadd)
    _dadd1                                   0x08001fd5   Thumb Code     0  daddsub_clz.o(x$fpl$dadd)
    $v0                                      0x08002114   Number         0  ddiv.o(x$fpl$ddiv)
    x$fpl$ddiv                               0x08002114   Section      692  ddiv.o(x$fpl$ddiv)
    ddiv_entry                               0x0800211b   Thumb Code     0  ddiv.o(x$fpl$ddiv)
    $v0                                      0x080023c8   Number         0  dflt_clz.o(x$fpl$dflt)
    x$fpl$dflt                               0x080023c8   Section       46  dflt_clz.o(x$fpl$dflt)
    $v0                                      0x080023f6   Number         0  dflt_clz.o(x$fpl$dfltu)
    x$fpl$dfltu                              0x080023f6   Section       38  dflt_clz.o(x$fpl$dfltu)
    $v0                                      0x0800241c   Number         0  dmul.o(x$fpl$dmul)
    x$fpl$dmul                               0x0800241c   Section      340  dmul.o(x$fpl$dmul)
    $v0                                      0x08002570   Number         0  dnaninf.o(x$fpl$dnaninf)
    x$fpl$dnaninf                            0x08002570   Section      156  dnaninf.o(x$fpl$dnaninf)
    $v0                                      0x0800260c   Number         0  dretinf.o(x$fpl$dretinf)
    x$fpl$dretinf                            0x0800260c   Section       12  dretinf.o(x$fpl$dretinf)
    $v0                                      0x08002618   Number         0  dsqrt_umaal.o(x$fpl$dsqrt)
    x$fpl$dsqrt                              0x08002618   Section      408  dsqrt_umaal.o(x$fpl$dsqrt)
    $v0                                      0x080027b0   Number         0  daddsub_clz.o(x$fpl$dsub)
    x$fpl$dsub                               0x080027b0   Section      476  daddsub_clz.o(x$fpl$dsub)
    _dsub1                                   0x080027c1   Thumb Code     0  daddsub_clz.o(x$fpl$dsub)
    $v0                                      0x0800298c   Number         0  f2d.o(x$fpl$f2d)
    x$fpl$f2d                                0x0800298c   Section       86  f2d.o(x$fpl$f2d)
    $v0                                      0x080029e2   Number         0  fnaninf.o(x$fpl$fnaninf)
    x$fpl$fnaninf                            0x080029e2   Section      140  fnaninf.o(x$fpl$fnaninf)
    $v0                                      0x08002a6e   Number         0  fpinit.o(x$fpl$fpinit)
    x$fpl$fpinit                             0x08002a6e   Section       26  fpinit.o(x$fpl$fpinit)
    $v0                                      0x08002a88   Number         0  fretinf.o(x$fpl$fretinf)
    x$fpl$fretinf                            0x08002a88   Section       10  fretinf.o(x$fpl$fretinf)
    $v0                                      0x08002a92   Number         0  printf1.o(x$fpl$printf1)
    x$fpl$printf1                            0x08002a92   Section        4  printf1.o(x$fpl$printf1)
    x$fpl$usenofp                            0x08002a96   Section        0  usenofp.o(x$fpl$usenofp)
    tenpwrs_x                                0x08002a98   Data          60  bigflt0.o(.constdata)
    .constdata                               0x08002a98   Section      148  bigflt0.o(.constdata)
    tenpwrs_i                                0x08002ad4   Data          64  bigflt0.o(.constdata)
    locale$$data                             0x08002b5c   Section       28  lc_numeric_c.o(locale$$data)
    __lcnum_c_name                           0x08002b60   Data           2  lc_numeric_c.o(locale$$data)
    __lcnum_c_start                          0x08002b68   Data           0  lc_numeric_c.o(locale$$data)
    __lcnum_c_point                          0x08002b74   Data           0  lc_numeric_c.o(locale$$data)
    __lcnum_c_thousands                      0x08002b76   Data           0  lc_numeric_c.o(locale$$data)
    __lcnum_c_grouping                       0x08002b77   Data           0  lc_numeric_c.o(locale$$data)
    __lcnum_c_end                            0x08002b78   Data           0  lc_numeric_c.o(locale$$data)
    .bss                                     0x20000008   Section       96  libspace.o(.bss)
    debounce_counter                         0x2000006c   Data           4  led_pb_functions.o(.bss.debounce_counter)
    [Anonymous Symbol]                       0x2000006c   Section        0  led_pb_functions.o(.bss.debounce_counter)
    Heap_Mem                                 0x20000078   Data         512  startup_stm32f407xx.o(HEAP)
    HEAP                                     0x20000078   Section      512  startup_stm32f407xx.o(HEAP)
    Stack_Mem                                0x20000278   Data        1024  startup_stm32f407xx.o(STACK)
    STACK                                    0x20000278   Section     1024  startup_stm32f407xx.o(STACK)
    __initial_sp                             0x20000678   Data           0  startup_stm32f407xx.o(STACK)

    Global Symbols

    Symbol Name                              Value     Ov Type        Size  Object(Section)

    BuildAttributes$$THM_ISAv4$E$P$D$K$B$S$7EM$VFPi3$EXTD16$VFPS$VFMA$PE$A:L22UL41UL21$X:L11$S22US41US21$IEEE1$IW$~IW$USESV6$~STKCKD$USESV7$~SHL$OTIME$ROPI$IEEEJ$EBA8$UX$STANDARDLIB$REQ8$PRES8$EABIv2 0x00000000   Number         0  anon$$obj.o ABSOLUTE
    _printf_flags                            0x00000000   Number         0  printf_stubs.o ABSOLUTE
    _printf_return_value                     0x00000000   Number         0  printf_stubs.o ABSOLUTE
    _printf_sizespec                         0x00000000   Number         0  printf_stubs.o ABSOLUTE
    _printf_widthprec                        0x00000000   Number         0  printf_stubs.o ABSOLUTE
    __ARM_exceptions_init                     - Undefined Weak Reference
    __alloca_initialize                       - Undefined Weak Reference
    __arm_preinit_                            - Undefined Weak Reference
    __cpp_initialize__aeabi_                  - Undefined Weak Reference
    __cxa_finalize                            - Undefined Weak Reference
    __sigvec_lookup                           - Undefined Weak Reference
    __user_heap_extent                        - Undefined Weak Reference
    _atexit_init                              - Undefined Weak Reference
    _call_atexit_fns                          - Undefined Weak Reference
    _clock_init                               - Undefined Weak Reference
    _fp_trap_init                             - Undefined Weak Reference
    _fp_trap_shutdown                         - Undefined Weak Reference
    _get_lc_collate                           - Undefined Weak Reference
    _get_lc_ctype                             - Undefined Weak Reference
    _get_lc_monetary                          - Undefined Weak Reference
    _get_lc_time                              - Undefined Weak Reference
    _getenv_init                              - Undefined Weak Reference
    _handle_redirection                       - Undefined Weak Reference
    _mutex_acquire                            - Undefined Weak Reference
    _mutex_free                               - Undefined Weak Reference
    _mutex_release                            - Undefined Weak Reference
    _printf_post_padding                      - Undefined Weak Reference
    _printf_pre_padding                       - Undefined Weak Reference
    _printf_truncate_signed                   - Undefined Weak Reference
    _printf_truncate_unsigned                 - Undefined Weak Reference
    _rand_init                                - Undefined Weak Reference
    _signal_finish                            - Undefined Weak Reference
    _signal_init                              - Undefined Weak Reference
    __Vectors_Size                           0x00000188   Number         0  startup_stm32f407xx.o ABSOLUTE
    __Vectors                                0x08000000   Data           4  startup_stm32f407xx.o(RESET)
    __Vectors_End                            0x08000188   Data           0  startup_stm32f407xx.o(RESET)
    __main                                   0x08000189   Thumb Code     8  __main.o(!!!main)
    __scatterload                            0x08000191   Thumb Code     0  __scatter.o(!!!scatter)
    __scatterload_rt2                        0x08000191   Thumb Code    44  __scatter.o(!!!scatter)
    __scatterload_rt2_thumb_only             0x08000191   Thumb Code     0  __scatter.o(!!!scatter)
    __scatterload_null                       0x0800019f   Thumb Code     0  __scatter.o(!!!scatter)
    __scatterload_copy                       0x080001c5   Thumb Code    26  __scatter_copy.o(!!handler_copy)
    __scatterload_zeroinit                   0x080001e1   Thumb Code    28  __scatter_zi.o(!!handler_zi)
    _printf_f                                0x080001fd   Thumb Code     0  _printf_f.o(.ARM.Collect$$_printf_percent$$00000003)
    _printf_percent                          0x080001fd   Thumb Code     0  _printf_percent.o(.ARM.Collect$$_printf_percent$$00000000)
    _printf_percent_end                      0x08000203   Thumb Code     0  _printf_percent_end.o(.ARM.Collect$$_printf_percent$$00000017)
    __rt_lib_init                            0x08000207   Thumb Code     0  libinit.o(.ARM.Collect$$libinit$$00000000)
    __rt_lib_init_fp_1                       0x08000209   Thumb Code     0  libinit2.o(.ARM.Collect$$libinit$$00000001)
    __rt_lib_init_heap_2                     0x0800020d   Thumb Code     0  libinit2.o(.ARM.Collect$$libinit$$00000005)
    __rt_lib_init_preinit_1                  0x0800020d   Thumb Code     0  libinit2.o(.ARM.Collect$$libinit$$00000004)
    __rt_lib_init_heap_1                     0x08000215   Thumb Code     0  libinit2.o(.ARM.Collect$$libinit$$0000000A)
    __rt_lib_init_lc_common                  0x08000215   Thumb Code     0  libinit2.o(.ARM.Collect$$libinit$$0000000F)
    __rt_lib_init_rand_1                     0x08000215   Thumb Code     0  libinit2.o(.ARM.Collect$$libinit$$0000000E)
    __rt_lib_init_user_alloc_1               0x08000215   Thumb Code     0  libinit2.o(.ARM.Collect$$libinit$$0000000C)
    __rt_lib_init_lc_collate_1               0x0800021b   Thumb Code     0  libinit2.o(.ARM.Collect$$libinit$$00000011)
    __rt_lib_init_lc_ctype_1                 0x0800021b   Thumb Code     0  libinit2.o(.ARM.Collect$$libinit$$00000013)
    __rt_lib_init_lc_monetary_1              0x0800021b   Thumb Code     0  libinit2.o(.ARM.Collect$$libinit$$00000015)
    __rt_lib_init_lc_numeric_2               0x0800021b   Thumb Code     0  libinit2.o(.ARM.Collect$$libinit$$00000016)
    __rt_lib_init_alloca_1                   0x08000225   Thumb Code     0  libinit2.o(.ARM.Collect$$libinit$$0000002E)
    __rt_lib_init_argv_1                     0x08000225   Thumb Code     0  libinit2.o(.ARM.Collect$$libinit$$0000002C)
    __rt_lib_init_atexit_1                   0x08000225   Thumb Code     0  libinit2.o(.ARM.Collect$$libinit$$0000001B)
    __rt_lib_init_clock_1                    0x08000225   Thumb Code     0  libinit2.o(.ARM.Collect$$libinit$$00000021)
    __rt_lib_init_cpp_1                      0x08000225   Thumb Code     0  libinit2.o(.ARM.Collect$$libinit$$00000032)
    __rt_lib_init_exceptions_1               0x08000225   Thumb Code     0  libinit2.o(.ARM.Collect$$libinit$$00000030)
    __rt_lib_init_fp_trap_1                  0x08000225   Thumb Code     0  libinit2.o(.ARM.Collect$$libinit$$0000001F)
    __rt_lib_init_getenv_1                   0x08000225   Thumb Code     0  libinit2.o(.ARM.Collect$$libinit$$00000023)
    __rt_lib_init_lc_numeric_1               0x08000225   Thumb Code     0  libinit2.o(.ARM.Collect$$libinit$$00000017)
    __rt_lib_init_lc_time_1                  0x08000225   Thumb Code     0  libinit2.o(.ARM.Collect$$libinit$$00000019)
    __rt_lib_init_return                     0x08000225   Thumb Code     0  libinit2.o(.ARM.Collect$$libinit$$00000033)
    __rt_lib_init_signal_1                   0x08000225   Thumb Code     0  libinit2.o(.ARM.Collect$$libinit$$0000001D)
    __rt_lib_init_stdio_1                    0x08000225   Thumb Code     0  libinit2.o(.ARM.Collect$$libinit$$00000025)
    __rt_lib_shutdown                        0x08000227   Thumb Code     0  libshutdown.o(.ARM.Collect$$libshutdown$$00000000)
    __rt_lib_shutdown_cpp_1                  0x08000229   Thumb Code     0  libshutdown2.o(.ARM.Collect$$libshutdown$$00000002)
    __rt_lib_shutdown_fp_trap_1              0x08000229   Thumb Code     0  libshutdown2.o(.ARM.Collect$$libshutdown$$00000007)
    __rt_lib_shutdown_heap_1                 0x08000229   Thumb Code     0  libshutdown2.o(.ARM.Collect$$libshutdown$$0000000F)
    __rt_lib_shutdown_return                 0x08000229   Thumb Code     0  libshutdown2.o(.ARM.Collect$$libshutdown$$00000010)
    __rt_lib_shutdown_signal_1               0x08000229   Thumb Code     0  libshutdown2.o(.ARM.Collect$$libshutdown$$0000000A)
    __rt_lib_shutdown_stdio_1                0x08000229   Thumb Code     0  libshutdown2.o(.ARM.Collect$$libshutdown$$00000004)
    __rt_lib_shutdown_user_alloc_1           0x08000229   Thumb Code     0  libshutdown2.o(.ARM.Collect$$libshutdown$$0000000C)
    __rt_entry                               0x0800022b   Thumb Code     0  __rtentry.o(.ARM.Collect$$rtentry$$00000000)
    __rt_entry_presh_1                       0x0800022b   Thumb Code     0  __rtentry2.o(.ARM.Collect$$rtentry$$00000002)
    __rt_entry_sh                            0x0800022b   Thumb Code     0  __rtentry4.o(.ARM.Collect$$rtentry$$00000004)
    __rt_entry_li                            0x08000231   Thumb Code     0  __rtentry2.o(.ARM.Collect$$rtentry$$0000000A)
    __rt_entry_postsh_1                      0x08000231   Thumb Code     0  __rtentry2.o(.ARM.Collect$$rtentry$$00000009)
    __rt_entry_main                          0x08000235   Thumb Code     0  __rtentry2.o(.ARM.Collect$$rtentry$$0000000D)
    __rt_entry_postli_1                      0x08000235   Thumb Code     0  __rtentry2.o(.ARM.Collect$$rtentry$$0000000C)
    __rt_exit                                0x0800023d   Thumb Code     0  rtexit.o(.ARM.Collect$$rtexit$$00000000)
    __rt_exit_ls                             0x0800023f   Thumb Code     0  rtexit2.o(.ARM.Collect$$rtexit$$00000003)
    __rt_exit_prels_1                        0x0800023f   Thumb Code     0  rtexit2.o(.ARM.Collect$$rtexit$$00000002)
    __rt_exit_exit                           0x08000243   Thumb Code     0  rtexit2.o(.ARM.Collect$$rtexit$$00000004)
    Reset_Handler                            0x08000249   Thumb Code     8  startup_stm32f407xx.o(.text)
    NMI_Handler                              0x08000251   Thumb Code     2  startup_stm32f407xx.o(.text)
    HardFault_Handler                        0x08000253   Thumb Code     2  startup_stm32f407xx.o(.text)
    MemManage_Handler                        0x08000255   Thumb Code     2  startup_stm32f407xx.o(.text)
    BusFault_Handler                         0x08000257   Thumb Code     2  startup_stm32f407xx.o(.text)
    UsageFault_Handler                       0x08000259   Thumb Code     2  startup_stm32f407xx.o(.text)
    SVC_Handler                              0x0800025b   Thumb Code     2  startup_stm32f407xx.o(.text)
    DebugMon_Handler                         0x0800025d   Thumb Code     2  startup_stm32f407xx.o(.text)
    PendSV_Handler                           0x0800025f   Thumb Code     2  startup_stm32f407xx.o(.text)
    ADC_IRQHandler                           0x08000263   Thumb Code     0  startup_stm32f407xx.o(.text)
    CAN1_RX0_IRQHandler                      0x08000263   Thumb Code     0  startup_stm32f407xx.o(.text)
    CAN1_RX1_IRQHandler                      0x08000263   Thumb Code     0  startup_stm32f407xx.o(.text)
    CAN1_SCE_IRQHandler                      0x08000263   Thumb Code     0  startup_stm32f407xx.o(.text)
    CAN1_TX_IRQHandler                       0x08000263   Thumb Code     0  startup_stm32f407xx.o(.text)
    CAN2_RX0_IRQHandler                      0x08000263   Thumb Code     0  startup_stm32f407xx.o(.text)
    CAN2_RX1_IRQHandler                      0x08000263   Thumb Code     0  startup_stm32f407xx.o(.text)
    CAN2_SCE_IRQHandler                      0x08000263   Thumb Code     0  startup_stm32f407xx.o(.text)
    CAN2_TX_IRQHandler                       0x08000263   Thumb Code     0  startup_stm32f407xx.o(.text)
    DCMI_IRQHandler                          0x08000263   Thumb Code     0  startup_stm32f407xx.o(.text)
    DMA1_Stream0_IRQHandler                  0x08000263   Thumb Code     0  startup_stm32f407xx.o(.text)
    DMA1_Stream1_IRQHandler                  0x08000263   Thumb Code     0  startup_stm32f407xx.o(.text)
    DMA1_Stream2_IRQHandler                  0x08000263   Thumb Code     0  startup_stm32f407xx.o(.text)
    DMA1_Stream3_IRQHandler                  0x08000263   Thumb Code     0  startup_stm32f407xx.o(.text)
    DMA1_Stream4_IRQHandler                  0x08000263   Thumb Code     0  startup_stm32f407xx.o(.text)
    DMA1_Stream5_IRQHandler                  0x08000263   Thumb Code     0  startup_stm32f407xx.o(.text)
    DMA1_Stream6_IRQHandler                  0x08000263   Thumb Code     0  startup_stm32f407xx.o(.text)
    DMA1_Stream7_IRQHandler                  0x08000263   Thumb Code     0  startup_stm32f407xx.o(.text)
    DMA2_Stream0_IRQHandler                  0x08000263   Thumb Code     0  startup_stm32f407xx.o(.text)
    DMA2_Stream1_IRQHandler                  0x08000263   Thumb Code     0  startup_stm32f407xx.o(.text)
    DMA2_Stream2_IRQHandler                  0x08000263   Thumb Code     0  startup_stm32f407xx.o(.text)
    DMA2_Stream3_IRQHandler                  0x08000263   Thumb Code     0  startup_stm32f407xx.o(.text)
    DMA2_Stream4_IRQHandler                  0x08000263   Thumb Code     0  startup_stm32f407xx.o(.text)
    DMA2_Stream5_IRQHandler                  0x08000263   Thumb Code     0  startup_stm32f407xx.o(.text)
    DMA2_Stream6_IRQHandler                  0x08000263   Thumb Code     0  startup_stm32f407xx.o(.text)
    DMA2_Stream7_IRQHandler                  0x08000263   Thumb Code     0  startup_stm32f407xx.o(.text)
    ETH_IRQHandler                           0x08000263   Thumb Code     0  startup_stm32f407xx.o(.text)
    ETH_WKUP_IRQHandler                      0x08000263   Thumb Code     0  startup_stm32f407xx.o(.text)
    EXTI15_10_IRQHandler                     0x08000263   Thumb Code     0  startup_stm32f407xx.o(.text)
    EXTI1_IRQHandler                         0x08000263   Thumb Code     0  startup_stm32f407xx.o(.text)
    EXTI2_IRQHandler                         0x08000263   Thumb Code     0  startup_stm32f407xx.o(.text)
    EXTI3_IRQHandler                         0x08000263   Thumb Code     0  startup_stm32f407xx.o(.text)
    EXTI4_IRQHandler                         0x08000263   Thumb Code     0  startup_stm32f407xx.o(.text)
    EXTI9_5_IRQHandler                       0x08000263   Thumb Code     0  startup_stm32f407xx.o(.text)
    FLASH_IRQHandler                         0x08000263   Thumb Code     0  startup_stm32f407xx.o(.text)
    FMC_IRQHandler                           0x08000263   Thumb Code     0  startup_stm32f407xx.o(.text)
    FPU_IRQHandler                           0x08000263   Thumb Code     0  startup_stm32f407xx.o(.text)
    HASH_RNG_IRQHandler                      0x08000263   Thumb Code     0  startup_stm32f407xx.o(.text)
    I2C1_ER_IRQHandler                       0x08000263   Thumb Code     0  startup_stm32f407xx.o(.text)
    I2C1_EV_IRQHandler                       0x08000263   Thumb Code     0  startup_stm32f407xx.o(.text)
    I2C2_ER_IRQHandler                       0x08000263   Thumb Code     0  startup_stm32f407xx.o(.text)
    I2C2_EV_IRQHandler                       0x08000263   Thumb Code     0  startup_stm32f407xx.o(.text)
    I2C3_ER_IRQHandler                       0x08000263   Thumb Code     0  startup_stm32f407xx.o(.text)
    I2C3_EV_IRQHandler                       0x08000263   Thumb Code     0  startup_stm32f407xx.o(.text)
    OTG_FS_IRQHandler                        0x08000263   Thumb Code     0  startup_stm32f407xx.o(.text)
    OTG_FS_WKUP_IRQHandler                   0x08000263   Thumb Code     0  startup_stm32f407xx.o(.text)
    OTG_HS_EP1_IN_IRQHandler                 0x08000263   Thumb Code     0  startup_stm32f407xx.o(.text)
    OTG_HS_EP1_OUT_IRQHandler                0x08000263   Thumb Code     0  startup_stm32f407xx.o(.text)
    OTG_HS_IRQHandler                        0x08000263   Thumb Code     0  startup_stm32f407xx.o(.text)
    OTG_HS_WKUP_IRQHandler                   0x08000263   Thumb Code     0  startup_stm32f407xx.o(.text)
    PVD_IRQHandler                           0x08000263   Thumb Code     0  startup_stm32f407xx.o(.text)
    RCC_IRQHandler                           0x08000263   Thumb Code     0  startup_stm32f407xx.o(.text)
    RTC_Alarm_IRQHandler                     0x08000263   Thumb Code     0  startup_stm32f407xx.o(.text)
    RTC_WKUP_IRQHandler                      0x08000263   Thumb Code     0  startup_stm32f407xx.o(.text)
    SDIO_IRQHandler                          0x08000263   Thumb Code     0  startup_stm32f407xx.o(.text)
    SPI1_IRQHandler                          0x08000263   Thumb Code     0  startup_stm32f407xx.o(.text)
    SPI2_IRQHandler                          0x08000263   Thumb Code     0  startup_stm32f407xx.o(.text)
    SPI3_IRQHandler                          0x08000263   Thumb Code     0  startup_stm32f407xx.o(.text)
    TAMP_STAMP_IRQHandler                    0x08000263   Thumb Code     0  startup_stm32f407xx.o(.text)
    TIM1_BRK_TIM9_IRQHandler                 0x08000263   Thumb Code     0  startup_stm32f407xx.o(.text)
    TIM1_CC_IRQHandler                       0x08000263   Thumb Code     0  startup_stm32f407xx.o(.text)
    TIM1_TRG_COM_TIM11_IRQHandler            0x08000263   Thumb Code     0  startup_stm32f407xx.o(.text)
    TIM1_UP_TIM10_IRQHandler                 0x08000263   Thumb Code     0  startup_stm32f407xx.o(.text)
    TIM2_IRQHandler                          0x08000263   Thumb Code     0  startup_stm32f407xx.o(.text)
    TIM3_IRQHandler                          0x08000263   Thumb Code     0  startup_stm32f407xx.o(.text)
    TIM4_IRQHandler                          0x08000263   Thumb Code     0  startup_stm32f407xx.o(.text)
    TIM5_IRQHandler                          0x08000263   Thumb Code     0  startup_stm32f407xx.o(.text)
    TIM6_DAC_IRQHandler                      0x08000263   Thumb Code     0  startup_stm32f407xx.o(.text)
    TIM7_IRQHandler                          0x08000263   Thumb Code     0  startup_stm32f407xx.o(.text)
    TIM8_BRK_TIM12_IRQHandler                0x08000263   Thumb Code     0  startup_stm32f407xx.o(.text)
    TIM8_CC_IRQHandler                       0x08000263   Thumb Code     0  startup_stm32f407xx.o(.text)
    TIM8_TRG_COM_TIM14_IRQHandler            0x08000263   Thumb Code     0  startup_stm32f407xx.o(.text)
    TIM8_UP_TIM13_IRQHandler                 0x08000263   Thumb Code     0  startup_stm32f407xx.o(.text)
    UART4_IRQHandler                         0x08000263   Thumb Code     0  startup_stm32f407xx.o(.text)
    UART5_IRQHandler                         0x08000263   Thumb Code     0  startup_stm32f407xx.o(.text)
    USART1_IRQHandler                        0x08000263   Thumb Code     0  startup_stm32f407xx.o(.text)
    USART2_IRQHandler                        0x08000263   Thumb Code     0  startup_stm32f407xx.o(.text)
    USART3_IRQHandler                        0x08000263   Thumb Code     0  startup_stm32f407xx.o(.text)
    USART6_IRQHandler                        0x08000263   Thumb Code     0  startup_stm32f407xx.o(.text)
    WWDG_IRQHandler                          0x08000263   Thumb Code     0  startup_stm32f407xx.o(.text)
    __user_initial_stackheap                 0x08000265   Thumb Code     0  startup_stm32f407xx.o(.text)
    malloc                                   0x08000289   Thumb Code    94  h1_alloc.o(.text)
    free                                     0x080002e7   Thumb Code    78  h1_free.o(.text)
    __2snprintf                              0x08000335   Thumb Code    48  noretval__2snprintf.o(.text)
    __printf                                 0x08000369   Thumb Code   270  __printf_wp.o(.text)
    __use_two_region_memory                  0x08000477   Thumb Code     2  heapauxi.o(.text)
    __rt_heap_escrow                         0x08000479   Thumb Code     2  heapauxi.o(.text)
    __rt_heap_expand                         0x0800047b   Thumb Code     2  heapauxi.o(.text)
    __rt_heap_descriptor                     0x0800047d   Thumb Code     8  rt_heap_descriptor_intlibspace.o(.text)
    __use_no_heap                            0x08000485   Thumb Code     2  hguard.o(.text)
    __heap$guard                             0x08000487   Thumb Code     2  hguard.o(.text)
    _terminate_user_alloc                    0x08000489   Thumb Code     2  init_alloc.o(.text)
    _init_user_alloc                         0x0800048b   Thumb Code     2  init_alloc.o(.text)
    __Heap_Full                              0x0800048d   Thumb Code    34  init_alloc.o(.text)
    __Heap_Broken                            0x080004af   Thumb Code     6  init_alloc.o(.text)
    _init_alloc                              0x080004b5   Thumb Code    94  init_alloc.o(.text)
    __Heap_Initialize                        0x08000513   Thumb Code    10  h1_init.o(.text)
    __Heap_DescSize                          0x0800051d   Thumb Code     4  h1_init.o(.text)
    __read_errno                             0x08000521   Thumb Code    10  _rserrno.o(.text)
    __set_errno                              0x0800052b   Thumb Code    12  _rserrno.o(.text)
    _printf_fp_dec_real                      0x080006e7   Thumb Code   620  _printf_fp_dec.o(.text)
    _printf_char_common                      0x0800095f   Thumb Code    32  _printf_char_common.o(.text)
    _sputc                                   0x08000985   Thumb Code    10  _sputc.o(.text)
    _snputc                                  0x0800098f   Thumb Code    16  _snputc.o(.text)
    __user_libspace                          0x080009a1   Thumb Code     8  libspace.o(.text)
    __user_perproc_libspace                  0x080009a1   Thumb Code     0  libspace.o(.text)
    __user_perthread_libspace                0x080009a1   Thumb Code     0  libspace.o(.text)
    __rt_locale                              0x080009a9   Thumb Code     8  rt_locale_intlibspace.o(.text)
    __aeabi_errno_addr                       0x080009b1   Thumb Code     8  rt_errno_addr_intlibspace.o(.text)
    __errno$intlibspace                      0x080009b1   Thumb Code     0  rt_errno_addr_intlibspace.o(.text)
    __rt_errno_addr$intlibspace              0x080009b1   Thumb Code     0  rt_errno_addr_intlibspace.o(.text)
    __Heap_ProvideMemory                     0x080009b9   Thumb Code    52  h1_extend.o(.text)
    _maybe_terminate_alloc                   0x080009b9   Thumb Code     0  maybetermalloc1.o(.text)
    _ll_udiv10                               0x080009ed   Thumb Code   138  lludiv10.o(.text)
    _printf_fp_infnan                        0x08000a79   Thumb Code   112  _printf_fp_infnan.o(.text)
    _btod_etento                             0x08000af9   Thumb Code   224  bigflt0.o(.text)
    __rt_SIGRTMEM                            0x08000bdd   Thumb Code    14  defsig_rtmem_outer.o(.text)
    __I$use$semihosting                      0x08000beb   Thumb Code     0  use_no_semi.o(.text)
    __use_no_semihosting_swi                 0x08000beb   Thumb Code     2  use_no_semi.o(.text)
    __semihosting_library_function           0x08000bed   Thumb Code     0  indicate_semi.o(.text)
    __user_setup_stackheap                   0x08000bed   Thumb Code    74  sys_stackheap_outer.o(.text)
    exit                                     0x08000c37   Thumb Code    18  exit.o(.text)
    __sig_exit                               0x08000c49   Thumb Code    10  defsig_exit.o(.text)
    __rt_SIGRTMEM_inner                      0x08000c55   Thumb Code    22  defsig_rtmem_inner.o(.text)
    strcmp                                   0x08000ca9   Thumb Code   124  strcmpv7em.o(.text)
    _sys_exit                                0x08000d25   Thumb Code     8  sys_exit.o(.text)
    __default_signal_display                 0x08000d31   Thumb Code    50  defsig_general.o(.text)
    _ttywrch                                 0x08000d63   Thumb Code    14  sys_wrch.o(.text)
    ACVoltage                                0x08000d71   Thumb Code    96  multimeter_functions.o(.text.ACVoltage)
    DCVoltage                                0x08000dd1   Thumb Code    88  multimeter_functions.o(.text.DCVoltage)
    EXTI0_IRQHandler                         0x08000e29   Thumb Code    50  led_pb_functions.o(.text.EXTI0_IRQHandler)
    MeanAverage                              0x08000e5d   Thumb Code    44  math_functions.o(.text.MeanAverage)
    OutputValue                              0x08000e89   Thumb Code   184  multimeter_functions.o(.text.OutputValue)
    PB_LCD_Clear                             0x08000f95   Thumb Code    22  pb_lcd_drivers.o(.text.PB_LCD_Clear)
    PB_LCD_GoToXY                            0x08000fad   Thumb Code    54  pb_lcd_drivers.o(.text.PB_LCD_GoToXY)
    PB_LCD_Init                              0x08000fe5   Thumb Code   260  pb_lcd_drivers.o(.text.PB_LCD_Init)
    PB_LCD_IsBusy                            0x080010e9   Thumb Code   134  pb_lcd_drivers.o(.text.PB_LCD_IsBusy)
    PB_LCD_Microdelay                        0x08001171   Thumb Code    76  pb_lcd_drivers.o(.text.PB_LCD_Microdelay)
    PB_LCD_Set_As_Input                      0x080011bd   Thumb Code    34  pb_lcd_drivers.o(.text.PB_LCD_Set_As_Input)
    PB_LCD_Set_As_Output                     0x080011e1   Thumb Code    68  pb_lcd_drivers.o(.text.PB_LCD_Set_As_Output)
    PB_LCD_Write                             0x08001225   Thumb Code   108  pb_lcd_drivers.o(.text.PB_LCD_Write)
    PB_LCD_WriteString                       0x08001291   Thumb Code    52  pb_lcd_drivers.o(.text.PB_LCD_WriteString)
    RMSAverage                               0x080012c5   Thumb Code    56  math_functions.o(.text.RMSAverage)
    SysTick_Handler                          0x08001321   Thumb Code    16  timer_functions.o(.text.SysTick_Handler)
    SystemCoreClockUpdate                    0x08001331   Thumb Code   126  system_stm32f4xx.o(.text.SystemCoreClockUpdate)
    SystemInit                               0x080013b1   Thumb Code    18  system_stm32f4xx.o(.text.SystemInit)
    initADC                                  0x080013f5   Thumb Code   110  multimeter_functions.o(.text.initADC)
    initButton                               0x08001465   Thumb Code    82  led_pb_functions.o(.text.initButton)
    initDAC                                  0x080014b9   Thumb Code    32  multimeter_functions.o(.text.initDAC)
    initDigitalPins                          0x080014d9   Thumb Code    90  digital_functions.o(.text.initDigitalPins)
    initLEDs                                 0x08001535   Thumb Code    36  led_pb_functions.o(.text.initLEDs)
    initPinSelect                            0x08001559   Thumb Code    36  multimeter_functions.o(.text.initPinSelect)
    initTimer                                0x0800157d   Thumb Code    88  timer_functions.o(.text.initTimer)
    main                                     0x080015d5   Thumb Code    84  main.o(.text.main)
    map                                      0x08001629   Thumb Code    26  math_functions.o(.text.map)
    setHigh                                  0x08001645   Thumb Code    14  digital_functions.o(.text.setHigh)
    setLow                                   0x08001655   Thumb Code    16  digital_functions.o(.text.setLow)
    switchMode                               0x08001665   Thumb Code    72  multimeter_functions.o(.text.switchMode)
    waitForADCAndRead                        0x080016ad   Thumb Code    38  multimeter_functions.o(.text.waitForADCAndRead)
    waitInterval                             0x080016d5   Thumb Code    22  timer_functions.o(.text.waitInterval)
    _btod_d2e                                0x080016eb   Thumb Code    62  btod.o(CL$$btod_d2e)
    _d2e_denorm_low                          0x08001729   Thumb Code    70  btod.o(CL$$btod_d2e_denorm_low)
    _d2e_norm_op1                            0x0800176f   Thumb Code    96  btod.o(CL$$btod_d2e_norm_op1)
    __btod_div_common                        0x080017d1   Thumb Code   696  btod.o(CL$$btod_div_common)
    _e2e                                     0x08001b09   Thumb Code   220  btod.o(CL$$btod_e2e)
    _btod_ediv                               0x08001be5   Thumb Code    42  btod.o(CL$$btod_ediv)
    _btod_emul                               0x08001c0f   Thumb Code    42  btod.o(CL$$btod_emul)
    __btod_mult_common                       0x08001c39   Thumb Code   580  btod.o(CL$$btod_mult_common)
    __ARM_fpclassify                         0x08001e7d   Thumb Code    48  fpclassify.o(i.__ARM_fpclassify)
    __hardfp_sqrt                            0x08001ead   Thumb Code   122  sqrt.o(i.__hardfp_sqrt)
    _is_digit                                0x08001f27   Thumb Code    14  __printf_wp.o(i._is_digit)
    _get_lc_numeric                          0x08001f35   Thumb Code    44  lc_numeric_c.o(locale$$code)
    __aeabi_d2f                              0x08001f61   Thumb Code     0  d2f.o(x$fpl$d2f)
    _d2f                                     0x08001f61   Thumb Code    98  d2f.o(x$fpl$d2f)
    __aeabi_dadd                             0x08001fc5   Thumb Code     0  daddsub_clz.o(x$fpl$dadd)
    _dadd                                    0x08001fc5   Thumb Code   332  daddsub_clz.o(x$fpl$dadd)
    __aeabi_ddiv                             0x08002115   Thumb Code     0  ddiv.o(x$fpl$ddiv)
    _ddiv                                    0x08002115   Thumb Code   556  ddiv.o(x$fpl$ddiv)
    __aeabi_i2d                              0x080023c9   Thumb Code     0  dflt_clz.o(x$fpl$dflt)
    _dflt                                    0x080023c9   Thumb Code    46  dflt_clz.o(x$fpl$dflt)
    __aeabi_ui2d                             0x080023f7   Thumb Code     0  dflt_clz.o(x$fpl$dfltu)
    _dfltu                                   0x080023f7   Thumb Code    38  dflt_clz.o(x$fpl$dfltu)
    __aeabi_dmul                             0x0800241d   Thumb Code     0  dmul.o(x$fpl$dmul)
    _dmul                                    0x0800241d   Thumb Code   332  dmul.o(x$fpl$dmul)
    __fpl_dnaninf                            0x08002571   Thumb Code   156  dnaninf.o(x$fpl$dnaninf)
    __fpl_dretinf                            0x0800260d   Thumb Code    12  dretinf.o(x$fpl$dretinf)
    _dsqrt                                   0x08002619   Thumb Code   404  dsqrt_umaal.o(x$fpl$dsqrt)
    __aeabi_dsub                             0x080027b1   Thumb Code     0  daddsub_clz.o(x$fpl$dsub)
    _dsub                                    0x080027b1   Thumb Code   472  daddsub_clz.o(x$fpl$dsub)
    __aeabi_f2d                              0x0800298d   Thumb Code     0  f2d.o(x$fpl$f2d)
    _f2d                                     0x0800298d   Thumb Code    86  f2d.o(x$fpl$f2d)
    __fpl_fnaninf                            0x080029e3   Thumb Code   140  fnaninf.o(x$fpl$fnaninf)
    _fp_init                                 0x08002a6f   Thumb Code    26  fpinit.o(x$fpl$fpinit)
    __fplib_config_fpu_vfp                   0x08002a87   Thumb Code     0  fpinit.o(x$fpl$fpinit)
    __fplib_config_pureend_doubles           0x08002a87   Thumb Code     0  fpinit.o(x$fpl$fpinit)
    __fpl_fretinf                            0x08002a89   Thumb Code    10  fretinf.o(x$fpl$fretinf)
    _printf_fp_dec                           0x08002a93   Thumb Code     4  printf1.o(x$fpl$printf1)
    __I$use$fp                               0x08002a96   Number         0  usenofp.o(x$fpl$usenofp)
    AHBPrescTable                            0x08002b2c   Data          16  system_stm32f4xx.o(.rodata.AHBPrescTable)
    Region$$Table$$Base                      0x08002b3c   Number         0  anon$$obj.o(Region$$Table)
    Region$$Table$$Limit                     0x08002b5c   Number         0  anon$$obj.o(Region$$Table)
    SystemCoreClock                          0x20000000   Data           4  system_stm32f4xx.o(.data.SystemCoreClock)
    __libspace_start                         0x20000008   Data          96  libspace.o(.bss)
    ADCconv                                  0x20000068   Data           4  multimeter_functions.o(.bss.ADCconv)
    __temporary_stack_top$libspace           0x20000068   Data           0  libspace.o(.bss)
    ourTick                                  0x20000070   Data           4  timer_functions.o(.bss.ourTick)
    read_mode                                0x20000074   Data           4  multimeter_functions.o(.bss.read_mode)



==============================================================================

Memory Map of the image

  Image Entry point : 0x08000189

  Load Region LR_IROM1 (Base: 0x08000000, Size: 0x00002b80, Max: 0x00100000, ABSOLUTE)

    Execution Region ER_IROM1 (Exec base: 0x08000000, Load base: 0x08000000, Size: 0x00002b78, Max: 0x00100000, ABSOLUTE)

    Exec Addr    Load Addr    Size         Type   Attr      Idx    E Section Name        Object

    0x08000000   0x08000000   0x00000188   Data   RO          460    RESET               startup_stm32f407xx.o
    0x08000188   0x08000188   0x00000008   Code   RO          585  * !!!main             c_w.l(__main.o)
    0x08000190   0x08000190   0x00000034   Code   RO          990    !!!scatter          c_w.l(__scatter.o)
    0x080001c4   0x080001c4   0x0000001a   Code   RO          992    !!handler_copy      c_w.l(__scatter_copy.o)
    0x080001de   0x080001de   0x00000002   PAD
    0x080001e0   0x080001e0   0x0000001c   Code   RO          994    !!handler_zi        c_w.l(__scatter_zi.o)
    0x080001fc   0x080001fc   0x00000000   Code   RO          582    .ARM.Collect$$_printf_percent$$00000000  c_w.l(_printf_percent.o)
    0x080001fc   0x080001fc   0x00000006   Code   RO          581    .ARM.Collect$$_printf_percent$$00000003  c_w.l(_printf_f.o)
    0x08000202   0x08000202   0x00000004   Code   RO          663    .ARM.Collect$$_printf_percent$$00000017  c_w.l(_printf_percent_end.o)
    0x08000206   0x08000206   0x00000002   Code   RO          891    .ARM.Collect$$libinit$$00000000  c_w.l(libinit.o)
    0x08000208   0x08000208   0x00000004   Code   RO          674    .ARM.Collect$$libinit$$00000001  c_w.l(libinit2.o)
    0x0800020c   0x0800020c   0x00000000   Code   RO          677    .ARM.Collect$$libinit$$00000004  c_w.l(libinit2.o)
    0x0800020c   0x0800020c   0x00000008   Code   RO          678    .ARM.Collect$$libinit$$00000005  c_w.l(libinit2.o)
    0x08000214   0x08000214   0x00000000   Code   RO          680    .ARM.Collect$$libinit$$0000000A  c_w.l(libinit2.o)
    0x08000214   0x08000214   0x00000000   Code   RO          682    .ARM.Collect$$libinit$$0000000C  c_w.l(libinit2.o)
    0x08000214   0x08000214   0x00000000   Code   RO          684    .ARM.Collect$$libinit$$0000000E  c_w.l(libinit2.o)
    0x08000214   0x08000214   0x00000006   Code   RO          685    .ARM.Collect$$libinit$$0000000F  c_w.l(libinit2.o)
    0x0800021a   0x0800021a   0x00000000   Code   RO          687    .ARM.Collect$$libinit$$00000011  c_w.l(libinit2.o)
    0x0800021a   0x0800021a   0x00000000   Code   RO          689    .ARM.Collect$$libinit$$00000013  c_w.l(libinit2.o)
    0x0800021a   0x0800021a   0x00000000   Code   RO          691    .ARM.Collect$$libinit$$00000015  c_w.l(libinit2.o)
    0x0800021a   0x0800021a   0x0000000a   Code   RO          692    .ARM.Collect$$libinit$$00000016  c_w.l(libinit2.o)
    0x08000224   0x08000224   0x00000000   Code   RO          693    .ARM.Collect$$libinit$$00000017  c_w.l(libinit2.o)
    0x08000224   0x08000224   0x00000000   Code   RO          695    .ARM.Collect$$libinit$$00000019  c_w.l(libinit2.o)
    0x08000224   0x08000224   0x00000000   Code   RO          697    .ARM.Collect$$libinit$$0000001B  c_w.l(libinit2.o)
    0x08000224   0x08000224   0x00000000   Code   RO          699    .ARM.Collect$$libinit$$0000001D  c_w.l(libinit2.o)
    0x08000224   0x08000224   0x00000000   Code   RO          701    .ARM.Collect$$libinit$$0000001F  c_w.l(libinit2.o)
    0x08000224   0x08000224   0x00000000   Code   RO          703    .ARM.Collect$$libinit$$00000021  c_w.l(libinit2.o)
    0x08000224   0x08000224   0x00000000   Code   RO          705    .ARM.Collect$$libinit$$00000023  c_w.l(libinit2.o)
    0x08000224   0x08000224   0x00000000   Code   RO          707    .ARM.Collect$$libinit$$00000025  c_w.l(libinit2.o)
    0x08000224   0x08000224   0x00000000   Code   RO          711    .ARM.Collect$$libinit$$0000002C  c_w.l(libinit2.o)
    0x08000224   0x08000224   0x00000000   Code   RO          713    .ARM.Collect$$libinit$$0000002E  c_w.l(libinit2.o)
    0x08000224   0x08000224   0x00000000   Code   RO          715    .ARM.Collect$$libinit$$00000030  c_w.l(libinit2.o)
    0x08000224   0x08000224   0x00000000   Code   RO          717    .ARM.Collect$$libinit$$00000032  c_w.l(libinit2.o)
    0x08000224   0x08000224   0x00000002   Code   RO          718    .ARM.Collect$$libinit$$00000033  c_w.l(libinit2.o)
    0x08000226   0x08000226   0x00000002   Code   RO          987    .ARM.Collect$$libshutdown$$00000000  c_w.l(libshutdown.o)
    0x08000228   0x08000228   0x00000000   Code   RO          893    .ARM.Collect$$libshutdown$$00000002  c_w.l(libshutdown2.o)
    0x08000228   0x08000228   0x00000000   Code   RO          895    .ARM.Collect$$libshutdown$$00000004  c_w.l(libshutdown2.o)
    0x08000228   0x08000228   0x00000000   Code   RO          898    .ARM.Collect$$libshutdown$$00000007  c_w.l(libshutdown2.o)
    0x08000228   0x08000228   0x00000000   Code   RO          901    .ARM.Collect$$libshutdown$$0000000A  c_w.l(libshutdown2.o)
    0x08000228   0x08000228   0x00000000   Code   RO          903    .ARM.Collect$$libshutdown$$0000000C  c_w.l(libshutdown2.o)
    0x08000228   0x08000228   0x00000000   Code   RO          906    .ARM.Collect$$libshutdown$$0000000F  c_w.l(libshutdown2.o)
    0x08000228   0x08000228   0x00000002   Code   RO          907    .ARM.Collect$$libshutdown$$00000010  c_w.l(libshutdown2.o)
    0x0800022a   0x0800022a   0x00000000   Code   RO          619    .ARM.Collect$$rtentry$$00000000  c_w.l(__rtentry.o)
    0x0800022a   0x0800022a   0x00000000   Code   RO          738    .ARM.Collect$$rtentry$$00000002  c_w.l(__rtentry2.o)
    0x0800022a   0x0800022a   0x00000006   Code   RO          750    .ARM.Collect$$rtentry$$00000004  c_w.l(__rtentry4.o)
    0x08000230   0x08000230   0x00000000   Code   RO          740    .ARM.Collect$$rtentry$$00000009  c_w.l(__rtentry2.o)
    0x08000230   0x08000230   0x00000004   Code   RO          741    .ARM.Collect$$rtentry$$0000000A  c_w.l(__rtentry2.o)
    0x08000234   0x08000234   0x00000000   Code   RO          743    .ARM.Collect$$rtentry$$0000000C  c_w.l(__rtentry2.o)
    0x08000234   0x08000234   0x00000008   Code   RO          744    .ARM.Collect$$rtentry$$0000000D  c_w.l(__rtentry2.o)
    0x0800023c   0x0800023c   0x00000002   Code   RO          918    .ARM.Collect$$rtexit$$00000000  c_w.l(rtexit.o)
    0x0800023e   0x0800023e   0x00000000   Code   RO          951    .ARM.Collect$$rtexit$$00000002  c_w.l(rtexit2.o)
    0x0800023e   0x0800023e   0x00000004   Code   RO          952    .ARM.Collect$$rtexit$$00000003  c_w.l(rtexit2.o)
    0x08000242   0x08000242   0x00000006   Code   RO          953    .ARM.Collect$$rtexit$$00000004  c_w.l(rtexit2.o)
    0x08000248   0x08000248   0x00000040   Code   RO          461    .text               startup_stm32f407xx.o
    0x08000288   0x08000288   0x0000005e   Code   RO          488    .text               c_w.l(h1_alloc.o)
    0x080002e6   0x080002e6   0x0000004e   Code   RO          490    .text               c_w.l(h1_free.o)
    0x08000334   0x08000334   0x00000034   Code   RO          554    .text               c_w.l(noretval__2snprintf.o)
    0x08000368   0x08000368   0x0000010e   Code   RO          568    .text               c_w.l(__printf_wp.o)
    0x08000476   0x08000476   0x00000006   Code   RO          583    .text               c_w.l(heapauxi.o)
    0x0800047c   0x0800047c   0x00000008   Code   RO          627    .text               c_w.l(rt_heap_descriptor_intlibspace.o)
    0x08000484   0x08000484   0x00000004   Code   RO          629    .text               c_w.l(hguard.o)
    0x08000488   0x08000488   0x0000008a   Code   RO          631    .text               c_w.l(init_alloc.o)
    0x08000512   0x08000512   0x0000000e   Code   RO          635    .text               c_w.l(h1_init.o)
    0x08000520   0x08000520   0x00000016   Code   RO          647    .text               c_w.l(_rserrno.o)
    0x08000536   0x08000536   0x0000041c   Code   RO          651    .text               c_w.l(_printf_fp_dec.o)
    0x08000952   0x08000952   0x00000002   PAD
    0x08000954   0x08000954   0x00000030   Code   RO          655    .text               c_w.l(_printf_char_common.o)
    0x08000984   0x08000984   0x0000000a   Code   RO          657    .text               c_w.l(_sputc.o)
    0x0800098e   0x0800098e   0x00000010   Code   RO          659    .text               c_w.l(_snputc.o)
    0x0800099e   0x0800099e   0x00000002   PAD
    0x080009a0   0x080009a0   0x00000008   Code   RO          734    .text               c_w.l(libspace.o)
    0x080009a8   0x080009a8   0x00000008   Code   RO          757    .text               c_w.l(rt_locale_intlibspace.o)
    0x080009b0   0x080009b0   0x00000008   Code   RO          762    .text               c_w.l(rt_errno_addr_intlibspace.o)
    0x080009b8   0x080009b8   0x00000000   Code   RO          766    .text               c_w.l(maybetermalloc1.o)
    0x080009b8   0x080009b8   0x00000034   Code   RO          768    .text               c_w.l(h1_extend.o)
    0x080009ec   0x080009ec   0x0000008a   Code   RO          772    .text               c_w.l(lludiv10.o)
    0x08000a76   0x08000a76   0x00000002   PAD
    0x08000a78   0x08000a78   0x00000080   Code   RO          774    .text               c_w.l(_printf_fp_infnan.o)
    0x08000af8   0x08000af8   0x000000e4   Code   RO          778    .text               c_w.l(bigflt0.o)
    0x08000bdc   0x08000bdc   0x0000000e   Code   RO          822    .text               c_w.l(defsig_rtmem_outer.o)
    0x08000bea   0x08000bea   0x00000002   Code   RO          840    .text               c_w.l(use_no_semi.o)
    0x08000bec   0x08000bec   0x00000000   Code   RO          842    .text               c_w.l(indicate_semi.o)
    0x08000bec   0x08000bec   0x0000004a   Code   RO          843    .text               c_w.l(sys_stackheap_outer.o)
    0x08000c36   0x08000c36   0x00000012   Code   RO          864    .text               c_w.l(exit.o)
    0x08000c48   0x08000c48   0x0000000a   Code   RO          866    .text               c_w.l(defsig_exit.o)
    0x08000c52   0x08000c52   0x00000002   PAD
    0x08000c54   0x08000c54   0x00000050   Code   RO          876    .text               c_w.l(defsig_rtmem_inner.o)
    0x08000ca4   0x08000ca4   0x00000004   PAD
    0x08000ca8   0x08000ca8   0x0000007c   Code   RO          880    .text               c_w.l(strcmpv7em.o)
    0x08000d24   0x08000d24   0x0000000c   Code   RO          912    .text               c_w.l(sys_exit.o)
    0x08000d30   0x08000d30   0x00000032   Code   RO          938    .text               c_w.l(defsig_general.o)
    0x08000d62   0x08000d62   0x0000000e   Code   RO          946    .text               c_w.l(sys_wrch.o)
    0x08000d70   0x08000d70   0x00000060   Code   RO           82    .text.ACVoltage     multimeter_functions.o
    0x08000dd0   0x08000dd0   0x00000058   Code   RO           80    .text.DCVoltage     multimeter_functions.o
    0x08000e28   0x08000e28   0x00000032   Code   RO           53    .text.EXTI0_IRQHandler  led_pb_functions.o
    0x08000e5a   0x08000e5a   0x00000002   PAD
    0x08000e5c   0x08000e5c   0x0000002c   Code   RO          149    .text.MeanAverage   math_functions.o
    0x08000e88   0x08000e88   0x0000010c   Code   RO           78    .text.OutputValue   multimeter_functions.o
    0x08000f94   0x08000f94   0x00000016   Code   RO           29    .text.PB_LCD_Clear  pb_lcd_drivers.o
    0x08000faa   0x08000faa   0x00000002   PAD
    0x08000fac   0x08000fac   0x00000036   Code   RO           31    .text.PB_LCD_GoToXY  pb_lcd_drivers.o
    0x08000fe2   0x08000fe2   0x00000002   PAD
    0x08000fe4   0x08000fe4   0x00000104   Code   RO           27    .text.PB_LCD_Init   pb_lcd_drivers.o
    0x080010e8   0x080010e8   0x00000086   Code   RO           23    .text.PB_LCD_IsBusy  pb_lcd_drivers.o
    0x0800116e   0x0800116e   0x00000002   PAD
    0x08001170   0x08001170   0x0000004c   Code   RO           21    .text.PB_LCD_Microdelay  pb_lcd_drivers.o
    0x080011bc   0x080011bc   0x00000022   Code   RO           19    .text.PB_LCD_Set_As_Input  pb_lcd_drivers.o
    0x080011de   0x080011de   0x00000002   PAD
    0x080011e0   0x080011e0   0x00000044   Code   RO           17    .text.PB_LCD_Set_As_Output  pb_lcd_drivers.o
    0x08001224   0x08001224   0x0000006c   Code   RO           25    .text.PB_LCD_Write  pb_lcd_drivers.o
    0x08001290   0x08001290   0x00000034   Code   RO           35    .text.PB_LCD_WriteString  pb_lcd_drivers.o
    0x080012c4   0x080012c4   0x00000038   Code   RO          147    .text.RMSAverage    math_functions.o
    0x080012fc   0x080012fc   0x00000024   Code   RO            4    .text.SysTick_Config  main.o
    0x08001320   0x08001320   0x00000010   Code   RO           96    .text.SysTick_Handler  timer_functions.o
    0x08001330   0x08001330   0x0000007e   Code   RO          470    .text.SystemCoreClockUpdate  system_stm32f4xx.o
    0x080013ae   0x080013ae   0x00000002   PAD
    0x080013b0   0x080013b0   0x00000012   Code   RO          468    .text.SystemInit    system_stm32f4xx.o
    0x080013c2   0x080013c2   0x00000002   PAD
    0x080013c4   0x080013c4   0x0000000e   Code   RO           49    .text.__NVIC_EnableIRQ  led_pb_functions.o
    0x080013d2   0x080013d2   0x00000002   PAD
    0x080013d4   0x080013d4   0x0000000e   Code   RO            6    .text.__NVIC_SetPriority  main.o
    0x080013e2   0x080013e2   0x00000002   PAD
    0x080013e4   0x080013e4   0x0000000e   Code   RO           51    .text.__NVIC_SetPriority  led_pb_functions.o
    0x080013f2   0x080013f2   0x00000002   PAD
    0x080013f4   0x080013f4   0x0000006e   Code   RO           70    .text.initADC       multimeter_functions.o
    0x08001462   0x08001462   0x00000002   PAD
    0x08001464   0x08001464   0x00000052   Code   RO           47    .text.initButton    led_pb_functions.o
    0x080014b6   0x080014b6   0x00000002   PAD
    0x080014b8   0x080014b8   0x00000020   Code   RO           72    .text.initDAC       multimeter_functions.o
    0x080014d8   0x080014d8   0x0000005a   Code   RO          131    .text.initDigitalPins  digital_functions.o
    0x08001532   0x08001532   0x00000002   PAD
    0x08001534   0x08001534   0x00000024   Code   RO           45    .text.initLEDs      led_pb_functions.o
    0x08001558   0x08001558   0x00000024   Code   RO           74    .text.initPinSelect  multimeter_functions.o
    0x0800157c   0x0800157c   0x00000058   Code   RO          100    .text.initTimer     timer_functions.o
    0x080015d4   0x080015d4   0x00000054   Code   RO            2    .text.main          main.o
    0x08001628   0x08001628   0x0000001a   Code   RO          145    .text.map           math_functions.o
    0x08001642   0x08001642   0x00000002   PAD
    0x08001644   0x08001644   0x0000000e   Code   RO          133    .text.setHigh       digital_functions.o
    0x08001652   0x08001652   0x00000002   PAD
    0x08001654   0x08001654   0x00000010   Code   RO          135    .text.setLow        digital_functions.o
    0x08001664   0x08001664   0x00000048   Code   RO           84    .text.switchMode    multimeter_functions.o
    0x080016ac   0x080016ac   0x00000026   Code   RO           76    .text.waitForADCAndRead  multimeter_functions.o
    0x080016d2   0x080016d2   0x00000002   PAD
    0x080016d4   0x080016d4   0x00000016   Code   RO           98    .text.waitInterval  timer_functions.o
    0x080016ea   0x080016ea   0x0000003e   Code   RO          781    CL$$btod_d2e        c_w.l(btod.o)
    0x08001728   0x08001728   0x00000046   Code   RO          783    CL$$btod_d2e_denorm_low  c_w.l(btod.o)
    0x0800176e   0x0800176e   0x00000060   Code   RO          782    CL$$btod_d2e_norm_op1  c_w.l(btod.o)
    0x080017ce   0x080017ce   0x00000002   PAD
    0x080017d0   0x080017d0   0x00000338   Code   RO          791    CL$$btod_div_common  c_w.l(btod.o)
    0x08001b08   0x08001b08   0x000000dc   Code   RO          788    CL$$btod_e2e        c_w.l(btod.o)
    0x08001be4   0x08001be4   0x0000002a   Code   RO          785    CL$$btod_ediv       c_w.l(btod.o)
    0x08001c0e   0x08001c0e   0x0000002a   Code   RO          784    CL$$btod_emul       c_w.l(btod.o)
    0x08001c38   0x08001c38   0x00000244   Code   RO          790    CL$$btod_mult_common  c_w.l(btod.o)
    0x08001e7c   0x08001e7c   0x00000030   Code   RO          835    i.__ARM_fpclassify  m_wm.l(fpclassify.o)
    0x08001eac   0x08001eac   0x0000007a   Code   RO          611    i.__hardfp_sqrt     m_wm.l(sqrt.o)
    0x08001f26   0x08001f26   0x0000000e   Code   RO          570    i._is_digit         c_w.l(__printf_wp.o)
    0x08001f34   0x08001f34   0x0000002c   Code   RO          820    locale$$code        c_w.l(lc_numeric_c.o)
    0x08001f60   0x08001f60   0x00000062   Code   RO          587    x$fpl$d2f           fz_wm.l(d2f.o)
    0x08001fc2   0x08001fc2   0x00000002   PAD
    0x08001fc4   0x08001fc4   0x00000150   Code   RO          589    x$fpl$dadd          fz_wm.l(daddsub_clz.o)
    0x08002114   0x08002114   0x000002b4   Code   RO          596    x$fpl$ddiv          fz_wm.l(ddiv.o)
    0x080023c8   0x080023c8   0x0000002e   Code   RO          600    x$fpl$dflt          fz_wm.l(dflt_clz.o)
    0x080023f6   0x080023f6   0x00000026   Code   RO          599    x$fpl$dfltu         fz_wm.l(dflt_clz.o)
    0x0800241c   0x0800241c   0x00000154   Code   RO          605    x$fpl$dmul          fz_wm.l(dmul.o)
    0x08002570   0x08002570   0x0000009c   Code   RO          719    x$fpl$dnaninf       fz_wm.l(dnaninf.o)
    0x0800260c   0x0800260c   0x0000000c   Code   RO          721    x$fpl$dretinf       fz_wm.l(dretinf.o)
    0x08002618   0x08002618   0x00000198   Code   RO          723    x$fpl$dsqrt         fz_wm.l(dsqrt_umaal.o)
    0x080027b0   0x080027b0   0x000001dc   Code   RO          591    x$fpl$dsub          fz_wm.l(daddsub_clz.o)
    0x0800298c   0x0800298c   0x00000056   Code   RO          607    x$fpl$f2d           fz_wm.l(f2d.o)
    0x080029e2   0x080029e2   0x0000008c   Code   RO          725    x$fpl$fnaninf       fz_wm.l(fnaninf.o)
    0x08002a6e   0x08002a6e   0x0000001a   Code   RO          831    x$fpl$fpinit        fz_wm.l(fpinit.o)
    0x08002a88   0x08002a88   0x0000000a   Code   RO          727    x$fpl$fretinf       fz_wm.l(fretinf.o)
    0x08002a92   0x08002a92   0x00000004   Code   RO          609    x$fpl$printf1       fz_wm.l(printf1.o)
    0x08002a96   0x08002a96   0x00000000   Code   RO          729    x$fpl$usenofp       fz_wm.l(usenofp.o)
    0x08002a96   0x08002a96   0x00000002   PAD
    0x08002a98   0x08002a98   0x00000094   Data   RO          779    .constdata          c_w.l(bigflt0.o)
    0x08002b2c   0x08002b2c   0x00000010   Data   RO          473    .rodata.AHBPrescTable  system_stm32f4xx.o
    0x08002b3c   0x08002b3c   0x00000020   Data   RO          989    Region$$Table       anon$$obj.o
    0x08002b5c   0x08002b5c   0x0000001c   Data   RO          819    locale$$data        c_w.l(lc_numeric_c.o)


    Execution Region RW_IRAM1 (Exec base: 0x20000000, Load base: 0x08002b78, Size: 0x00000678, Max: 0x00020000, ABSOLUTE)

    Exec Addr    Load Addr    Size         Type   Attr      Idx    E Section Name        Object

    0x20000000   0x08002b78   0x00000004   Data   RW          472    .data.SystemCoreClock  system_stm32f4xx.o
    0x20000004   0x08002b7c   0x00000004   PAD
    0x20000008        -       0x00000060   Zero   RW          735    .bss                c_w.l(libspace.o)
    0x20000068        -       0x00000004   Zero   RW           86    .bss.ADCconv        multimeter_functions.o
    0x2000006c        -       0x00000004   Zero   RW           61    .bss.debounce_counter  led_pb_functions.o
    0x20000070        -       0x00000004   Zero   RW          104    .bss.ourTick        timer_functions.o
    0x20000074        -       0x00000004   Zero   RW           87    .bss.read_mode      multimeter_functions.o
    0x20000078        -       0x00000200   Zero   RW          459    HEAP                startup_stm32f407xx.o
    0x20000278        -       0x00000400   Zero   RW          458    STACK               startup_stm32f407xx.o


==============================================================================

Image component sizes


      Code (inc. data)   RO Data    RW Data    ZI Data      Debug   Object Name

       120          0          0          0          0       2043   digital_functions.o
       196          0          0          0          4       5655   led_pb_functions.o
       134          0          0          0          0       4126   main.o
       126          0          0          0          0       1149   math_functions.o
       740        104          0          0          8       3716   multimeter_functions.o
       808          4          0          0          0       4533   pb_lcd_drivers.o
        64         26        392          0       1536        872   startup_stm32f407xx.o
       144          0         16          4          0       2712   system_stm32f4xx.o
       126          0          0          0          4       2502   timer_functions.o

    ----------------------------------------------------------------------
      2490        134        440          4       1556      27308   Object Totals
         0          0         32          0          0          0   (incl. Generated)
        32          0          0          0          4          0   (incl. Padding)

    ----------------------------------------------------------------------

      Code (inc. data)   RO Data    RW Data    ZI Data      Debug   Library Member Name

         8          0          0          0          0         68   __main.o
       284          0          0          0          0        156   __printf_wp.o
         0          0          0          0          0          0   __rtentry.o
        12          0          0          0          0          0   __rtentry2.o
         6          0          0          0          0          0   __rtentry4.o
        52          8          0          0          0          0   __scatter.o
        26          0          0          0          0          0   __scatter_copy.o
        28          0          0          0          0          0   __scatter_zi.o
        48          6          0          0          0         96   _printf_char_common.o
         6          0          0          0          0          0   _printf_f.o
      1052          0          0          0          0        148   _printf_fp_dec.o
       128         16          0          0          0         84   _printf_fp_infnan.o
         0          0          0          0          0          0   _printf_percent.o
         4          0          0          0          0          0   _printf_percent_end.o
        22          0          0          0          0        100   _rserrno.o
        16          0          0          0          0         68   _snputc.o
        10          0          0          0          0         68   _sputc.o
       228          4        148          0          0         96   bigflt0.o
      1936        128          0          0          0        668   btod.o
        10          0          0          0          0         68   defsig_exit.o
        50          0          0          0          0         88   defsig_general.o
        80         58          0          0          0         76   defsig_rtmem_inner.o
        14          0          0          0          0         80   defsig_rtmem_outer.o
        18          0          0          0          0         80   exit.o
        94          0          0          0          0         80   h1_alloc.o
        52          0          0          0          0         68   h1_extend.o
        78          0          0          0          0         80   h1_free.o
        14          0          0          0          0         84   h1_init.o
         6          0          0          0          0        152   heapauxi.o
         4          0          0          0          0        136   hguard.o
         0          0          0          0          0          0   indicate_semi.o
       138          0          0          0          0        168   init_alloc.o
        44         10         28          0          0         76   lc_numeric_c.o
         2          0          0          0          0          0   libinit.o
        30          0          0          0          0          0   libinit2.o
         2          0          0          0          0          0   libshutdown.o
         2          0          0          0          0          0   libshutdown2.o
         8          4          0          0         96         68   libspace.o
       138          0          0          0          0         80   lludiv10.o
         0          0          0          0          0          0   maybetermalloc1.o
        52          4          0          0          0         84   noretval__2snprintf.o
         8          4          0          0          0         68   rt_errno_addr_intlibspace.o
         8          4          0          0          0         68   rt_heap_descriptor_intlibspace.o
         8          4          0          0          0         68   rt_locale_intlibspace.o
         2          0          0          0          0          0   rtexit.o
        10          0          0          0          0          0   rtexit2.o
       124          0          0          0          0         88   strcmpv7em.o
        12          4          0          0          0         68   sys_exit.o
        74          0          0          0          0         80   sys_stackheap_outer.o
        14          0          0          0          0         76   sys_wrch.o
         2          0          0          0          0         68   use_no_semi.o
        98          4          0          0          0        140   d2f.o
       812         16          0          0          0        392   daddsub_clz.o
       692        140          0          0          0        264   ddiv.o
        84          0          0          0          0        232   dflt_clz.o
       340         12          0          0          0        152   dmul.o
       156          4          0          0          0        140   dnaninf.o
        12          0          0          0          0        116   dretinf.o
       408         56          0          0          0        168   dsqrt_umaal.o
        86          4          0          0          0        132   f2d.o
       140          4          0          0          0        132   fnaninf.o
        26          0          0          0          0        116   fpinit.o
        10          0          0          0          0        116   fretinf.o
         4          0          0          0          0        116   printf1.o
         0          0          0          0          0          0   usenofp.o
        48          0          0          0          0        124   fpclassify.o
       122          0          0          0          0        148   sqrt.o

    ----------------------------------------------------------------------
      8022        498        176          0         96       6092   Library Totals
        20          4          0          0          0          0   (incl. Padding)

    ----------------------------------------------------------------------

      Code (inc. data)   RO Data    RW Data    ZI Data      Debug   Library Name

      4964        254        176          0         96       3604   c_w.l
      2868        240          0          0          0       2216   fz_wm.l
       170          0          0          0          0        272   m_wm.l

    ----------------------------------------------------------------------
      8022        498        176          0         96       6092   Library Totals

    ----------------------------------------------------------------------

==============================================================================


      Code (inc. data)   RO Data    RW Data    ZI Data      Debug   

     10512        632        616          4       1652      29732   Grand Totals
     10512        632        616          4       1652      29732   ELF Image Totals
     10512        632        616          4          0          0   ROM Totals

==============================================================================

    Total RO  Size (Code + RO Data)                11128 (  10.87kB)
    Total RW  Size (RW Data + ZI Data)              1656 (   1.62kB)
    Total ROM Size (Code + RO Data + RW Data)      11132 (  10.87kB)

==============================================================================

